<?xml version="1.0" encoding="ISO-8859-1" ?>
<link_info>
   <banner>TI ARM Linker PC v18.1.2.LTS</banner>
   <copyright>Copyright (c) 1996-2017 Texas Instruments Incorporated</copyright>
   <link_time>0x5c8abb67</link_time>
   <link_errors>0x0</link_errors>
   <output_file>ece3849_lab0_starter.out</output_file>
   <entry_point>
      <name>_c_int00_noargs</name>
      <address>0x34c5</address>
   </entry_point>
   <input_file_list>
      <input_file id="fl-2">
         <path>.\</path>
         <kind>object</kind>
         <file>Crystalfontz128x128_ST7735.obj</file>
         <name>Crystalfontz128x128_ST7735.obj</name>
      </input_file>
      <input_file id="fl-3">
         <path>.\</path>
         <kind>object</kind>
         <file>HAL_EK_TM4C1294XL_Crystalfontz128x128_ST7735.obj</file>
         <name>HAL_EK_TM4C1294XL_Crystalfontz128x128_ST7735.obj</name>
      </input_file>
      <input_file id="fl-4">
         <path>.\</path>
         <kind>object</kind>
         <file>buttons.obj</file>
         <name>buttons.obj</name>
      </input_file>
      <input_file id="fl-5">
         <path>.\</path>
         <kind>object</kind>
         <file>main.obj</file>
         <name>main.obj</name>
      </input_file>
      <input_file id="fl-6">
         <path>.\</path>
         <kind>object</kind>
         <file>sysctl_pll.obj</file>
         <name>sysctl_pll.obj</name>
      </input_file>
      <input_file id="fl-7">
         <path>.\</path>
         <kind>object</kind>
         <file>tm4c1294ncpdt_startup_ccs.obj</file>
         <name>tm4c1294ncpdt_startup_ccs.obj</name>
      </input_file>
      <input_file id="fl-d">
         <kind>object</kind>
         <file>&lt;internal&gt;</file>
         <name>&lt;internal&gt;</name>
      </input_file>
      <input_file id="fl-c3">
         <path>C:\ti\ccsv8\tools\compiler\ti-cgt-arm_18.1.2.LTS\lib\</path>
         <kind>archive</kind>
         <file>rtsv7M4_T_le_v4SPD16_eabi.lib</file>
         <name>copy_zero_init.c.obj</name>
      </input_file>
      <input_file id="fl-c4">
         <path>C:\ti\ccsv8\tools\compiler\ti-cgt-arm_18.1.2.LTS\lib\</path>
         <kind>archive</kind>
         <file>rtsv7M4_T_le_v4SPD16_eabi.lib</file>
         <name>copy_decompress_none.c.obj</name>
      </input_file>
      <input_file id="fl-c5">
         <path>C:\ti\ccsv8\tools\compiler\ti-cgt-arm_18.1.2.LTS\lib\</path>
         <kind>archive</kind>
         <file>rtsv7M4_T_le_v4SPD16_eabi.lib</file>
         <name>copy_decompress_lzss.c.obj</name>
      </input_file>
      <input_file id="fl-c6">
         <path>C:\ti\ccsv8\tools\compiler\ti-cgt-arm_18.1.2.LTS\lib\</path>
         <kind>archive</kind>
         <file>rtsv7M4_T_le_v4SPD16_eabi.lib</file>
         <name>boot_cortex_m.c.obj</name>
      </input_file>
      <input_file id="fl-c7">
         <path>C:\ti\ccsv8\tools\compiler\ti-cgt-arm_18.1.2.LTS\lib\</path>
         <kind>archive</kind>
         <file>rtsv7M4_T_le_v4SPD16_eabi.lib</file>
         <name>exit.c.obj</name>
      </input_file>
      <input_file id="fl-c8">
         <path>C:\ti\ccsv8\tools\compiler\ti-cgt-arm_18.1.2.LTS\lib\</path>
         <kind>archive</kind>
         <file>rtsv7M4_T_le_v4SPD16_eabi.lib</file>
         <name>_lock.c.obj</name>
      </input_file>
      <input_file id="fl-c9">
         <path>C:\ti\ccsv8\tools\compiler\ti-cgt-arm_18.1.2.LTS\lib\</path>
         <kind>archive</kind>
         <file>rtsv7M4_T_le_v4SPD16_eabi.lib</file>
         <name>args_main.c.obj</name>
      </input_file>
      <input_file id="fl-ca">
         <path>C:\ti\ccsv8\tools\compiler\ti-cgt-arm_18.1.2.LTS\lib\</path>
         <kind>archive</kind>
         <file>rtsv7M4_T_le_v4SPD16_eabi.lib</file>
         <name>snprintf.c.obj</name>
      </input_file>
      <input_file id="fl-cb">
         <path>C:\ti\ccsv8\tools\compiler\ti-cgt-arm_18.1.2.LTS\lib\</path>
         <kind>archive</kind>
         <file>rtsv7M4_T_le_v4SPD16_eabi.lib</file>
         <name>memset_t2.asm.obj</name>
      </input_file>
      <input_file id="fl-cc">
         <path>C:\ti\ccsv8\tools\compiler\ti-cgt-arm_18.1.2.LTS\lib\</path>
         <kind>archive</kind>
         <file>rtsv7M4_T_le_v4SPD16_eabi.lib</file>
         <name>memcpy_t2.asm.obj</name>
      </input_file>
      <input_file id="fl-cd">
         <path>C:\ti\ccsv8\tools\compiler\ti-cgt-arm_18.1.2.LTS\lib\</path>
         <kind>archive</kind>
         <file>rtsv7M4_T_le_v4SPD16_eabi.lib</file>
         <name>autoinit.c.obj</name>
      </input_file>
      <input_file id="fl-ce">
         <path>C:\ti\ccsv8\tools\compiler\ti-cgt-arm_18.1.2.LTS\lib\</path>
         <kind>archive</kind>
         <file>rtsv7M4_T_le_v4SPD16_eabi.lib</file>
         <name>pre_init.c.obj</name>
      </input_file>
      <input_file id="fl-cf">
         <path>C:\ti\ccsv8\tools\compiler\ti-cgt-arm_18.1.2.LTS\lib\</path>
         <kind>archive</kind>
         <file>rtsv7M4_T_le_v4SPD16_eabi.lib</file>
         <name>cpy_tbl.c.obj</name>
      </input_file>
      <input_file id="fl-d0">
         <path>C:\ti\ccsv8\tools\compiler\ti-cgt-arm_18.1.2.LTS\lib\</path>
         <kind>archive</kind>
         <file>rtsv7M4_T_le_v4SPD16_eabi.lib</file>
         <name>_printfi.c.obj</name>
      </input_file>
      <input_file id="fl-d1">
         <path>C:\ti\ccsv8\tools\compiler\ti-cgt-arm_18.1.2.LTS\lib\</path>
         <kind>archive</kind>
         <file>rtsv7M4_T_le_v4SPD16_eabi.lib</file>
         <name>atoi.c.obj</name>
      </input_file>
      <input_file id="fl-d2">
         <path>C:\ti\ccsv8\tools\compiler\ti-cgt-arm_18.1.2.LTS\lib\</path>
         <kind>archive</kind>
         <file>rtsv7M4_T_le_v4SPD16_eabi.lib</file>
         <name>ctype.c.obj</name>
      </input_file>
      <input_file id="fl-d3">
         <path>C:\ti\ccsv8\tools\compiler\ti-cgt-arm_18.1.2.LTS\lib\</path>
         <kind>archive</kind>
         <file>rtsv7M4_T_le_v4SPD16_eabi.lib</file>
         <name>ltoa.c.obj</name>
      </input_file>
      <input_file id="fl-d4">
         <path>C:\ti\ccsv8\tools\compiler\ti-cgt-arm_18.1.2.LTS\lib\</path>
         <kind>archive</kind>
         <file>rtsv7M4_T_le_v4SPD16_eabi.lib</file>
         <name>memccpy.c.obj</name>
      </input_file>
      <input_file id="fl-d5">
         <path>C:\ti\ccsv8\tools\compiler\ti-cgt-arm_18.1.2.LTS\lib\</path>
         <kind>archive</kind>
         <file>rtsv7M4_T_le_v4SPD16_eabi.lib</file>
         <name>strchr.c.obj</name>
      </input_file>
      <input_file id="fl-d6">
         <path>C:\ti\ccsv8\tools\compiler\ti-cgt-arm_18.1.2.LTS\lib\</path>
         <kind>archive</kind>
         <file>rtsv7M4_T_le_v4SPD16_eabi.lib</file>
         <name>strlen.c.obj</name>
      </input_file>
      <input_file id="fl-d7">
         <path>C:\ti\ccsv8\tools\compiler\ti-cgt-arm_18.1.2.LTS\lib\</path>
         <kind>archive</kind>
         <file>rtsv7M4_T_le_v4SPD16_eabi.lib</file>
         <name>s_frexp.c.obj</name>
      </input_file>
      <input_file id="fl-d8">
         <path>C:\ti\ccsv8\tools\compiler\ti-cgt-arm_18.1.2.LTS\lib\</path>
         <kind>archive</kind>
         <file>rtsv7M4_T_le_v4SPD16_eabi.lib</file>
         <name>s_scalbn.c.obj</name>
      </input_file>
      <input_file id="fl-d9">
         <path>C:\ti\ccsv8\tools\compiler\ti-cgt-arm_18.1.2.LTS\lib\</path>
         <kind>archive</kind>
         <file>rtsv7M4_T_le_v4SPD16_eabi.lib</file>
         <name>s_copysign.c.obj</name>
      </input_file>
      <input_file id="fl-da">
         <path>C:\ti\ccsv8\tools\compiler\ti-cgt-arm_18.1.2.LTS\lib\</path>
         <kind>archive</kind>
         <file>rtsv7M4_T_le_v4SPD16_eabi.lib</file>
         <name>wcslen.c.obj</name>
      </input_file>
      <input_file id="fl-db">
         <path>C:\ti\ccsv8\tools\compiler\ti-cgt-arm_18.1.2.LTS\lib\</path>
         <kind>archive</kind>
         <file>rtsv7M4_T_le_v4SPD16_eabi.lib</file>
         <name>fd_add_t2.asm.obj</name>
      </input_file>
      <input_file id="fl-dc">
         <path>C:\ti\ccsv8\tools\compiler\ti-cgt-arm_18.1.2.LTS\lib\</path>
         <kind>archive</kind>
         <file>rtsv7M4_T_le_v4SPD16_eabi.lib</file>
         <name>fd_cmp_t2.asm.obj</name>
      </input_file>
      <input_file id="fl-dd">
         <path>C:\ti\ccsv8\tools\compiler\ti-cgt-arm_18.1.2.LTS\lib\</path>
         <kind>archive</kind>
         <file>rtsv7M4_T_le_v4SPD16_eabi.lib</file>
         <name>fd_div_t2.asm.obj</name>
      </input_file>
      <input_file id="fl-de">
         <path>C:\ti\ccsv8\tools\compiler\ti-cgt-arm_18.1.2.LTS\lib\</path>
         <kind>archive</kind>
         <file>rtsv7M4_T_le_v4SPD16_eabi.lib</file>
         <name>fd_mul_t2.asm.obj</name>
      </input_file>
      <input_file id="fl-df">
         <path>C:\ti\ccsv8\tools\compiler\ti-cgt-arm_18.1.2.LTS\lib\</path>
         <kind>archive</kind>
         <file>rtsv7M4_T_le_v4SPD16_eabi.lib</file>
         <name>fd_toi_t2.asm.obj</name>
      </input_file>
      <input_file id="fl-e0">
         <path>C:\ti\ccsv8\tools\compiler\ti-cgt-arm_18.1.2.LTS\lib\</path>
         <kind>archive</kind>
         <file>rtsv7M4_T_le_v4SPD16_eabi.lib</file>
         <name>i_tofd_t2.asm.obj</name>
      </input_file>
      <input_file id="fl-e1">
         <path>C:\ti\ccsv8\tools\compiler\ti-cgt-arm_18.1.2.LTS\lib\</path>
         <kind>archive</kind>
         <file>rtsv7M4_T_le_v4SPD16_eabi.lib</file>
         <name>ull_div_t2.asm.obj</name>
      </input_file>
      <input_file id="fl-e2">
         <path>C:\ti\ccsv8\tools\compiler\ti-cgt-arm_18.1.2.LTS\lib\</path>
         <kind>archive</kind>
         <file>rtsv7M4_T_le_v4SPD16_eabi.lib</file>
         <name>errno.c.obj</name>
      </input_file>
      <input_file id="fl-e3">
         <path>C:\ti\ccsv8\tools\compiler\ti-cgt-arm_18.1.2.LTS\lib\</path>
         <kind>archive</kind>
         <file>rtsv7M4_T_le_v4SPD16_eabi.lib</file>
         <name>div0.asm.obj</name>
      </input_file>
      <input_file id="fl-e4">
         <path>C:\ti\tirtos_tivac_2_16_00_08\products\TivaWare_C_Series-2.1.1.71b\grlib\ccs\Debug\</path>
         <kind>archive</kind>
         <file>grlib.lib</file>
         <name>context.obj</name>
      </input_file>
      <input_file id="fl-e5">
         <path>C:\ti\tirtos_tivac_2_16_00_08\products\TivaWare_C_Series-2.1.1.71b\grlib\ccs\Debug\</path>
         <kind>archive</kind>
         <file>grlib.lib</file>
         <name>rectangle.obj</name>
      </input_file>
      <input_file id="fl-e6">
         <path>C:\ti\tirtos_tivac_2_16_00_08\products\TivaWare_C_Series-2.1.1.71b\grlib\ccs\Debug\</path>
         <kind>archive</kind>
         <file>grlib.lib</file>
         <name>string.obj</name>
      </input_file>
      <input_file id="fl-e7">
         <path>C:\ti\tirtos_tivac_2_16_00_08\products\TivaWare_C_Series-2.1.1.71b\grlib\ccs\Debug\</path>
         <kind>archive</kind>
         <file>grlib.lib</file>
         <name>fontfixed6x8.obj</name>
      </input_file>
      <input_file id="fl-e8">
         <path>C:\ti\tirtos_tivac_2_16_00_08\products\TivaWare_C_Series-2.1.1.71b\grlib\ccs\Debug\</path>
         <kind>archive</kind>
         <file>grlib.lib</file>
         <name>charmap.obj</name>
      </input_file>
      <input_file id="fl-e9">
         <path>C:\ti\tirtos_tivac_2_16_00_08\products\TivaWare_C_Series-2.1.1.71b\grlib\ccs\Debug\</path>
         <kind>archive</kind>
         <file>grlib.lib</file>
         <name>line.obj</name>
      </input_file>
      <input_file id="fl-ea">
         <path>C:\ti\tirtos_tivac_2_16_00_08\products\TivaWare_C_Series-2.1.1.71b\driverlib\ccs\Debug\</path>
         <kind>archive</kind>
         <file>driverlib.lib</file>
         <name>adc.obj</name>
      </input_file>
      <input_file id="fl-eb">
         <path>C:\ti\tirtos_tivac_2_16_00_08\products\TivaWare_C_Series-2.1.1.71b\driverlib\ccs\Debug\</path>
         <kind>archive</kind>
         <file>driverlib.lib</file>
         <name>fpu.obj</name>
      </input_file>
      <input_file id="fl-ec">
         <path>C:\ti\tirtos_tivac_2_16_00_08\products\TivaWare_C_Series-2.1.1.71b\driverlib\ccs\Debug\</path>
         <kind>archive</kind>
         <file>driverlib.lib</file>
         <name>gpio.obj</name>
      </input_file>
      <input_file id="fl-ed">
         <path>C:\ti\tirtos_tivac_2_16_00_08\products\TivaWare_C_Series-2.1.1.71b\driverlib\ccs\Debug\</path>
         <kind>archive</kind>
         <file>driverlib.lib</file>
         <name>interrupt.obj</name>
      </input_file>
      <input_file id="fl-ee">
         <path>C:\ti\tirtos_tivac_2_16_00_08\products\TivaWare_C_Series-2.1.1.71b\driverlib\ccs\Debug\</path>
         <kind>archive</kind>
         <file>driverlib.lib</file>
         <name>ssi.obj</name>
      </input_file>
      <input_file id="fl-ef">
         <path>C:\ti\tirtos_tivac_2_16_00_08\products\TivaWare_C_Series-2.1.1.71b\driverlib\ccs\Debug\</path>
         <kind>archive</kind>
         <file>driverlib.lib</file>
         <name>sysctl.obj</name>
      </input_file>
      <input_file id="fl-f0">
         <path>C:\ti\tirtos_tivac_2_16_00_08\products\TivaWare_C_Series-2.1.1.71b\driverlib\ccs\Debug\</path>
         <kind>archive</kind>
         <file>driverlib.lib</file>
         <name>timer.obj</name>
      </input_file>
      <input_file id="fl-f1">
         <path>C:\ti\tirtos_tivac_2_16_00_08\products\TivaWare_C_Series-2.1.1.71b\driverlib\ccs\Debug\</path>
         <kind>archive</kind>
         <file>driverlib.lib</file>
         <name>cpu.obj</name>
      </input_file>
   </input_file_list>
   <object_component_list>
      <object_component id="oc-f">
         <name>.intvecs</name>
         <load_address>0x0</load_address>
         <run_address>0x0</run_address>
         <size>0x208</size>
         <input_file_ref idref="fl-7"/>
      </object_component>
      <object_component id="oc-2a9">
         <name>.text:__TI_printfi</name>
         <load_address>0x208</load_address>
         <run_address>0x208</run_address>
         <size>0xa5e</size>
         <input_file_ref idref="fl-d0"/>
      </object_component>
      <object_component id="oc-48d">
         <name>.text</name>
         <load_address>0xc66</load_address>
         <run_address>0xc66</run_address>
         <size>0x2</size>
         <input_file_ref idref="fl-e3"/>
      </object_component>
      <object_component id="oc-2a">
         <name>.text</name>
         <load_address>0xc68</load_address>
         <run_address>0xc68</run_address>
         <size>0x462</size>
         <input_file_ref idref="fl-4"/>
      </object_component>
      <object_component id="oc-103">
         <name>.text:GPIOPinRead</name>
         <load_address>0x10ca</load_address>
         <run_address>0x10ca</run_address>
         <size>0x6</size>
         <input_file_ref idref="fl-ec"/>
      </object_component>
      <object_component id="oc-1c7">
         <name>.text</name>
         <load_address>0x10d0</load_address>
         <run_address>0x10d0</run_address>
         <size>0x3f0</size>
         <input_file_ref idref="fl-2"/>
      </object_component>
      <object_component id="oc-389">
         <name>.text:_pconv_a</name>
         <load_address>0x14c0</load_address>
         <run_address>0x14c0</run_address>
         <size>0x270</size>
         <input_file_ref idref="fl-d0"/>
      </object_component>
      <object_component id="oc-33f">
         <name>.text:GrFontGlyphRender</name>
         <load_address>0x1730</load_address>
         <run_address>0x1730</run_address>
         <size>0x256</size>
         <input_file_ref idref="fl-e6"/>
      </object_component>
      <object_component id="oc-1c1">
         <name>.text:SysCtlClockFreqSet</name>
         <load_address>0x1988</load_address>
         <run_address>0x1988</run_address>
         <size>0x204</size>
         <input_file_ref idref="fl-ef"/>
      </object_component>
      <object_component id="oc-377">
         <name>.text:_pconv_g</name>
         <load_address>0x1b8c</load_address>
         <run_address>0x1b8c</run_address>
         <size>0x1d0</size>
         <input_file_ref idref="fl-d0"/>
      </object_component>
      <object_component id="oc-422">
         <name>.text</name>
         <load_address>0x1d5c</load_address>
         <run_address>0x1d5c</run_address>
         <size>0x1b6</size>
         <input_file_ref idref="fl-db"/>
      </object_component>
      <object_component id="oc-305">
         <name>.text:GPIOPinWrite</name>
         <load_address>0x1f12</load_address>
         <run_address>0x1f12</run_address>
         <size>0x6</size>
         <input_file_ref idref="fl-ec"/>
      </object_component>
      <object_component id="oc-26c">
         <name>.text</name>
         <load_address>0x1f18</load_address>
         <run_address>0x1f18</run_address>
         <size>0x17e</size>
         <input_file_ref idref="fl-3"/>
      </object_component>
      <object_component id="oc-383">
         <name>.text:_pconv_e</name>
         <load_address>0x2098</load_address>
         <run_address>0x2098</run_address>
         <size>0x13c</size>
         <input_file_ref idref="fl-d0"/>
      </object_component>
      <object_component id="oc-408">
         <name>.text</name>
         <load_address>0x21d4</load_address>
         <run_address>0x21d4</run_address>
         <size>0x136</size>
         <input_file_ref idref="fl-dd"/>
      </object_component>
      <object_component id="oc-c8">
         <name>.text:GPIOPadConfigSet</name>
         <load_address>0x230a</load_address>
         <run_address>0x230a</run_address>
         <size>0x130</size>
         <input_file_ref idref="fl-ec"/>
      </object_component>
      <object_component id="oc-1d9">
         <name>.text:GrContextFontSet</name>
         <load_address>0x243a</load_address>
         <run_address>0x243a</run_address>
         <size>0x6</size>
         <input_file_ref idref="fl-e6"/>
      </object_component>
      <object_component id="oc-13f">
         <name>.text</name>
         <load_address>0x2440</load_address>
         <run_address>0x2440</run_address>
         <size>0x122</size>
         <input_file_ref idref="fl-5"/>
      </object_component>
      <object_component id="oc-434">
         <name>.text:fcvt</name>
         <load_address>0x2564</load_address>
         <run_address>0x2564</run_address>
         <size>0x120</size>
         <input_file_ref idref="fl-d0"/>
      </object_component>
      <object_component id="oc-448">
         <name>.text:scalbn</name>
         <load_address>0x2684</load_address>
         <run_address>0x2684</run_address>
         <size>0x110</size>
         <input_file_ref idref="fl-d8"/>
      </object_component>
      <object_component id="oc-403">
         <name>.text</name>
         <load_address>0x2794</load_address>
         <run_address>0x2794</run_address>
         <size>0xfc</size>
         <input_file_ref idref="fl-de"/>
      </object_component>
      <object_component id="oc-27f">
         <name>.text:GrDefaultStringRenderer</name>
         <load_address>0x2890</load_address>
         <run_address>0x2890</run_address>
         <size>0xc4</size>
         <input_file_ref idref="fl-e6"/>
      </object_component>
      <object_component id="oc-36c">
         <name>.text:_ltostr</name>
         <load_address>0x2954</load_address>
         <run_address>0x2954</run_address>
         <size>0xb1</size>
         <input_file_ref idref="fl-d0"/>
      </object_component>
      <object_component id="oc-3e">
         <name>.text</name>
         <load_address>0x2a06</load_address>
         <run_address>0x2a06</run_address>
         <size>0x9c</size>
         <input_file_ref idref="fl-cc"/>
      </object_component>
      <object_component id="oc-3fc">
         <name>.text</name>
         <load_address>0x2aa2</load_address>
         <run_address>0x2aa2</run_address>
         <size>0x96</size>
         <input_file_ref idref="fl-e1"/>
      </object_component>
      <object_component id="oc-1e5">
         <name>.text:GrRectFill</name>
         <load_address>0x2b38</load_address>
         <run_address>0x2b38</run_address>
         <size>0x86</size>
         <input_file_ref idref="fl-e5"/>
      </object_component>
      <object_component id="oc-372">
         <name>.text:__aeabi_cdcmple</name>
         <load_address>0x2bbe</load_address>
         <run_address>0x2bbe</run_address>
         <size>0x86</size>
         <input_file_ref idref="fl-dc"/>
      </object_component>
      <object_component id="oc-40d">
         <name>.text:__aeabi_cdrcmple</name>
         <load_address>0x2c44</load_address>
         <run_address>0x2c44</run_address>
         <size>0x86</size>
         <input_file_ref idref="fl-dc"/>
      </object_component>
      <object_component id="oc-ef">
         <name>.text:ADCSequenceStepConfigure</name>
         <load_address>0x2cca</load_address>
         <run_address>0x2cca</run_address>
         <size>0x7a</size>
         <input_file_ref idref="fl-ea"/>
      </object_component>
      <object_component id="oc-133">
         <name>.text</name>
         <load_address>0x2d44</load_address>
         <run_address>0x2d44</run_address>
         <size>0x7a</size>
         <input_file_ref idref="fl-cb"/>
      </object_component>
      <object_component id="oc-42d">
         <name>.text:_mcpy</name>
         <load_address>0x2dbe</load_address>
         <run_address>0x2dbe</run_address>
         <size>0x6e</size>
         <input_file_ref idref="fl-d0"/>
      </object_component>
      <object_component id="oc-1d0">
         <name>.text:GrContextInit</name>
         <load_address>0x2e2c</load_address>
         <run_address>0x2e2c</run_address>
         <size>0x68</size>
         <input_file_ref idref="fl-e4"/>
      </object_component>
      <object_component id="oc-bc">
         <name>.text:IntEnable</name>
         <load_address>0x2e94</load_address>
         <run_address>0x2e94</run_address>
         <size>0x68</size>
         <input_file_ref idref="fl-ed"/>
      </object_component>
      <object_component id="oc-12">
         <name>.text:decompress:lzss:__TI_decompress_lzss</name>
         <load_address>0x2efc</load_address>
         <run_address>0x2efc</run_address>
         <size>0x68</size>
         <input_file_ref idref="fl-c5"/>
      </object_component>
      <object_component id="oc-442">
         <name>.text:frexp</name>
         <load_address>0x2f64</load_address>
         <run_address>0x2f64</run_address>
         <size>0x64</size>
         <input_file_ref idref="fl-d7"/>
      </object_component>
      <object_component id="oc-9b">
         <name>.text:TimerConfigure</name>
         <load_address>0x2fc8</load_address>
         <run_address>0x2fc8</run_address>
         <size>0x60</size>
         <input_file_ref idref="fl-f0"/>
      </object_component>
      <object_component id="oc-3e4">
         <name>.text:FontWideGlyphDataGet</name>
         <load_address>0x3028</load_address>
         <run_address>0x3028</run_address>
         <size>0x5a</size>
         <input_file_ref idref="fl-e6"/>
      </object_component>
      <object_component id="oc-37d">
         <name>.text:_pconv_f</name>
         <load_address>0x3082</load_address>
         <run_address>0x3082</run_address>
         <size>0x56</size>
         <input_file_ref idref="fl-d0"/>
      </object_component>
      <object_component id="oc-417">
         <name>.text:ltoa</name>
         <load_address>0x30d8</load_address>
         <run_address>0x30d8</run_address>
         <size>0x54</size>
         <input_file_ref idref="fl-d3"/>
      </object_component>
      <object_component id="oc-427">
         <name>.text:_ecpy</name>
         <load_address>0x312c</load_address>
         <run_address>0x312c</run_address>
         <size>0x52</size>
         <input_file_ref idref="fl-d0"/>
      </object_component>
      <object_component id="oc-366">
         <name>.text:atoi</name>
         <load_address>0x3180</load_address>
         <run_address>0x3180</run_address>
         <size>0x4c</size>
         <input_file_ref idref="fl-d1"/>
      </object_component>
      <object_component id="oc-1eb">
         <name>.text:snprintf</name>
         <load_address>0x31cc</load_address>
         <run_address>0x31cc</run_address>
         <size>0x4c</size>
         <input_file_ref idref="fl-ca"/>
      </object_component>
      <object_component id="oc-292">
         <name>.text:UpdateContextCharMapping</name>
         <load_address>0x3218</load_address>
         <run_address>0x3218</run_address>
         <size>0x4a</size>
         <input_file_ref idref="fl-e6"/>
      </object_component>
      <object_component id="oc-275">
         <name>.text:SysCtlDelay</name>
         <load_address>0x3262</load_address>
         <run_address>0x3262</run_address>
         <size>0x6</size>
         <input_file_ref idref="fl-ef"/>
      </object_component>
      <object_component id="oc-d4">
         <name>.text</name>
         <load_address>0x3268</load_address>
         <run_address>0x3268</run_address>
         <size>0x4a</size>
         <input_file_ref idref="fl-6"/>
      </object_component>
      <object_component id="oc-31d">
         <name>.text:GPIOPinConfigure</name>
         <load_address>0x32b4</load_address>
         <run_address>0x32b4</run_address>
         <size>0x48</size>
         <input_file_ref idref="fl-ec"/>
      </object_component>
      <object_component id="oc-25b">
         <name>.text:_SysCtlFrequencyGet</name>
         <load_address>0x32fc</load_address>
         <run_address>0x32fc</run_address>
         <size>0x48</size>
         <input_file_ref idref="fl-ef"/>
      </object_component>
      <object_component id="oc-412">
         <name>.text</name>
         <load_address>0x3344</load_address>
         <run_address>0x3344</run_address>
         <size>0x48</size>
         <input_file_ref idref="fl-df"/>
      </object_component>
      <object_component id="oc-204">
         <name>.text:__TI_auto_init_nobinit_nopinit:__TI_auto_init_nobinit_nopinit</name>
         <load_address>0x338c</load_address>
         <run_address>0x338c</run_address>
         <size>0x44</size>
         <input_file_ref idref="fl-cd"/>
      </object_component>
      <object_component id="oc-e9">
         <name>.text:ADCSequenceConfigure</name>
         <load_address>0x33d0</load_address>
         <run_address>0x33d0</run_address>
         <size>0x3e</size>
         <input_file_ref idref="fl-ea"/>
      </object_component>
      <object_component id="oc-43a">
         <name>.text:_fcpy</name>
         <load_address>0x340e</load_address>
         <run_address>0x340e</run_address>
         <size>0x3e</size>
         <input_file_ref idref="fl-d0"/>
      </object_component>
      <object_component id="oc-30b">
         <name>.text:SSIConfigSetExpClk</name>
         <load_address>0x344c</load_address>
         <run_address>0x344c</run_address>
         <size>0x3c</size>
         <input_file_ref idref="fl-ee"/>
      </object_component>
      <object_component id="oc-3ea">
         <name>.text:FontGlyphDataGet</name>
         <load_address>0x3488</load_address>
         <run_address>0x3488</run_address>
         <size>0x3a</size>
         <input_file_ref idref="fl-e6"/>
      </object_component>
      <object_component id="oc-5c">
         <name>.text:_c_int00_noargs:_c_int00_noargs</name>
         <load_address>0x34c4</load_address>
         <run_address>0x34c4</run_address>
         <size>0x38</size>
         <input_file_ref idref="fl-c6"/>
      </object_component>
      <object_component id="oc-8f">
         <name>.text:SysCtlPeripheralEnable</name>
         <load_address>0x34fc</load_address>
         <run_address>0x34fc</run_address>
         <size>0x34</size>
         <input_file_ref idref="fl-ef"/>
      </object_component>
      <object_component id="oc-2af">
         <name>.text:_outs</name>
         <load_address>0x3530</load_address>
         <run_address>0x3530</run_address>
         <size>0x30</size>
         <input_file_ref idref="fl-ca"/>
      </object_component>
      <object_component id="oc-77">
         <name>.text:ADCIntStatus</name>
         <load_address>0x3560</load_address>
         <run_address>0x3560</run_address>
         <size>0x2e</size>
         <input_file_ref idref="fl-ea"/>
      </object_component>
      <object_component id="oc-333">
         <name>.text:GrStringNextCharGet</name>
         <load_address>0x358e</load_address>
         <run_address>0x358e</run_address>
         <size>0x2e</size>
         <input_file_ref idref="fl-e6"/>
      </object_component>
      <object_component id="oc-41d">
         <name>.text</name>
         <load_address>0x35bc</load_address>
         <run_address>0x35bc</run_address>
         <size>0x2e</size>
         <input_file_ref idref="fl-e0"/>
      </object_component>
      <object_component id="oc-17d">
         <name>.text:GPIODirModeSet</name>
         <load_address>0x35ea</load_address>
         <run_address>0x35ea</run_address>
         <size>0x2a</size>
         <input_file_ref idref="fl-ec"/>
      </object_component>
      <object_component id="oc-32d">
         <name>.text:GrFontInfoGet</name>
         <load_address>0x3614</load_address>
         <run_address>0x3614</run_address>
         <size>0x26</size>
         <input_file_ref idref="fl-e6"/>
      </object_component>
      <object_component id="oc-b6">
         <name>.text:IntPrioritySet</name>
         <load_address>0x363c</load_address>
         <run_address>0x363c</run_address>
         <size>0x24</size>
         <input_file_ref idref="fl-ed"/>
      </object_component>
      <object_component id="oc-339">
         <name>.text:GrFontGlyphDataGet</name>
         <load_address>0x3660</load_address>
         <run_address>0x3660</run_address>
         <size>0x22</size>
         <input_file_ref idref="fl-e6"/>
      </object_component>
      <object_component id="oc-80">
         <name>.text:ADCSequenceDataGet</name>
         <load_address>0x3682</load_address>
         <run_address>0x3682</run_address>
         <size>0x1e</size>
         <input_file_ref idref="fl-ea"/>
      </object_component>
      <object_component id="oc-354">
         <name>.text:GrFontCodepageGet</name>
         <load_address>0x36a0</load_address>
         <run_address>0x36a0</run_address>
         <size>0x1e</size>
         <input_file_ref idref="fl-e6"/>
      </object_component>
      <object_component id="oc-255">
         <name>.text:_SysCtlMemTimingGet</name>
         <load_address>0x36c0</load_address>
         <run_address>0x36c0</run_address>
         <size>0x1c</size>
         <input_file_ref idref="fl-ef"/>
      </object_component>
      <object_component id="oc-38f">
         <name>.text:memccpy</name>
         <load_address>0x36dc</load_address>
         <run_address>0x36dc</run_address>
         <size>0x1c</size>
         <input_file_ref idref="fl-d4"/>
      </object_component>
      <object_component id="oc-24">
         <name>.text</name>
         <load_address>0x36f8</load_address>
         <run_address>0x36f8</run_address>
         <size>0x1a</size>
         <input_file_ref idref="fl-7"/>
      </object_component>
      <object_component id="oc-dd">
         <name>.text:ADCClockConfigSet</name>
         <load_address>0x3712</load_address>
         <run_address>0x3712</run_address>
         <size>0x18</size>
         <input_file_ref idref="fl-ea"/>
      </object_component>
      <object_component id="oc-71">
         <name>.text:ADCProcessorTrigger</name>
         <load_address>0x372a</load_address>
         <run_address>0x372a</run_address>
         <size>0x18</size>
         <input_file_ref idref="fl-ea"/>
      </object_component>
      <object_component id="oc-323">
         <name>.text:GPIOPinTypeGPIOOutput</name>
         <load_address>0x3742</load_address>
         <run_address>0x3742</run_address>
         <size>0x18</size>
         <input_file_ref idref="fl-ec"/>
      </object_component>
      <object_component id="oc-2b5">
         <name>.text:_outc</name>
         <load_address>0x375a</load_address>
         <run_address>0x375a</run_address>
         <size>0x18</size>
         <input_file_ref idref="fl-ca"/>
      </object_component>
      <object_component id="oc-1f1">
         <name>.text:GrStringDraw</name>
         <load_address>0x3772</load_address>
         <run_address>0x3772</run_address>
         <size>0x16</size>
         <input_file_ref idref="fl-e6"/>
      </object_component>
      <object_component id="oc-44e">
         <name>.text:strchr</name>
         <load_address>0x3788</load_address>
         <run_address>0x3788</run_address>
         <size>0x16</size>
         <input_file_ref idref="fl-d5"/>
      </object_component>
      <object_component id="oc-95">
         <name>.text:TimerDisable</name>
         <load_address>0x37a0</load_address>
         <run_address>0x37a0</run_address>
         <size>0x14</size>
         <input_file_ref idref="fl-f0"/>
      </object_component>
      <object_component id="oc-4a6">
         <name>.text:copysign</name>
         <load_address>0x37b4</load_address>
         <run_address>0x37b4</run_address>
         <size>0x14</size>
         <input_file_ref idref="fl-d9"/>
      </object_component>
      <object_component id="oc-360">
         <name>.text:strlen</name>
         <load_address>0x37c8</load_address>
         <run_address>0x37c8</run_address>
         <size>0x14</size>
         <input_file_ref idref="fl-d6"/>
      </object_component>
      <object_component id="oc-ce">
         <name>.text:GPIOPinTypeADC</name>
         <load_address>0x37dc</load_address>
         <run_address>0x37dc</run_address>
         <size>0x12</size>
         <input_file_ref idref="fl-ec"/>
      </object_component>
      <object_component id="oc-c2">
         <name>.text:GPIOPinTypeGPIOInput</name>
         <load_address>0x37ee</load_address>
         <run_address>0x37ee</run_address>
         <size>0x12</size>
         <input_file_ref idref="fl-ec"/>
      </object_component>
      <object_component id="oc-317">
         <name>.text:GPIOPinTypeSSI</name>
         <load_address>0x3800</load_address>
         <run_address>0x3800</run_address>
         <size>0x12</size>
         <input_file_ref idref="fl-ec"/>
      </object_component>
      <object_component id="oc-a4">
         <name>.text:TimerLoadSet</name>
         <load_address>0x3812</load_address>
         <run_address>0x3812</run_address>
         <size>0x12</size>
         <input_file_ref idref="fl-f0"/>
      </object_component>
      <object_component id="oc-4a">
         <name>.text:decompress:ZI:__TI_zero_init_nomemset:__TI_zero_init_nomemset</name>
         <load_address>0x3824</load_address>
         <run_address>0x3824</run_address>
         <size>0x12</size>
         <input_file_ref idref="fl-c3"/>
      </object_component>
      <object_component id="oc-395">
         <name>.text:wcslen</name>
         <load_address>0x3836</load_address>
         <run_address>0x3836</run_address>
         <size>0x12</size>
         <input_file_ref idref="fl-da"/>
      </object_component>
      <object_component id="oc-1b5">
         <name>.text:FPUEnable</name>
         <load_address>0x3848</load_address>
         <run_address>0x3848</run_address>
         <size>0x10</size>
         <input_file_ref idref="fl-eb"/>
      </object_component>
      <object_component id="oc-1bb">
         <name>.text:FPULazyStackingEnable</name>
         <load_address>0x3858</load_address>
         <run_address>0x3858</run_address>
         <size>0x10</size>
         <input_file_ref idref="fl-eb"/>
      </object_component>
      <object_component id="oc-1af">
         <name>.text:IntMasterDisable</name>
         <load_address>0x3868</load_address>
         <run_address>0x3868</run_address>
         <size>0x10</size>
         <input_file_ref idref="fl-ed"/>
      </object_component>
      <object_component id="oc-1df">
         <name>.text:IntMasterEnable</name>
         <load_address>0x3878</load_address>
         <run_address>0x3878</run_address>
         <size>0x10</size>
         <input_file_ref idref="fl-ed"/>
      </object_component>
      <object_component id="oc-e3">
         <name>.text:ADCSequenceDisable</name>
         <load_address>0x3888</load_address>
         <run_address>0x3888</run_address>
         <size>0xe</size>
         <input_file_ref idref="fl-ea"/>
      </object_component>
      <object_component id="oc-f5">
         <name>.text:ADCSequenceEnable</name>
         <load_address>0x3896</load_address>
         <run_address>0x3896</run_address>
         <size>0xe</size>
         <input_file_ref idref="fl-ea"/>
      </object_component>
      <object_component id="oc-b0">
         <name>.text:TimerEnable</name>
         <load_address>0x38a4</load_address>
         <run_address>0x38a4</run_address>
         <size>0xe</size>
         <input_file_ref idref="fl-f0"/>
      </object_component>
      <object_component id="oc-18">
         <name>.text:decompress:none:__TI_decompress_none</name>
         <load_address>0x38b2</load_address>
         <run_address>0x38b2</run_address>
         <size>0xe</size>
         <input_file_ref idref="fl-c4"/>
      </object_component>
      <object_component id="oc-24c">
         <name>.text:CPUcpsid</name>
         <load_address>0x38c0</load_address>
         <run_address>0x38c0</run_address>
         <size>0xc</size>
         <input_file_ref idref="fl-f1"/>
      </object_component>
      <object_component id="oc-29b">
         <name>.text:CPUcpsie</name>
         <load_address>0x38cc</load_address>
         <run_address>0x38cc</run_address>
         <size>0xc</size>
         <input_file_ref idref="fl-f1"/>
      </object_component>
      <object_component id="oc-86">
         <name>.text:ADCIntClear</name>
         <load_address>0x38d8</load_address>
         <run_address>0x38d8</run_address>
         <size>0xa</size>
         <input_file_ref idref="fl-ea"/>
      </object_component>
      <object_component id="oc-2f9">
         <name>.text:SSIDataPut</name>
         <load_address>0x38e2</load_address>
         <run_address>0x38e2</run_address>
         <size>0xa</size>
         <input_file_ref idref="fl-ee"/>
      </object_component>
      <object_component id="oc-311">
         <name>.text:SSIEnable</name>
         <load_address>0x38ec</load_address>
         <run_address>0x38ec</run_address>
         <size>0xa</size>
         <input_file_ref idref="fl-ee"/>
      </object_component>
      <object_component id="oc-346">
         <name>.text:GrMapISO8859_1_Unicode</name>
         <load_address>0x38f6</load_address>
         <run_address>0x38f6</run_address>
         <size>0x8</size>
         <input_file_ref idref="fl-e8"/>
      </object_component>
      <object_component id="oc-2ff">
         <name>.text:SSIBusy</name>
         <load_address>0x38fe</load_address>
         <run_address>0x38fe</run_address>
         <size>0x8</size>
         <input_file_ref idref="fl-ee"/>
      </object_component>
      <object_component id="oc-aa">
         <name>.text:TimerIntEnable</name>
         <load_address>0x3906</load_address>
         <run_address>0x3906</run_address>
         <size>0x8</size>
         <input_file_ref idref="fl-f0"/>
      </object_component>
      <object_component id="oc-39b">
         <name>.text:__aeabi_errno_addr</name>
         <load_address>0x3910</load_address>
         <run_address>0x3910</run_address>
         <size>0x8</size>
         <input_file_ref idref="fl-e2"/>
      </object_component>
      <object_component id="oc-fd">
         <name>.text:TimerIntClear</name>
         <load_address>0x3918</load_address>
         <run_address>0x3918</run_address>
         <size>0x4</size>
         <input_file_ref idref="fl-f0"/>
      </object_component>
      <object_component id="oc-139">
         <name>.text:_system_pre_init</name>
         <load_address>0x391c</load_address>
         <run_address>0x391c</run_address>
         <size>0x4</size>
         <input_file_ref idref="fl-ce"/>
      </object_component>
      <object_component id="oc-1f8">
         <name>.text:abort:abort</name>
         <load_address>0x3920</load_address>
         <run_address>0x3920</run_address>
         <size>0x4</size>
         <input_file_ref idref="fl-c7"/>
      </object_component>
      <object_component id="oc-28c">
         <name>.const:.string:g_pui8FontFixed6x8Data</name>
         <load_address>0x3924</load_address>
         <run_address>0x3924</run_address>
         <size>0x2f8</size>
         <input_file_ref idref="fl-e7"/>
      </object_component>
      <object_component id="oc-264">
         <name>.const:g_pppui32XTALtoVCO</name>
         <load_address>0x3c1c</load_address>
         <run_address>0x3c1c</run_address>
         <size>0x120</size>
         <input_file_ref idref="fl-ef"/>
      </object_component>
      <object_component id="oc-3f7">
         <name>.const:.string:_ctypes_</name>
         <load_address>0x3d3c</load_address>
         <run_address>0x3d3c</run_address>
         <size>0x101</size>
         <input_file_ref idref="fl-d2"/>
      </object_component>
      <object_component id="oc-1d6">
         <name>.const:g_sFontFixed6x8</name>
         <load_address>0x3e40</load_address>
         <run_address>0x3e40</run_address>
         <size>0xc8</size>
         <input_file_ref idref="fl-e7"/>
      </object_component>
      <object_component id="oc-174">
         <name>.const:g_pui32Regs</name>
         <load_address>0x3f08</load_address>
         <run_address>0x3f08</run_address>
         <size>0x9c</size>
         <input_file_ref idref="fl-ed"/>
      </object_component>
      <object_component id="oc-3db">
         <name>.const:g_pui32GPIOBaseAddrs</name>
         <load_address>0x3fa4</load_address>
         <run_address>0x3fa4</run_address>
         <size>0x90</size>
         <input_file_ref idref="fl-ec"/>
      </object_component>
      <object_component id="oc-179">
         <name>.const</name>
         <load_address>0x4034</load_address>
         <run_address>0x4034</run_address>
         <size>0x70</size>
         <input_file_ref idref="fl-ed"/>
      </object_component>
      <object_component id="oc-261">
         <name>.const:g_pui32Xtals</name>
         <load_address>0x40a4</load_address>
         <run_address>0x40a4</run_address>
         <size>0x6c</size>
         <input_file_ref idref="fl-ef"/>
      </object_component>
      <object_component id="oc-2ee">
         <name>.const:g_sXTALtoMEMTIM</name>
         <load_address>0x4110</load_address>
         <run_address>0x4110</run_address>
         <size>0x30</size>
         <input_file_ref idref="fl-ef"/>
      </object_component>
      <object_component id="oc-1cd">
         <name>.const:g_sCrystalfontz128x128</name>
         <load_address>0x4140</load_address>
         <run_address>0x4140</run_address>
         <size>0x28</size>
         <input_file_ref idref="fl-2"/>
      </object_component>
      <object_component id="oc-285">
         <name>.const</name>
         <load_address>0x4168</load_address>
         <run_address>0x4168</run_address>
         <size>0x10</size>
         <input_file_ref idref="fl-e4"/>
      </object_component>
      <object_component id="oc-267">
         <name>.const</name>
         <load_address>0x4178</load_address>
         <run_address>0x4178</run_address>
         <size>0x8</size>
         <input_file_ref idref="fl-ef"/>
      </object_component>
      <object_component id="oc-4fc">
         <name>.cinit..data.load</name>
         <load_address>0x4180</load_address>
         <run_address>0x4180</run_address>
         <size>0x14</size>
      </object_component>
      <object_component id="oc-4fa">
         <name>__TI_handler_table</name>
         <load_address>0x4194</load_address>
         <run_address>0x4194</run_address>
         <size>0xc</size>
      </object_component>
      <object_component id="oc-4fd">
         <name>.cinit..bss.load</name>
         <load_address>0x41a0</load_address>
         <run_address>0x41a0</run_address>
         <size>0x8</size>
      </object_component>
      <object_component id="oc-4fb">
         <name>__TI_cinit_table</name>
         <load_address>0x41a8</load_address>
         <run_address>0x41a8</run_address>
         <size>0x10</size>
      </object_component>
      <object_component id="oc-272">
         <name>.data:Lcd_buffer</name>
         <load_address>0x20000000</load_address>
         <run_address>0x20000000</run_address>
         <size>0x8000</size>
         <input_file_ref idref="fl-2"/>
      </object_component>
      <object_component id="oc-8c">
         <name>.data</name>
         <load_address>0x2000802c</load_address>
         <run_address>0x2000802c</run_address>
         <size>0x6</size>
         <input_file_ref idref="fl-4"/>
      </object_component>
      <object_component id="oc-7d">
         <name>.data:gJoystick</name>
         <load_address>0x20008024</load_address>
         <run_address>0x20008024</run_address>
         <size>0x8</size>
         <input_file_ref idref="fl-4"/>
      </object_component>
      <object_component id="oc-fc">
         <name>.data:count$2</name>
         <load_address>0x20008000</load_address>
         <run_address>0x20008000</run_address>
         <size>0x24</size>
         <input_file_ref idref="fl-4"/>
      </object_component>
      <object_component id="oc-109">
         <name>.data</name>
         <load_address>0x20008034</load_address>
         <run_address>0x20008034</run_address>
         <size>0x4</size>
         <input_file_ref idref="fl-5"/>
      </object_component>
      <object_component id="oc-45e">
         <name>.data</name>
         <load_address>0x20008038</load_address>
         <run_address>0x20008038</run_address>
         <size>0x4</size>
         <input_file_ref idref="fl-e2"/>
      </object_component>
      <object_component id="oc-fb">
         <name>.bss:state$1</name>
         <uninitialized>true</uninitialized>
         <run_address>0x20008840</run_address>
         <size>0x14</size>
         <input_file_ref idref="fl-4"/>
      </object_component>
      <object_component id="oc-26b">
         <name>.common:Lcd_Orientation</name>
         <uninitialized>true</uninitialized>
         <run_address>0x20008868</run_address>
         <size>0x1</size>
      </object_component>
      <object_component id="oc-277">
         <name>.common:Lcd_ScreenWidth</name>
         <uninitialized>true</uninitialized>
         <run_address>0x20008862</run_address>
         <size>0x2</size>
      </object_component>
      <object_component id="oc-276">
         <name>.common:Lcd_ScreenHeigth</name>
         <uninitialized>true</uninitialized>
         <run_address>0x20008860</run_address>
         <size>0x2</size>
      </object_component>
      <object_component id="oc-278">
         <name>.common:Lcd_PenSolid</name>
         <uninitialized>true</uninitialized>
         <run_address>0x20008869</run_address>
         <size>0x1</size>
      </object_component>
      <object_component id="oc-279">
         <name>.common:Lcd_FontSolid</name>
         <uninitialized>true</uninitialized>
         <run_address>0x20008867</run_address>
         <size>0x1</size>
      </object_component>
      <object_component id="oc-27a">
         <name>.common:Lcd_FlagRead</name>
         <uninitialized>true</uninitialized>
         <run_address>0x20008866</run_address>
         <size>0x1</size>
      </object_component>
      <object_component id="oc-27b">
         <name>.common:Lcd_TouchTrim</name>
         <uninitialized>true</uninitialized>
         <run_address>0x20008864</run_address>
         <size>0x2</size>
      </object_component>
      <object_component id="oc-da">
         <name>.common:gADCSamplingRate</name>
         <uninitialized>true</uninitialized>
         <run_address>0x20008854</run_address>
         <size>0x4</size>
      </object_component>
      <object_component id="oc-a1">
         <name>.common:gSystemClock</name>
         <uninitialized>true</uninitialized>
         <run_address>0x20008858</run_address>
         <size>0x4</size>
      </object_component>
      <object_component id="oc-288">
         <name>.common:g_psGrLibDefaults</name>
         <uninitialized>true</uninitialized>
         <run_address>0x2000885c</run_address>
         <size>0x4</size>
      </object_component>
      <object_component id="oc-21">
         <name>.stack</name>
         <uninitialized>true</uninitialized>
         <run_address>0x20008040</run_address>
         <size>0x4</size>
         <input_file_ref idref="fl-c6"/>
      </object_component>
      <object_component id="oc-4fe">
         <name>.stack</name>
         <uninitialized>true</uninitialized>
         <run_address>0x20008040</run_address>
         <size>0x0</size>
      </object_component>
      <object_component id="oc-19d">
         <name>.debug_info</name>
         <load_address>0x0</load_address>
         <run_address>0x0</run_address>
         <size>0x6f1</size>
         <input_file_ref idref="fl-2"/>
      </object_component>
      <object_component id="oc-273">
         <name>.debug_info</name>
         <load_address>0x6f1</load_address>
         <run_address>0x6f1</run_address>
         <size>0xf7</size>
         <input_file_ref idref="fl-2"/>
      </object_component>
      <object_component id="oc-1ce">
         <name>.debug_info</name>
         <load_address>0x7e8</load_address>
         <run_address>0x7e8</run_address>
         <size>0x110</size>
         <input_file_ref idref="fl-2"/>
      </object_component>
      <object_component id="oc-1c8">
         <name>.debug_info</name>
         <load_address>0x8f8</load_address>
         <run_address>0x8f8</run_address>
         <size>0x10ec</size>
         <input_file_ref idref="fl-2"/>
      </object_component>
      <object_component id="oc-167">
         <name>.debug_info</name>
         <load_address>0x19e4</load_address>
         <run_address>0x19e4</run_address>
         <size>0x6bd</size>
         <input_file_ref idref="fl-2"/>
      </object_component>
      <object_component id="oc-119">
         <name>.debug_info</name>
         <load_address>0x20a1</load_address>
         <run_address>0x20a1</run_address>
         <size>0x26b</size>
         <input_file_ref idref="fl-2"/>
      </object_component>
      <object_component id="oc-112">
         <name>.debug_info</name>
         <load_address>0x230c</load_address>
         <run_address>0x230c</run_address>
         <size>0x8b</size>
         <input_file_ref idref="fl-2"/>
      </object_component>
      <object_component id="oc-198">
         <name>.debug_info</name>
         <load_address>0x2397</load_address>
         <run_address>0x2397</run_address>
         <size>0x297</size>
         <input_file_ref idref="fl-2"/>
      </object_component>
      <object_component id="oc-188">
         <name>.debug_info</name>
         <load_address>0x262e</load_address>
         <run_address>0x262e</run_address>
         <size>0xef</size>
         <input_file_ref idref="fl-2"/>
      </object_component>
      <object_component id="oc-10d">
         <name>.debug_info</name>
         <load_address>0x271d</load_address>
         <run_address>0x271d</run_address>
         <size>0xbb</size>
         <input_file_ref idref="fl-2"/>
      </object_component>
      <object_component id="oc-32a">
         <name>.debug_info</name>
         <load_address>0x27d8</load_address>
         <run_address>0x27d8</run_address>
         <size>0x6b1</size>
         <input_file_ref idref="fl-3"/>
      </object_component>
      <object_component id="oc-26d">
         <name>.debug_info</name>
         <load_address>0x2e89</load_address>
         <run_address>0x2e89</run_address>
         <size>0x611</size>
         <input_file_ref idref="fl-3"/>
      </object_component>
      <object_component id="oc-db">
         <name>.debug_info</name>
         <load_address>0x349a</load_address>
         <run_address>0x349a</run_address>
         <size>0x828</size>
         <input_file_ref idref="fl-4"/>
      </object_component>
      <object_component id="oc-8d">
         <name>.debug_info</name>
         <load_address>0x3cc2</load_address>
         <run_address>0x3cc2</run_address>
         <size>0xe0</size>
         <input_file_ref idref="fl-4"/>
      </object_component>
      <object_component id="oc-7e">
         <name>.debug_info</name>
         <load_address>0x3da2</load_address>
         <run_address>0x3da2</run_address>
         <size>0xe2</size>
         <input_file_ref idref="fl-4"/>
      </object_component>
      <object_component id="oc-2c">
         <name>.debug_info</name>
         <load_address>0x3e84</load_address>
         <run_address>0x3e84</run_address>
         <size>0x7e1</size>
         <input_file_ref idref="fl-4"/>
      </object_component>
      <object_component id="oc-a2">
         <name>.debug_info</name>
         <load_address>0x4665</load_address>
         <run_address>0x4665</run_address>
         <size>0x7e2</size>
         <input_file_ref idref="fl-5"/>
      </object_component>
      <object_component id="oc-10a">
         <name>.debug_info</name>
         <load_address>0x4e47</load_address>
         <run_address>0x4e47</run_address>
         <size>0xd7</size>
         <input_file_ref idref="fl-5"/>
      </object_component>
      <object_component id="oc-140">
         <name>.debug_info</name>
         <load_address>0x4f1e</load_address>
         <run_address>0x4f1e</run_address>
         <size>0x29c</size>
         <input_file_ref idref="fl-5"/>
      </object_component>
      <object_component id="oc-16c">
         <name>.debug_info</name>
         <load_address>0x51ba</load_address>
         <run_address>0x51ba</run_address>
         <size>0xcc</size>
         <input_file_ref idref="fl-5"/>
      </object_component>
      <object_component id="oc-2c7">
         <name>.debug_info</name>
         <load_address>0x5286</load_address>
         <run_address>0x5286</run_address>
         <size>0x2c</size>
         <input_file_ref idref="fl-5"/>
      </object_component>
      <object_component id="oc-d5">
         <name>.debug_info</name>
         <load_address>0x52b2</load_address>
         <run_address>0x52b2</run_address>
         <size>0x1bb</size>
         <input_file_ref idref="fl-6"/>
      </object_component>
      <object_component id="oc-39">
         <name>.debug_info</name>
         <load_address>0x546d</load_address>
         <run_address>0x546d</run_address>
         <size>0x84</size>
         <input_file_ref idref="fl-6"/>
      </object_component>
      <object_component id="oc-32">
         <name>.debug_info</name>
         <load_address>0x54f1</load_address>
         <run_address>0x54f1</run_address>
         <size>0x2d5</size>
         <input_file_ref idref="fl-7"/>
      </object_component>
      <object_component id="oc-10">
         <name>.debug_info</name>
         <load_address>0x57c6</load_address>
         <run_address>0x57c6</run_address>
         <size>0xfa</size>
         <input_file_ref idref="fl-7"/>
      </object_component>
      <object_component id="oc-27">
         <name>.debug_info</name>
         <load_address>0x58c0</load_address>
         <run_address>0x58c0</run_address>
         <size>0x279</size>
         <input_file_ref idref="fl-7"/>
      </object_component>
      <object_component id="oc-132">
         <name>.debug_info</name>
         <load_address>0x5b39</load_address>
         <run_address>0x5b39</run_address>
         <size>0x313</size>
         <input_file_ref idref="fl-c3"/>
      </object_component>
      <object_component id="oc-4d">
         <name>.debug_info</name>
         <load_address>0x5e4c</load_address>
         <run_address>0x5e4c</run_address>
         <size>0x1b4</size>
         <input_file_ref idref="fl-c3"/>
      </object_component>
      <object_component id="oc-12d">
         <name>.debug_info</name>
         <load_address>0x6000</load_address>
         <run_address>0x6000</run_address>
         <size>0x46</size>
         <input_file_ref idref="fl-c3"/>
      </object_component>
      <object_component id="oc-1a6">
         <name>.debug_info</name>
         <load_address>0x6046</load_address>
         <run_address>0x6046</run_address>
         <size>0x2c</size>
         <input_file_ref idref="fl-c3"/>
      </object_component>
      <object_component id="oc-49">
         <name>.debug_info</name>
         <load_address>0x6072</load_address>
         <run_address>0x6072</run_address>
         <size>0x29d</size>
         <input_file_ref idref="fl-c4"/>
      </object_component>
      <object_component id="oc-19">
         <name>.debug_info</name>
         <load_address>0x630f</load_address>
         <run_address>0x630f</run_address>
         <size>0x1df</size>
         <input_file_ref idref="fl-c4"/>
      </object_component>
      <object_component id="oc-44">
         <name>.debug_info</name>
         <load_address>0x64ee</load_address>
         <run_address>0x64ee</run_address>
         <size>0x46</size>
         <input_file_ref idref="fl-c4"/>
      </object_component>
      <object_component id="oc-125">
         <name>.debug_info</name>
         <load_address>0x6534</load_address>
         <run_address>0x6534</run_address>
         <size>0x2c</size>
         <input_file_ref idref="fl-c4"/>
      </object_component>
      <object_component id="oc-123">
         <name>.debug_info</name>
         <load_address>0x6560</load_address>
         <run_address>0x6560</run_address>
         <size>0x293</size>
         <input_file_ref idref="fl-c5"/>
      </object_component>
      <object_component id="oc-15">
         <name>.debug_info</name>
         <load_address>0x67f3</load_address>
         <run_address>0x67f3</run_address>
         <size>0x245</size>
         <input_file_ref idref="fl-c5"/>
      </object_component>
      <object_component id="oc-34">
         <name>.debug_info</name>
         <load_address>0x6a38</load_address>
         <run_address>0x6a38</run_address>
         <size>0x60</size>
         <input_file_ref idref="fl-c5"/>
      </object_component>
      <object_component id="oc-19f">
         <name>.debug_info</name>
         <load_address>0x6a98</load_address>
         <run_address>0x6a98</run_address>
         <size>0x46</size>
         <input_file_ref idref="fl-c5"/>
      </object_component>
      <object_component id="oc-11e">
         <name>.debug_info</name>
         <load_address>0x6ade</load_address>
         <run_address>0x6ade</run_address>
         <size>0x39</size>
         <input_file_ref idref="fl-c5"/>
      </object_component>
      <object_component id="oc-22">
         <name>.debug_info</name>
         <load_address>0x6b17</load_address>
         <run_address>0x6b17</run_address>
         <size>0x100</size>
         <input_file_ref idref="fl-c6"/>
      </object_component>
      <object_component id="oc-5f">
         <name>.debug_info</name>
         <load_address>0x6c17</load_address>
         <run_address>0x6c17</run_address>
         <size>0x1a4</size>
         <input_file_ref idref="fl-c6"/>
      </object_component>
      <object_component id="oc-1fb">
         <name>.debug_info</name>
         <load_address>0x6dbb</load_address>
         <run_address>0x6dbb</run_address>
         <size>0x117</size>
         <input_file_ref idref="fl-c7"/>
      </object_component>
      <object_component id="oc-2bc">
         <name>.debug_info</name>
         <load_address>0x6ed2</load_address>
         <run_address>0x6ed2</run_address>
         <size>0x32f</size>
         <input_file_ref idref="fl-ca"/>
      </object_component>
      <object_component id="oc-1ee">
         <name>.debug_info</name>
         <load_address>0x7201</load_address>
         <run_address>0x7201</run_address>
         <size>0x1e3</size>
         <input_file_ref idref="fl-ca"/>
      </object_component>
      <object_component id="oc-2b3">
         <name>.debug_info</name>
         <load_address>0x73e4</load_address>
         <run_address>0x73e4</run_address>
         <size>0x1b8</size>
         <input_file_ref idref="fl-ca"/>
      </object_component>
      <object_component id="oc-2b9">
         <name>.debug_info</name>
         <load_address>0x759c</load_address>
         <run_address>0x759c</run_address>
         <size>0x16b</size>
         <input_file_ref idref="fl-ca"/>
      </object_component>
      <object_component id="oc-2bd">
         <name>.debug_info</name>
         <load_address>0x7707</load_address>
         <run_address>0x7707</run_address>
         <size>0x2c</size>
         <input_file_ref idref="fl-ca"/>
      </object_component>
      <object_component id="oc-2c2">
         <name>.debug_info</name>
         <load_address>0x7733</load_address>
         <run_address>0x7733</run_address>
         <size>0x69</size>
         <input_file_ref idref="fl-ca"/>
      </object_component>
      <object_component id="oc-135">
         <name>.debug_info</name>
         <load_address>0x779c</load_address>
         <run_address>0x779c</run_address>
         <size>0x13f</size>
         <input_file_ref idref="fl-cb"/>
      </object_component>
      <object_component id="oc-3f">
         <name>.debug_info</name>
         <load_address>0x78db</load_address>
         <run_address>0x78db</run_address>
         <size>0x111</size>
         <input_file_ref idref="fl-cc"/>
      </object_component>
      <object_component id="oc-2d8">
         <name>.debug_info</name>
         <load_address>0x79ec</load_address>
         <run_address>0x79ec</run_address>
         <size>0x547</size>
         <input_file_ref idref="fl-cd"/>
      </object_component>
      <object_component id="oc-205">
         <name>.debug_info</name>
         <load_address>0x7f33</load_address>
         <run_address>0x7f33</run_address>
         <size>0x19b</size>
         <input_file_ref idref="fl-cd"/>
      </object_component>
      <object_component id="oc-3c1">
         <name>.debug_info</name>
         <load_address>0x80ce</load_address>
         <run_address>0x80ce</run_address>
         <size>0x39</size>
         <input_file_ref idref="fl-cd"/>
      </object_component>
      <object_component id="oc-472">
         <name>.debug_info</name>
         <load_address>0x8107</load_address>
         <run_address>0x8107</run_address>
         <size>0x39</size>
         <input_file_ref idref="fl-cd"/>
      </object_component>
      <object_component id="oc-3c6">
         <name>.debug_info</name>
         <load_address>0x8140</load_address>
         <run_address>0x8140</run_address>
         <size>0x39</size>
         <input_file_ref idref="fl-cd"/>
      </object_component>
      <object_component id="oc-3cb">
         <name>.debug_info</name>
         <load_address>0x8179</load_address>
         <run_address>0x8179</run_address>
         <size>0xcd</size>
         <input_file_ref idref="fl-cd"/>
      </object_component>
      <object_component id="oc-13a">
         <name>.debug_info</name>
         <load_address>0x8246</load_address>
         <run_address>0x8246</run_address>
         <size>0x148</size>
         <input_file_ref idref="fl-ce"/>
      </object_component>
      <object_component id="oc-3a2">
         <name>.debug_info</name>
         <load_address>0x838e</load_address>
         <run_address>0x838e</run_address>
         <size>0x8a6</size>
         <input_file_ref idref="fl-d0"/>
      </object_component>
      <object_component id="oc-36d">
         <name>.debug_info</name>
         <load_address>0x8c34</load_address>
         <run_address>0x8c34</run_address>
         <size>0x213</size>
         <input_file_ref idref="fl-d0"/>
      </object_component>
      <object_component id="oc-428">
         <name>.debug_info</name>
         <load_address>0x8e47</load_address>
         <run_address>0x8e47</run_address>
         <size>0x1a8</size>
         <input_file_ref idref="fl-d0"/>
      </object_component>
      <object_component id="oc-42e">
         <name>.debug_info</name>
         <load_address>0x8fef</load_address>
         <run_address>0x8fef</run_address>
         <size>0x210</size>
         <input_file_ref idref="fl-d0"/>
      </object_component>
      <object_component id="oc-378">
         <name>.debug_info</name>
         <load_address>0x91ff</load_address>
         <run_address>0x91ff</run_address>
         <size>0x3b0</size>
         <input_file_ref idref="fl-d0"/>
      </object_component>
      <object_component id="oc-435">
         <name>.debug_info</name>
         <load_address>0x95af</load_address>
         <run_address>0x95af</run_address>
         <size>0x2fa</size>
         <input_file_ref idref="fl-d0"/>
      </object_component>
      <object_component id="oc-43b">
         <name>.debug_info</name>
         <load_address>0x98a9</load_address>
         <run_address>0x98a9</run_address>
         <size>0x20a</size>
         <input_file_ref idref="fl-d0"/>
      </object_component>
      <object_component id="oc-37e">
         <name>.debug_info</name>
         <load_address>0x9ab3</load_address>
         <run_address>0x9ab3</run_address>
         <size>0x20a</size>
         <input_file_ref idref="fl-d0"/>
      </object_component>
      <object_component id="oc-384">
         <name>.debug_info</name>
         <load_address>0x9cbd</load_address>
         <run_address>0x9cbd</run_address>
         <size>0x2f9</size>
         <input_file_ref idref="fl-d0"/>
      </object_component>
      <object_component id="oc-38a">
         <name>.debug_info</name>
         <load_address>0x9fb6</load_address>
         <run_address>0x9fb6</run_address>
         <size>0x4a5</size>
         <input_file_ref idref="fl-d0"/>
      </object_component>
      <object_component id="oc-2aa">
         <name>.debug_info</name>
         <load_address>0xa45b</load_address>
         <run_address>0xa45b</run_address>
         <size>0x5cd</size>
         <input_file_ref idref="fl-d0"/>
      </object_component>
      <object_component id="oc-3a3">
         <name>.debug_info</name>
         <load_address>0xaa28</load_address>
         <run_address>0xaa28</run_address>
         <size>0x86</size>
         <input_file_ref idref="fl-d0"/>
      </object_component>
      <object_component id="oc-465">
         <name>.debug_info</name>
         <load_address>0xaaae</load_address>
         <run_address>0xaaae</run_address>
         <size>0x39</size>
         <input_file_ref idref="fl-d0"/>
      </object_component>
      <object_component id="oc-4bd">
         <name>.debug_info</name>
         <load_address>0xaae7</load_address>
         <run_address>0xaae7</run_address>
         <size>0xb6</size>
         <input_file_ref idref="fl-d0"/>
      </object_component>
      <object_component id="oc-46a">
         <name>.debug_info</name>
         <load_address>0xab9d</load_address>
         <run_address>0xab9d</run_address>
         <size>0x46</size>
         <input_file_ref idref="fl-d0"/>
      </object_component>
      <object_component id="oc-3a8">
         <name>.debug_info</name>
         <load_address>0xabe3</load_address>
         <run_address>0xabe3</run_address>
         <size>0x46</size>
         <input_file_ref idref="fl-d0"/>
      </object_component>
      <object_component id="oc-3fb">
         <name>.debug_info</name>
         <load_address>0xac29</load_address>
         <run_address>0xac29</run_address>
         <size>0x2ae</size>
         <input_file_ref idref="fl-d1"/>
      </object_component>
      <object_component id="oc-369">
         <name>.debug_info</name>
         <load_address>0xaed7</load_address>
         <run_address>0xaed7</run_address>
         <size>0x171</size>
         <input_file_ref idref="fl-d1"/>
      </object_component>
      <object_component id="oc-48a">
         <name>.debug_info</name>
         <load_address>0xb048</load_address>
         <run_address>0xb048</run_address>
         <size>0xee</size>
         <input_file_ref idref="fl-d2"/>
      </object_component>
      <object_component id="oc-3f8">
         <name>.debug_info</name>
         <load_address>0xb136</load_address>
         <run_address>0xb136</run_address>
         <size>0xfa</size>
         <input_file_ref idref="fl-d2"/>
      </object_component>
      <object_component id="oc-498">
         <name>.debug_info</name>
         <load_address>0xb230</load_address>
         <run_address>0xb230</run_address>
         <size>0x290</size>
         <input_file_ref idref="fl-d3"/>
      </object_component>
      <object_component id="oc-418">
         <name>.debug_info</name>
         <load_address>0xb4c0</load_address>
         <run_address>0xb4c0</run_address>
         <size>0x1c2</size>
         <input_file_ref idref="fl-d3"/>
      </object_component>
      <object_component id="oc-456">
         <name>.debug_info</name>
         <load_address>0xb682</load_address>
         <run_address>0xb682</run_address>
         <size>0x28b</size>
         <input_file_ref idref="fl-d4"/>
      </object_component>
      <object_component id="oc-392">
         <name>.debug_info</name>
         <load_address>0xb90d</load_address>
         <run_address>0xb90d</run_address>
         <size>0x1ab</size>
         <input_file_ref idref="fl-d4"/>
      </object_component>
      <object_component id="oc-4af">
         <name>.debug_info</name>
         <load_address>0xbab8</load_address>
         <run_address>0xbab8</run_address>
         <size>0x28f</size>
         <input_file_ref idref="fl-d5"/>
      </object_component>
      <object_component id="oc-44f">
         <name>.debug_info</name>
         <load_address>0xbd47</load_address>
         <run_address>0xbd47</run_address>
         <size>0x247</size>
         <input_file_ref idref="fl-d5"/>
      </object_component>
      <object_component id="oc-3f6">
         <name>.debug_info</name>
         <load_address>0xbf8e</load_address>
         <run_address>0xbf8e</run_address>
         <size>0x284</size>
         <input_file_ref idref="fl-d6"/>
      </object_component>
      <object_component id="oc-364">
         <name>.debug_info</name>
         <load_address>0xc212</load_address>
         <run_address>0xc212</run_address>
         <size>0x22a</size>
         <input_file_ref idref="fl-d6"/>
      </object_component>
      <object_component id="oc-4a0">
         <name>.debug_info</name>
         <load_address>0xc43c</load_address>
         <run_address>0xc43c</run_address>
         <size>0x28f</size>
         <input_file_ref idref="fl-d7"/>
      </object_component>
      <object_component id="oc-444">
         <name>.debug_info</name>
         <load_address>0xc6cb</load_address>
         <run_address>0xc6cb</run_address>
         <size>0x18a</size>
         <input_file_ref idref="fl-d7"/>
      </object_component>
      <object_component id="oc-4c9">
         <name>.debug_info</name>
         <load_address>0xc855</load_address>
         <run_address>0xc855</run_address>
         <size>0x39</size>
         <input_file_ref idref="fl-d7"/>
      </object_component>
      <object_component id="oc-4a1">
         <name>.debug_info</name>
         <load_address>0xc88e</load_address>
         <run_address>0xc88e</run_address>
         <size>0x2c</size>
         <input_file_ref idref="fl-d7"/>
      </object_component>
      <object_component id="oc-4ad">
         <name>.debug_info</name>
         <load_address>0xc8ba</load_address>
         <run_address>0xc8ba</run_address>
         <size>0x2f2</size>
         <input_file_ref idref="fl-d8"/>
      </object_component>
      <object_component id="oc-449">
         <name>.debug_info</name>
         <load_address>0xcbac</load_address>
         <run_address>0xcbac</run_address>
         <size>0x21a</size>
         <input_file_ref idref="fl-d8"/>
      </object_component>
      <object_component id="oc-4a7">
         <name>.debug_info</name>
         <load_address>0xcdc6</load_address>
         <run_address>0xcdc6</run_address>
         <size>0x156</size>
         <input_file_ref idref="fl-d9"/>
      </object_component>
      <object_component id="oc-45d">
         <name>.debug_info</name>
         <load_address>0xcf1c</load_address>
         <run_address>0xcf1c</run_address>
         <size>0x284</size>
         <input_file_ref idref="fl-da"/>
      </object_component>
      <object_component id="oc-396">
         <name>.debug_info</name>
         <load_address>0xd1a0</load_address>
         <run_address>0xd1a0</run_address>
         <size>0x14f</size>
         <input_file_ref idref="fl-da"/>
      </object_component>
      <object_component id="oc-4b2">
         <name>.debug_info</name>
         <load_address>0xd2ef</load_address>
         <run_address>0xd2ef</run_address>
         <size>0x46</size>
         <input_file_ref idref="fl-da"/>
      </object_component>
      <object_component id="oc-458">
         <name>.debug_info</name>
         <load_address>0xd335</load_address>
         <run_address>0xd335</run_address>
         <size>0x39</size>
         <input_file_ref idref="fl-da"/>
      </object_component>
      <object_component id="oc-423">
         <name>.debug_info</name>
         <load_address>0xd36e</load_address>
         <run_address>0xd36e</run_address>
         <size>0x144</size>
         <input_file_ref idref="fl-db"/>
      </object_component>
      <object_component id="oc-373">
         <name>.debug_info</name>
         <load_address>0xd4b2</load_address>
         <run_address>0xd4b2</run_address>
         <size>0x120</size>
         <input_file_ref idref="fl-dc"/>
      </object_component>
      <object_component id="oc-40e">
         <name>.debug_info</name>
         <load_address>0xd5d2</load_address>
         <run_address>0xd5d2</run_address>
         <size>0x122</size>
         <input_file_ref idref="fl-dc"/>
      </object_component>
      <object_component id="oc-409">
         <name>.debug_info</name>
         <load_address>0xd6f4</load_address>
         <run_address>0xd6f4</run_address>
         <size>0x132</size>
         <input_file_ref idref="fl-dd"/>
      </object_component>
      <object_component id="oc-404">
         <name>.debug_info</name>
         <load_address>0xd826</load_address>
         <run_address>0xd826</run_address>
         <size>0x132</size>
         <input_file_ref idref="fl-de"/>
      </object_component>
      <object_component id="oc-413">
         <name>.debug_info</name>
         <load_address>0xd958</load_address>
         <run_address>0xd958</run_address>
         <size>0x126</size>
         <input_file_ref idref="fl-df"/>
      </object_component>
      <object_component id="oc-41f">
         <name>.debug_info</name>
         <load_address>0xda7e</load_address>
         <run_address>0xda7e</run_address>
         <size>0x124</size>
         <input_file_ref idref="fl-e0"/>
      </object_component>
      <object_component id="oc-3ff">
         <name>.debug_info</name>
         <load_address>0xdba2</load_address>
         <run_address>0xdba2</run_address>
         <size>0x12c</size>
         <input_file_ref idref="fl-e1"/>
      </object_component>
      <object_component id="oc-462">
         <name>.debug_info</name>
         <load_address>0xdcce</load_address>
         <run_address>0xdcce</run_address>
         <size>0x27e</size>
         <input_file_ref idref="fl-e2"/>
      </object_component>
      <object_component id="oc-45f">
         <name>.debug_info</name>
         <load_address>0xdf4c</load_address>
         <run_address>0xdf4c</run_address>
         <size>0x103</size>
         <input_file_ref idref="fl-e2"/>
      </object_component>
      <object_component id="oc-39c">
         <name>.debug_info</name>
         <load_address>0xe04f</load_address>
         <run_address>0xe04f</run_address>
         <size>0x143</size>
         <input_file_ref idref="fl-e2"/>
      </object_component>
      <object_component id="oc-48f">
         <name>.debug_info</name>
         <load_address>0xe192</load_address>
         <run_address>0xe192</run_address>
         <size>0x10d</size>
         <input_file_ref idref="fl-e3"/>
      </object_component>
      <object_component id="oc-289">
         <name>.debug_info</name>
         <load_address>0xe29f</load_address>
         <run_address>0xe29f</run_address>
         <size>0x464</size>
         <input_file_ref idref="fl-e4"/>
      </object_component>
      <object_component id="oc-286">
         <name>.debug_info</name>
         <load_address>0xe703</load_address>
         <run_address>0xe703</run_address>
         <size>0x167</size>
         <input_file_ref idref="fl-e4"/>
      </object_component>
      <object_component id="oc-1d4">
         <name>.debug_info</name>
         <load_address>0xe86a</load_address>
         <run_address>0xe86a</run_address>
         <size>0x27d</size>
         <input_file_ref idref="fl-e4"/>
      </object_component>
      <object_component id="oc-2a4">
         <name>.debug_info</name>
         <load_address>0xeae7</load_address>
         <run_address>0xeae7</run_address>
         <size>0x6bd</size>
         <input_file_ref idref="fl-e4"/>
      </object_component>
      <object_component id="oc-152">
         <name>.debug_info</name>
         <load_address>0xf1a4</load_address>
         <run_address>0xf1a4</run_address>
         <size>0x18b</size>
         <input_file_ref idref="fl-e4"/>
      </object_component>
      <object_component id="oc-2a3">
         <name>.debug_info</name>
         <load_address>0xf32f</load_address>
         <run_address>0xf32f</run_address>
         <size>0x3d9</size>
         <input_file_ref idref="fl-e5"/>
      </object_component>
      <object_component id="oc-1e8">
         <name>.debug_info</name>
         <load_address>0xf708</load_address>
         <run_address>0xf708</run_address>
         <size>0x284</size>
         <input_file_ref idref="fl-e5"/>
[...]
         <name>HAL_LCD_writeData</name>
         <value>0x1f19</value>
         <object_component_ref idref="oc-26c"/>
      </symbol>
      <symbol id="sm-ac">
         <name>HAL_LCD_SpiInit</name>
         <value>0x1f79</value>
         <object_component_ref idref="oc-26c"/>
      </symbol>
      <symbol id="sm-ad">
         <name>HAL_LCD_PortInit</name>
         <value>0x2009</value>
         <object_component_ref idref="oc-26c"/>
      </symbol>
      <symbol id="sm-ae">
         <name>HAL_LCD_writeCommand</name>
         <value>0x1f29</value>
         <object_component_ref idref="oc-26c"/>
      </symbol>
      <symbol id="sm-e5">
         <name>gADCSamplingRate</name>
         <value>0x20008854</value>
      </symbol>
      <symbol id="sm-e6">
         <name>ButtonDebounce</name>
         <value>0xf01</value>
         <object_component_ref idref="oc-2a"/>
      </symbol>
      <symbol id="sm-e7">
         <name>ButtonReadJoystick</name>
         <value>0xc69</value>
         <object_component_ref idref="oc-2a"/>
      </symbol>
      <symbol id="sm-e8">
         <name>ButtonAutoRepeat</name>
         <value>0xf71</value>
         <object_component_ref idref="oc-2a"/>
      </symbol>
      <symbol id="sm-e9">
         <name>gButtons</name>
         <value>0x2000802c</value>
         <object_component_ref idref="oc-8c"/>
      </symbol>
      <symbol id="sm-ea">
         <name>ButtonISR</name>
         <value>0xff1</value>
         <object_component_ref idref="oc-2a"/>
      </symbol>
      <symbol id="sm-eb">
         <name>ButtonInit</name>
         <value>0xd49</value>
         <object_component_ref idref="oc-2a"/>
      </symbol>
      <symbol id="sm-ec">
         <name>gJoystick</name>
         <value>0x20008024</value>
         <object_component_ref idref="oc-7d"/>
      </symbol>
      <symbol id="sm-10d">
         <name>gSystemClock</name>
         <value>0x20008858</value>
      </symbol>
      <symbol id="sm-10e">
         <name>gTime</name>
         <value>0x20008034</value>
         <object_component_ref idref="oc-109"/>
      </symbol>
      <symbol id="sm-10f">
         <name>main</name>
         <value>0x2441</value>
         <object_component_ref idref="oc-13f"/>
      </symbol>
      <symbol id="sm-11e">
         <name>SysCtlFrequencyGet</name>
         <value>0x3269</value>
         <object_component_ref idref="oc-d4"/>
      </symbol>
      <symbol id="sm-13a">
         <name>ResetISR</name>
         <value>0x36f9</value>
         <object_component_ref idref="oc-24"/>
      </symbol>
      <symbol id="sm-13b">
         <name>g_pfnVectors</name>
         <value>0x0</value>
         <object_component_ref idref="oc-f"/>
      </symbol>
      <symbol id="sm-154">
         <name>__TI_zero_init_nomemset</name>
         <value>0x3825</value>
         <object_component_ref idref="oc-4a"/>
      </symbol>
      <symbol id="sm-16b">
         <name>__TI_decompress_none</name>
         <value>0x38b3</value>
         <object_component_ref idref="oc-18"/>
      </symbol>
      <symbol id="sm-18e">
         <name>__TI_decompress_lzss</name>
         <value>0x2efd</value>
         <object_component_ref idref="oc-12"/>
      </symbol>
      <symbol id="sm-1a1">
         <name>__stack</name>
         <value>0x20008040</value>
         <object_component_ref idref="oc-21"/>
      </symbol>
      <symbol id="sm-1a2">
         <name>_c_int00_noargs</name>
         <value>0x34c5</value>
         <object_component_ref idref="oc-5c"/>
      </symbol>
      <symbol id="sm-1ad">
         <name>C$$EXIT</name>
         <value>0x3921</value>
         <object_component_ref idref="oc-1f8"/>
      </symbol>
      <symbol id="sm-1ae">
         <name>abort</name>
         <value>0x3921</value>
         <object_component_ref idref="oc-1f8"/>
      </symbol>
      <symbol id="sm-1df">
         <name>snprintf</name>
         <value>0x31cd</value>
         <object_component_ref idref="oc-1eb"/>
      </symbol>
      <symbol id="sm-1ee">
         <name>__aeabi_memset</name>
         <value>0x2d47</value>
         <object_component_ref idref="oc-133"/>
      </symbol>
      <symbol id="sm-1ef">
         <name>memset</name>
         <value>0x2d4d</value>
         <object_component_ref idref="oc-133"/>
      </symbol>
      <symbol id="sm-1f0">
         <name>__aeabi_memset8</name>
         <value>0x2d47</value>
         <object_component_ref idref="oc-133"/>
      </symbol>
      <symbol id="sm-1f1">
         <name>__aeabi_memset4</name>
         <value>0x2d47</value>
         <object_component_ref idref="oc-133"/>
      </symbol>
      <symbol id="sm-1f2">
         <name>__aeabi_memclr8</name>
         <value>0x2d45</value>
         <object_component_ref idref="oc-133"/>
      </symbol>
      <symbol id="sm-1f3">
         <name>__aeabi_memclr4</name>
         <value>0x2d45</value>
         <object_component_ref idref="oc-133"/>
      </symbol>
      <symbol id="sm-1f4">
         <name>__aeabi_memclr</name>
         <value>0x2d45</value>
         <object_component_ref idref="oc-133"/>
      </symbol>
      <symbol id="sm-20f">
         <name>memcpy</name>
         <value>0x2a07</value>
         <object_component_ref idref="oc-3e"/>
      </symbol>
      <symbol id="sm-210">
         <name>__aeabi_memcpy</name>
         <value>0x2a07</value>
         <object_component_ref idref="oc-3e"/>
      </symbol>
      <symbol id="sm-211">
         <name>__aeabi_memcpy8</name>
         <value>0x2a07</value>
         <object_component_ref idref="oc-3e"/>
      </symbol>
      <symbol id="sm-212">
         <name>__aeabi_memcpy4</name>
         <value>0x2a07</value>
         <object_component_ref idref="oc-3e"/>
      </symbol>
      <symbol id="sm-23a">
         <name>__TI_auto_init_nobinit_nopinit</name>
         <value>0x338d</value>
         <object_component_ref idref="oc-204"/>
      </symbol>
      <symbol id="sm-244">
         <name>_system_pre_init</name>
         <value>0x391d</value>
         <object_component_ref idref="oc-139"/>
      </symbol>
      <symbol id="sm-3aa">
         <name>__TI_printfi</name>
         <value>0x209</value>
         <object_component_ref idref="oc-2a9"/>
      </symbol>
      <symbol id="sm-3c0">
         <name>atoi</name>
         <value>0x3181</value>
         <object_component_ref idref="oc-366"/>
      </symbol>
      <symbol id="sm-3cb">
         <name>_ctypes_</name>
         <value>0x3d3c</value>
         <object_component_ref idref="oc-3f7"/>
      </symbol>
      <symbol id="sm-3da">
         <name>ltoa</name>
         <value>0x30d9</value>
         <object_component_ref idref="oc-417"/>
      </symbol>
      <symbol id="sm-3ea">
         <name>memccpy</name>
         <value>0x36dd</value>
         <object_component_ref idref="oc-38f"/>
      </symbol>
      <symbol id="sm-3fa">
         <name>strchr</name>
         <value>0x3789</value>
         <object_component_ref idref="oc-44e"/>
      </symbol>
      <symbol id="sm-408">
         <name>strlen</name>
         <value>0x37c9</value>
         <object_component_ref idref="oc-360"/>
      </symbol>
      <symbol id="sm-428">
         <name>frexpl</name>
         <value>0x2f65</value>
         <object_component_ref idref="oc-442"/>
      </symbol>
      <symbol id="sm-429">
         <name>frexp</name>
         <value>0x2f65</value>
         <object_component_ref idref="oc-442"/>
      </symbol>
      <symbol id="sm-446">
         <name>scalbn</name>
         <value>0x2685</value>
         <object_component_ref idref="oc-448"/>
      </symbol>
      <symbol id="sm-447">
         <name>scalbnl</name>
         <value>0x2685</value>
         <object_component_ref idref="oc-448"/>
      </symbol>
      <symbol id="sm-448">
         <name>ldexpl</name>
         <value>0x2685</value>
         <object_component_ref idref="oc-448"/>
      </symbol>
      <symbol id="sm-449">
         <name>ldexp</name>
         <value>0x2685</value>
         <object_component_ref idref="oc-448"/>
      </symbol>
      <symbol id="sm-453">
         <name>copysign</name>
         <value>0x37b5</value>
         <object_component_ref idref="oc-4a6"/>
      </symbol>
      <symbol id="sm-454">
         <name>copysignl</name>
         <value>0x37b5</value>
         <object_component_ref idref="oc-4a6"/>
      </symbol>
      <symbol id="sm-46d">
         <name>wcslen</name>
         <value>0x3837</value>
         <object_component_ref idref="oc-395"/>
      </symbol>
      <symbol id="sm-484">
         <name>__aeabi_dsub</name>
         <value>0x1d5d</value>
         <object_component_ref idref="oc-422"/>
      </symbol>
      <symbol id="sm-485">
         <name>__aeabi_dadd</name>
         <value>0x1d67</value>
         <object_component_ref idref="oc-422"/>
      </symbol>
      <symbol id="sm-4a7">
         <name>__aeabi_cdcmpeq</name>
         <value>0x2bbf</value>
         <object_component_ref idref="oc-372"/>
      </symbol>
      <symbol id="sm-4a8">
         <name>__aeabi_cdcmple</name>
         <value>0x2bbf</value>
         <object_component_ref idref="oc-372"/>
      </symbol>
      <symbol id="sm-4a9">
         <name>__aeabi_cdrcmple</name>
         <value>0x2c45</value>
         <object_component_ref idref="oc-40d"/>
      </symbol>
      <symbol id="sm-4bd">
         <name>__aeabi_ddiv</name>
         <value>0x21d5</value>
         <object_component_ref idref="oc-408"/>
      </symbol>
      <symbol id="sm-4c8">
         <name>__aeabi_dmul</name>
         <value>0x2795</value>
         <object_component_ref idref="oc-403"/>
      </symbol>
      <symbol id="sm-4d2">
         <name>__aeabi_d2iz</name>
         <value>0x3345</value>
         <object_component_ref idref="oc-412"/>
      </symbol>
      <symbol id="sm-4dc">
         <name>__aeabi_i2d</name>
         <value>0x35bd</value>
         <object_component_ref idref="oc-41d"/>
      </symbol>
      <symbol id="sm-4e9">
         <name>__aeabi_uldivmod</name>
         <value>0x2aa3</value>
         <object_component_ref idref="oc-3fc"/>
      </symbol>
      <symbol id="sm-4ff">
         <name>__aeabi_errno_addr</name>
         <value>0x3911</value>
         <object_component_ref idref="oc-39b"/>
      </symbol>
      <symbol id="sm-500">
         <name>errno</name>
         <value>0x20008038</value>
         <object_component_ref idref="oc-45e"/>
      </symbol>
      <symbol id="sm-50a">
         <name>__aeabi_idiv0</name>
         <value>0xc67</value>
         <object_component_ref idref="oc-48d"/>
      </symbol>
      <symbol id="sm-50b">
         <name>__aeabi_ldiv0</name>
         <value>0xc67</value>
         <object_component_ref idref="oc-48d"/>
      </symbol>
      <symbol id="sm-530">
         <name>GrContextInit</name>
         <value>0x2e2d</value>
         <object_component_ref idref="oc-1d0"/>
      </symbol>
      <symbol id="sm-531">
         <name>g_psDefaultCodePointMapTable</name>
         <value>0x4168</value>
         <object_component_ref idref="oc-285"/>
      </symbol>
      <symbol id="sm-53f">
         <name>GrRectFill</name>
         <value>0x2b39</value>
         <object_component_ref idref="oc-1e5"/>
      </symbol>
      <symbol id="sm-5ce">
         <name>GrFontInfoGet</name>
         <value>0x3615</value>
         <object_component_ref idref="oc-32d"/>
      </symbol>
      <symbol id="sm-5cf">
         <name>GrDefaultStringRenderer</name>
         <value>0x2891</value>
         <object_component_ref idref="oc-27f"/>
      </symbol>
      <symbol id="sm-5d0">
         <name>GrFontGlyphRender</name>
         <value>0x1731</value>
         <object_component_ref idref="oc-33f"/>
      </symbol>
      <symbol id="sm-5d1">
         <name>GrContextFontSet</name>
         <value>0x243b</value>
         <object_component_ref idref="oc-1d9"/>
      </symbol>
      <symbol id="sm-5d2">
         <name>GrFontGlyphDataGet</name>
         <value>0x3661</value>
         <object_component_ref idref="oc-339"/>
      </symbol>
      <symbol id="sm-5d3">
         <name>GrStringDraw</name>
         <value>0x3773</value>
         <object_component_ref idref="oc-1f1"/>
      </symbol>
      <symbol id="sm-5d4">
         <name>GrFontCodepageGet</name>
         <value>0x36a1</value>
         <object_component_ref idref="oc-354"/>
      </symbol>
      <symbol id="sm-5d5">
         <name>GrStringNextCharGet</name>
         <value>0x358f</value>
         <object_component_ref idref="oc-333"/>
      </symbol>
      <symbol id="sm-5e7">
         <name>g_sFontFixed6x8</name>
         <value>0x3e40</value>
         <object_component_ref idref="oc-1d6"/>
      </symbol>
      <symbol id="sm-5f4">
         <name>GrMapISO8859_1_Unicode</name>
         <value>0x38f7</value>
         <object_component_ref idref="oc-346"/>
      </symbol>
      <symbol id="sm-64a">
         <name>ADCProcessorTrigger</name>
         <value>0x372b</value>
         <object_component_ref idref="oc-71"/>
      </symbol>
      <symbol id="sm-64b">
         <name>ADCSequenceEnable</name>
         <value>0x3897</value>
         <object_component_ref idref="oc-f5"/>
      </symbol>
      <symbol id="sm-64c">
         <name>ADCSequenceConfigure</name>
         <value>0x33d1</value>
         <object_component_ref idref="oc-e9"/>
      </symbol>
      <symbol id="sm-64d">
         <name>ADCSequenceStepConfigure</name>
         <value>0x2ccb</value>
         <object_component_ref idref="oc-ef"/>
      </symbol>
      <symbol id="sm-64e">
         <name>ADCIntClear</name>
         <value>0x38d9</value>
         <object_component_ref idref="oc-86"/>
      </symbol>
      <symbol id="sm-64f">
         <name>ADCIntStatus</name>
         <value>0x3561</value>
         <object_component_ref idref="oc-77"/>
      </symbol>
      <symbol id="sm-650">
         <name>ADCSequenceDisable</name>
         <value>0x3889</value>
         <object_component_ref idref="oc-e3"/>
      </symbol>
      <symbol id="sm-651">
         <name>ADCClockConfigSet</name>
         <value>0x3713</value>
         <object_component_ref idref="oc-dd"/>
      </symbol>
      <symbol id="sm-652">
         <name>ADCSequenceDataGet</name>
         <value>0x3683</value>
         <object_component_ref idref="oc-80"/>
      </symbol>
      <symbol id="sm-668">
         <name>FPULazyStackingEnable</name>
         <value>0x3859</value>
         <object_component_ref idref="oc-1bb"/>
      </symbol>
      <symbol id="sm-669">
         <name>FPUEnable</name>
         <value>0x3849</value>
         <object_component_ref idref="oc-1b5"/>
      </symbol>
      <symbol id="sm-6c3">
         <name>GPIOPinConfigure</name>
         <value>0x32b5</value>
         <object_component_ref idref="oc-31d"/>
      </symbol>
      <symbol id="sm-6c4">
         <name>GPIOPinTypeADC</name>
         <value>0x37dd</value>
         <object_component_ref idref="oc-ce"/>
      </symbol>
      <symbol id="sm-6c5">
         <name>GPIOPinTypeGPIOInput</name>
         <value>0x37ef</value>
         <object_component_ref idref="oc-c2"/>
      </symbol>
      <symbol id="sm-6c6">
         <name>GPIOPinTypeGPIOOutput</name>
         <value>0x3743</value>
         <object_component_ref idref="oc-323"/>
      </symbol>
      <symbol id="sm-6c7">
         <name>GPIOPinRead</name>
         <value>0x10cb</value>
         <object_component_ref idref="oc-103"/>
      </symbol>
      <symbol id="sm-6c8">
         <name>GPIODirModeSet</name>
         <value>0x35eb</value>
         <object_component_ref idref="oc-17d"/>
      </symbol>
      <symbol id="sm-6c9">
         <name>GPIOPinWrite</name>
         <value>0x1f13</value>
         <object_component_ref idref="oc-305"/>
      </symbol>
      <symbol id="sm-6ca">
         <name>GPIOPadConfigSet</name>
         <value>0x230b</value>
         <object_component_ref idref="oc-c8"/>
      </symbol>
      <symbol id="sm-6cb">
         <name>GPIOPinTypeSSI</name>
         <value>0x3801</value>
         <object_component_ref idref="oc-317"/>
      </symbol>
      <symbol id="sm-715">
         <name>IntPrioritySet</name>
         <value>0x363d</value>
         <object_component_ref idref="oc-b6"/>
      </symbol>
      <symbol id="sm-716">
         <name>IntEnable</name>
         <value>0x2e95</value>
         <object_component_ref idref="oc-bc"/>
      </symbol>
      <symbol id="sm-717">
         <name>IntMasterDisable</name>
         <value>0x3869</value>
         <object_component_ref idref="oc-1af"/>
      </symbol>
      <symbol id="sm-718">
         <name>IntMasterEnable</name>
         <value>0x3879</value>
         <object_component_ref idref="oc-1df"/>
      </symbol>
      <symbol id="sm-73f">
         <name>SSIDataPut</name>
         <value>0x38e3</value>
         <object_component_ref idref="oc-2f9"/>
      </symbol>
      <symbol id="sm-740">
         <name>SSIConfigSetExpClk</name>
         <value>0x344d</value>
         <object_component_ref idref="oc-30b"/>
      </symbol>
      <symbol id="sm-741">
         <name>SSIEnable</name>
         <value>0x38ed</value>
         <object_component_ref idref="oc-311"/>
      </symbol>
      <symbol id="sm-742">
         <name>SSIBusy</name>
         <value>0x38ff</value>
         <object_component_ref idref="oc-2ff"/>
      </symbol>
      <symbol id="sm-7b2">
         <name>SysCtlDelay</name>
         <value>0x3263</value>
         <object_component_ref idref="oc-275"/>
      </symbol>
      <symbol id="sm-7b3">
         <name>SysCtlPeripheralEnable</name>
         <value>0x34fd</value>
         <object_component_ref idref="oc-8f"/>
      </symbol>
      <symbol id="sm-7b4">
         <name>SysCtlClockFreqSet</name>
         <value>0x1989</value>
         <object_component_ref idref="oc-1c1"/>
      </symbol>
      <symbol id="sm-7f2">
         <name>TimerLoadSet</name>
         <value>0x3813</value>
         <object_component_ref idref="oc-a4"/>
      </symbol>
      <symbol id="sm-7f3">
         <name>TimerDisable</name>
         <value>0x37a1</value>
         <object_component_ref idref="oc-95"/>
      </symbol>
      <symbol id="sm-7f4">
         <name>TimerEnable</name>
         <value>0x38a5</value>
         <object_component_ref idref="oc-b0"/>
      </symbol>
      <symbol id="sm-7f5">
         <name>TimerIntEnable</name>
         <value>0x3907</value>
         <object_component_ref idref="oc-aa"/>
      </symbol>
      <symbol id="sm-7f6">
         <name>TimerConfigure</name>
         <value>0x2fc9</value>
         <object_component_ref idref="oc-9b"/>
      </symbol>
      <symbol id="sm-7f7">
         <name>TimerIntClear</name>
         <value>0x3919</value>
         <object_component_ref idref="oc-fd"/>
      </symbol>
      <symbol id="sm-809">
         <name>CPUcpsie</name>
         <value>0x38cd</value>
         <object_component_ref idref="oc-29b"/>
      </symbol>
      <symbol id="sm-80a">
         <name>CPUcpsid</name>
         <value>0x38c1</value>
         <object_component_ref idref="oc-24c"/>
      </symbol>
      <symbol id="sm-80b">
         <name>__TI_static_base__</name>
         <value>0x0</value>
      </symbol>
      <symbol id="sm-80e">
         <name>__mpu_init</name>
         <value>0x0</value>
      </symbol>
      <symbol id="sm-80f">
         <name>_system_post_cinit</name>
         <value>0x0</value>
      </symbol>
   </symbol_table>
   <title>Link successful</title>
</link_info>
