******************************************************************************
                  TI ARM Linker PC v18.1.4                     
******************************************************************************
>> Linked Thu Mar 28 15:29:36 2019

OUTPUT FILE NAME:   <ece3849_lab0_starter.out>
ENTRY POINT SYMBOL: "_c_int00_noargs"  address: 0000354d


MEMORY CONFIGURATION

         name            origin    length      used     unused   attr    fill
----------------------  --------  ---------  --------  --------  ----  --------
  FLASH                 00000000   00100000  00004252  000fbdae  R  X
  SRAM                  20000000   00040000  0000886a  00037796  RW X


SEGMENT ALLOCATION MAP

run origin  load origin   length   init length attrs members
----------  ----------- ---------- ----------- ----- -------
00000000    00000000    00004258   00004258    r-x
  00000000    00000000    00000208   00000208    r-- .intvecs
  00000208    00000208    000037b6   000037b6    r-x .text
  000039c0    000039c0    0000085c   0000085c    r-- .const
  00004220    00004220    00000038   00000038    r-- .cinit
20000000    20000000    0000886a   00000000    rw-
  20000000    20000000    00008040   00000000    rw- .data
  20008040    20008040    00000800   00000000    rw- .stack
  20008840    20008840    0000002a   00000000    rw- .bss


SECTION ALLOCATION MAP

 output                                  attributes/
section   page    origin      length       input sections
--------  ----  ----------  ----------   ----------------
.intvecs   0    00000000    00000208     
                  00000000    00000208     tm4c1294ncpdt_startup_ccs.obj (.intvecs)

.text      0    00000208    000037b6     
                  00000208    00000a5e     rtsv7M4_T_le_v4SPD16_eabi.lib : _printfi.c.obj (.text:__TI_printfi)
                  00000c66    00000002                                   : div0.asm.obj (.text)
                  00000c68    0000046e     buttons.obj (.text)
                  000010d6    00000002     --HOLE-- [fill = 0]
                  000010d8    000003f0     Crystalfontz128x128_ST7735.obj (.text)
                  000014c8    00000270     rtsv7M4_T_le_v4SPD16_eabi.lib : _printfi.c.obj (.text:_pconv_a)
                  00001738    00000256     grlib.lib : string.obj (.text:GrFontGlyphRender)
                  0000198e    00000002     --HOLE-- [fill = 0]
                  00001990    00000204     driverlib.lib : sysctl.obj (.text:SysCtlClockFreqSet)
                  00001b94    000001d0     rtsv7M4_T_le_v4SPD16_eabi.lib : _printfi.c.obj (.text:_pconv_g)
                  00001d64    000001b6                                   : fd_add_t2.asm.obj (.text)
                  00001f1a    00000006     driverlib.lib : gpio.obj (.text:GPIOPinRead)
                  00001f20    000001a6     main.obj (.text)
                  000020c6    00000002     --HOLE-- [fill = 0]
                  000020c8    0000017e     HAL_EK_TM4C1294XL_Crystalfontz128x128_ST7735.obj (.text)
                  00002246    00000002     --HOLE-- [fill = 0]
                  00002248    0000013c     rtsv7M4_T_le_v4SPD16_eabi.lib : _printfi.c.obj (.text:_pconv_e)
                  00002384    00000136                                   : fd_div_t2.asm.obj (.text)
                  000024ba    00000130     driverlib.lib : gpio.obj (.text:GPIOPadConfigSet)
                  000025ea    00000002     --HOLE-- [fill = 0]
                  000025ec    00000124     rtsv7M4_T_le_v4SPD16_eabi.lib : _printfi.c.obj (.text:fcvt)
                  00002710    00000110                                   : s_scalbn.c.obj (.text:scalbn)
                  00002820    000000fc                                   : fd_mul_t2.asm.obj (.text)
                  0000291c    000000c4     grlib.lib : string.obj (.text:GrDefaultStringRenderer)
                  000029e0    000000b1     rtsv7M4_T_le_v4SPD16_eabi.lib : _printfi.c.obj (.text:_ltostr)
                  00002a91    00000001     --HOLE-- [fill = 0]
                  00002a92    0000009c                                   : memcpy_t2.asm.obj (.text)
                  00002b2e    00000096                                   : ull_div_t2.asm.obj (.text)
                  00002bc4    00000086     grlib.lib : rectangle.obj (.text:GrRectFill)
                  00002c4a    00000086     rtsv7M4_T_le_v4SPD16_eabi.lib : fd_cmp_t2.asm.obj (.text:__aeabi_cdcmple)
                  00002cd0    00000086                                   : fd_cmp_t2.asm.obj (.text:__aeabi_cdrcmple)
                  00002d56    0000007a     driverlib.lib : adc.obj (.text:ADCSequenceStepConfigure)
                  00002dd0    0000007a     rtsv7M4_T_le_v4SPD16_eabi.lib : memset_t2.asm.obj (.text)
                  00002e4a    0000006e                                   : _printfi.c.obj (.text:_mcpy)
                  00002eb8    00000068     grlib.lib : context.obj (.text:GrContextInit)
                  00002f20    00000068     driverlib.lib : interrupt.obj (.text:IntEnable)
                  00002f88    00000068     rtsv7M4_T_le_v4SPD16_eabi.lib : copy_decompress_lzss.c.obj (.text:decompress:lzss:__TI_decompress_lzss)
                  00002ff0    00000064                                   : s_frexp.c.obj (.text:frexp)
                  00003054    00000060     driverlib.lib : timer.obj (.text:TimerConfigure)
                  000030b4    0000005a     grlib.lib : string.obj (.text:FontWideGlyphDataGet)
                  0000310e    00000056     rtsv7M4_T_le_v4SPD16_eabi.lib : _printfi.c.obj (.text:_pconv_f)
                  00003164    00000054                                   : ltoa.c.obj (.text:ltoa)
                  000031b8    00000052                                   : _printfi.c.obj (.text:_ecpy)
                  0000320a    00000002     --HOLE-- [fill = 0]
                  0000320c    0000004c                                   : atoi.c.obj (.text:atoi)
                  00003258    0000004c                                   : snprintf.c.obj (.text:snprintf)
                  000032a4    0000004a     grlib.lib : string.obj (.text:UpdateContextCharMapping)
                  000032ee    00000002     --HOLE-- [fill = 0]
                  000032f0    0000004a     sysctl_pll.obj (.text)
                  0000333a    00000002     --HOLE-- [fill = 0]
                  0000333c    00000048     driverlib.lib : gpio.obj (.text:GPIOPinConfigure)
                  00003384    00000048                   : sysctl.obj (.text:_SysCtlFrequencyGet)
                  000033cc    00000048     rtsv7M4_T_le_v4SPD16_eabi.lib : fd_toi_t2.asm.obj (.text)
                  00003414    00000044                                   : autoinit.c.obj (.text:__TI_auto_init_nobinit_nopinit:__TI_auto_init_nobinit_nopinit)
                  00003458    0000003e     driverlib.lib : adc.obj (.text:ADCSequenceConfigure)
                  00003496    0000003e     rtsv7M4_T_le_v4SPD16_eabi.lib : _printfi.c.obj (.text:_fcpy)
                  000034d4    0000003c     driverlib.lib : ssi.obj (.text:SSIConfigSetExpClk)
                  00003510    0000003a     grlib.lib : string.obj (.text:FontGlyphDataGet)
                  0000354a    00000002     --HOLE-- [fill = 0]
                  0000354c    00000038     rtsv7M4_T_le_v4SPD16_eabi.lib : boot_cortex_m.c.obj (.text:_c_int00_noargs:_c_int00_noargs)
                  00003584    00000034     driverlib.lib : sysctl.obj (.text:SysCtlPeripheralEnable)
                  000035b8    00000030     rtsv7M4_T_le_v4SPD16_eabi.lib : snprintf.c.obj (.text:_outs)
                  000035e8    0000002e     driverlib.lib : adc.obj (.text:ADCIntStatus)
                  00003616    0000002e     grlib.lib : string.obj (.text:GrStringNextCharGet)
                  00003644    0000002e     rtsv7M4_T_le_v4SPD16_eabi.lib : i_tofd_t2.asm.obj (.text)
                  00003672    0000002a     driverlib.lib : gpio.obj (.text:GPIODirModeSet)
                  0000369c    00000026     grlib.lib : string.obj (.text:GrFontInfoGet)
                  000036c2    00000002     --HOLE-- [fill = 0]
                  000036c4    00000024     driverlib.lib : interrupt.obj (.text:IntPrioritySet)
                  000036e8    00000022     grlib.lib : string.obj (.text:GrFontGlyphDataGet)
                  0000370a    0000001e     driverlib.lib : adc.obj (.text:ADCSequenceDataGet)
                  00003728    0000001e     grlib.lib : string.obj (.text:GrFontCodepageGet)
                  00003746    00000002     --HOLE-- [fill = 0]
                  00003748    0000001c     driverlib.lib : sysctl.obj (.text:_SysCtlMemTimingGet)
                  00003764    0000001c     rtsv7M4_T_le_v4SPD16_eabi.lib : memccpy.c.obj (.text:memccpy)
                  00003780    0000001a     tm4c1294ncpdt_startup_ccs.obj (.text)
                  0000379a    00000018     driverlib.lib : adc.obj (.text:ADCClockConfigSet)
                  000037b2    00000018                   : adc.obj (.text:ADCProcessorTrigger)
                  000037ca    00000018                   : gpio.obj (.text:GPIOPinTypeGPIOOutput)
                  000037e2    00000018     rtsv7M4_T_le_v4SPD16_eabi.lib : snprintf.c.obj (.text:_outc)
                  000037fa    00000016     grlib.lib : string.obj (.text:GrStringDraw)
                  00003810    00000016     rtsv7M4_T_le_v4SPD16_eabi.lib : strchr.c.obj (.text:strchr)
                  00003826    00000002     --HOLE-- [fill = 0]
                  00003828    00000014     driverlib.lib : timer.obj (.text:TimerDisable)
                  0000383c    00000014     rtsv7M4_T_le_v4SPD16_eabi.lib : s_copysign.c.obj (.text:copysign)
                  00003850    00000014                                   : strlen.c.obj (.text:strlen)
                  00003864    00000012     driverlib.lib : gpio.obj (.text:GPIOPinTypeADC)
                  00003876    00000012                   : gpio.obj (.text:GPIOPinTypeGPIOInput)
                  00003888    00000012                   : gpio.obj (.text:GPIOPinTypeSSI)
                  0000389a    00000012                   : timer.obj (.text:TimerLoadSet)
                  000038ac    00000012     rtsv7M4_T_le_v4SPD16_eabi.lib : copy_zero_init.c.obj (.text:decompress:ZI:__TI_zero_init_nomemset:__TI_zero_init_nomemset)
                  000038be    00000012                                   : wcslen.c.obj (.text:wcslen)
                  000038d0    00000010     driverlib.lib : fpu.obj (.text:FPUEnable)
                  000038e0    00000010                   : fpu.obj (.text:FPULazyStackingEnable)
                  000038f0    00000010                   : interrupt.obj (.text:IntMasterDisable)
                  00003900    00000010                   : interrupt.obj (.text:IntMasterEnable)
                  00003910    0000000e                   : adc.obj (.text:ADCSequenceDisable)
                  0000391e    0000000e                   : adc.obj (.text:ADCSequenceEnable)
                  0000392c    0000000e                   : timer.obj (.text:TimerEnable)
                  0000393a    0000000e     rtsv7M4_T_le_v4SPD16_eabi.lib : copy_decompress_none.c.obj (.text:decompress:none:__TI_decompress_none)
                  00003948    0000000c     driverlib.lib : cpu.obj (.text:CPUcpsid)
                  00003954    0000000c                   : cpu.obj (.text:CPUcpsie)
                  00003960    0000000a                   : adc.obj (.text:ADCIntClear)
                  0000396a    0000000a                   : ssi.obj (.text:SSIDataPut)
                  00003974    0000000a                   : ssi.obj (.text:SSIEnable)
                  0000397e    00000008     grlib.lib : charmap.obj (.text:GrMapISO8859_1_Unicode)
                  00003986    00000008     driverlib.lib : ssi.obj (.text:SSIBusy)
                  0000398e    00000008                   : timer.obj (.text:TimerIntEnable)
                  00003996    00000002     --HOLE-- [fill = 0]
                  00003998    00000008     rtsv7M4_T_le_v4SPD16_eabi.lib : errno.c.obj (.text:__aeabi_errno_addr)
                  000039a0    00000006     driverlib.lib : gpio.obj (.text:GPIOPinWrite)
                  000039a6    00000006     grlib.lib : string.obj (.text:GrContextFontSet)
                  000039ac    00000006     driverlib.lib : sysctl.obj (.text:SysCtlDelay)
                  000039b2    00000004                   : timer.obj (.text:TimerIntClear)
                  000039b6    00000004     rtsv7M4_T_le_v4SPD16_eabi.lib : pre_init.c.obj (.text:_system_pre_init)
                  000039ba    00000004                                   : exit.c.obj (.text:abort:abort)

.const     0    000039c0    0000085c     
                  000039c0    000002f8     grlib.lib : fontfixed6x8.obj (.const:.string:g_pui8FontFixed6x8Data)
                  00003cb8    00000120     driverlib.lib : sysctl.obj (.const:g_pppui32XTALtoVCO)
                  00003dd8    00000101     rtsv7M4_T_le_v4SPD16_eabi.lib : ctype.c.obj (.const:.string:_ctypes_)
                  00003ed9    00000003     --HOLE-- [fill = 0]
                  00003edc    000000c8     grlib.lib : fontfixed6x8.obj (.const:g_sFontFixed6x8)
                  00003fa4    0000009c     driverlib.lib : interrupt.obj (.const:g_pui32Regs)
                  00004040    00000090                   : gpio.obj (.const:g_pui32GPIOBaseAddrs)
                  000040d0    00000070                   : interrupt.obj (.const)
                  00004140    0000006c                   : sysctl.obj (.const:g_pui32Xtals)
                  000041ac    00000030                   : sysctl.obj (.const:g_sXTALtoMEMTIM)
                  000041dc    00000028     Crystalfontz128x128_ST7735.obj (.const:g_sCrystalfontz128x128)
                  00004204    00000010     grlib.lib : context.obj (.const)
                  00004214    00000008     driverlib.lib : sysctl.obj (.const)

.cinit     0    00004220    00000038     
                  00004220    00000014     (.cinit..data.load) [load image, compression = lzss]
                  00004234    0000000c     (__TI_handler_table)
                  00004240    00000008     (.cinit..bss.load) [load image, compression = zero_init]
                  00004248    00000010     (__TI_cinit_table)

.init_array 
*          0    00000000    00000000     UNINITIALIZED

.data      0    20000000    00008040     UNINITIALIZED
                  20000000    00008000     Crystalfontz128x128_ST7735.obj (.data:Lcd_buffer)
                  20008000    00000024     buttons.obj (.data:count$2)
                  20008024    0000000a     buttons.obj (.data)
                  2000802e    00000002     --HOLE--
                  20008030    00000008     buttons.obj (.data:gJoystick)
                  20008038    00000004     main.obj (.data)
                  2000803c    00000004     rtsv7M4_T_le_v4SPD16_eabi.lib : errno.c.obj (.data)

.bss       0    20008840    0000002a     UNINITIALIZED
                  20008840    00000014     buttons.obj (.bss:state$1)
                  20008854    00000004     (.common:gADCSamplingRate)
                  20008858    00000004     (.common:gSystemClock)
                  2000885c    00000004     (.common:g_psGrLibDefaults)
                  20008860    00000002     (.common:Lcd_ScreenHeigth)
                  20008862    00000002     (.common:Lcd_ScreenWidth)
                  20008864    00000002     (.common:Lcd_TouchTrim)
                  20008866    00000001     (.common:Lcd_FlagRead)
                  20008867    00000001     (.common:Lcd_FontSolid)
                  20008868    00000001     (.common:Lcd_Orientation)
                  20008869    00000001     (.common:Lcd_PenSolid)

.stack     0    20008040    00000800     UNINITIALIZED
                  20008040    00000004     rtsv7M4_T_le_v4SPD16_eabi.lib : boot_cortex_m.c.obj (.stack)
                  20008044    000007fc     --HOLE--

MODULE SUMMARY

       Module                                             code    ro data   rw data
       ------                                             ----    -------   -------
    .\
       Crystalfontz128x128_ST7735.obj                     1008    40        32778  
       buttons.obj                                        1134    0         78     
       tm4c1294ncpdt_startup_ccs.obj                      26      520       0      
       main.obj                                           422     0         8      
       HAL_EK_TM4C1294XL_Crystalfontz128x128_ST7735.obj   382     0         0      
       sysctl_pll.obj                                     74      0         0      
    +--+--------------------------------------------------+-------+---------+---------+
       Total:                                             3046    560       32864  
                                                                                   
    C:/ti/tirtos_tivac_2_16_00_08/products/TivaWare_C_Series-2.1.1.71b/driverlib/ccs/Debug/driverlib.lib
       sysctl.obj                                         674     452       0      
       gpio.obj                                           508     144       0      
       interrupt.obj                                      172     268       0      
       adc.obj                                            346     0         0      
       timer.obj                                          160     0         0      
       ssi.obj                                            88      0         0      
       fpu.obj                                            32      0         0      
       cpu.obj                                            24      0         0      
    +--+--------------------------------------------------+-------+---------+---------+
       Total:                                             2004    864       0      
                                                                                   
    C:/ti/tirtos_tivac_2_16_00_08/products/TivaWare_C_Series-2.1.1.71b/grlib/ccs/Debug/grlib.lib
       string.obj                                         1192    0         0      
       fontfixed6x8.obj                                   0       960       0      
       rectangle.obj                                      134     0         0      
       context.obj                                        104     16        4      
       charmap.obj                                        8       0         0      
    +--+--------------------------------------------------+-------+---------+---------+
       Total:                                             1438    976       4      
                                                                                   
    C:\ti\ccsv8\tools\compiler\ti-cgt-arm_18.1.4.LTS\lib\rtsv7M4_T_le_v4SPD16_eabi.lib
       _printfi.c.obj                                     4867    0         0      
       fd_add_t2.asm.obj                                  438     0         0      
       fd_div_t2.asm.obj                                  310     0         0      
       s_scalbn.c.obj                                     272     0         0      
       fd_cmp_t2.asm.obj                                  268     0         0      
       ctype.c.obj                                        0       257       0      
       fd_mul_t2.asm.obj                                  252     0         0      
       memcpy_t2.asm.obj                                  156     0         0      
       ull_div_t2.asm.obj                                 150     0         0      
       snprintf.c.obj                                     148     0         0      
       memset_t2.asm.obj                                  122     0         0      
       copy_decompress_lzss.c.obj                         104     0         0      
       s_frexp.c.obj                                      100     0         0      
       ltoa.c.obj                                         84      0         0      
       atoi.c.obj                                         76      0         0      
       fd_toi_t2.asm.obj                                  72      0         0      
       autoinit.c.obj                                     68      0         0      
       boot_cortex_m.c.obj                                56      0         0      
       i_tofd_t2.asm.obj                                  46      0         0      
       memccpy.c.obj                                      28      0         0      
       strchr.c.obj                                       22      0         0      
       s_copysign.c.obj                                   20      0         0      
       strlen.c.obj                                       20      0         0      
       copy_zero_init.c.obj                               18      0         0      
       wcslen.c.obj                                       18      0         0      
       copy_decompress_none.c.obj                         14      0         0      
       errno.c.obj                                        8       0         4      
       exit.c.obj                                         4       0         0      
       pre_init.c.obj                                     4       0         0      
       div0.asm.obj                                       2       0         0      
    +--+--------------------------------------------------+-------+---------+---------+
       Total:                                             7747    257       4      
                                                                                   
       Stack:                                             0       0         2048   
       Linker Generated:                                  0       56        0      
    +--+--------------------------------------------------+-------+---------+---------+
       Grand Total:                                       14235   2713      34920  


LINKER GENERATED COPY TABLES

__TI_cinit_table @ 00004248 records: 2, size/record: 8, table size: 16
	.data: load addr=00004220, load size=00000014 bytes, run addr=20000000, run size=00008040 bytes, compression=lzss
	.bss: load addr=00004240, load size=00000008 bytes, run addr=20008840, run size=0000002a bytes, compression=zero_init


LINKER GENERATED HANDLER TABLE

__TI_handler_table @ 00004234 records: 3, size/record: 4, table size: 12
	index: 0, handler: __TI_decompress_lzss
	index: 1, handler: __TI_decompress_none
	index: 2, handler: __TI_zero_init


GLOBAL SYMBOLS: SORTED ALPHABETICALLY BY Name 

address   name                              
-------   ----                              
0000379b  ADCClockConfigSet                 
00003961  ADCIntClear                       
000035e9  ADCIntStatus                      
000037b3  ADCProcessorTrigger               
00003459  ADCSequenceConfigure              
0000370b  ADCSequenceDataGet                
00003911  ADCSequenceDisable                
0000391f  ADCSequenceEnable                 
00002d57  ADCSequenceStepConfigure          
00000f71  ButtonAutoRepeat                  
00000f01  ButtonDebounce                    
00000ff1  ButtonISR                         
00000d49  ButtonInit                        
00000c69  ButtonReadJoystick                
000039bb  C$$EXIT                           
00003949  CPUcpsid                          
00003955  CPUcpsie                          
00001401  Crystalfontz128x128_Init          
00001121  Crystalfontz128x128_SetDrawFrame  
000010d9  Crystalfontz128x128_SetOrientation
000038d1  FPUEnable                         
000038e1  FPULazyStackingEnable             
00003673  GPIODirModeSet                    
000024bb  GPIOPadConfigSet                  
0000333d  GPIOPinConfigure                  
00001f1b  GPIOPinRead                       
00003865  GPIOPinTypeADC                    
00003877  GPIOPinTypeGPIOInput              
000037cb  GPIOPinTypeGPIOOutput             
00003889  GPIOPinTypeSSI                    
000039a1  GPIOPinWrite                      
20008028  GPIO_STATE                        
000039a7  GrContextFontSet                  
00002eb9  GrContextInit                     
0000291d  GrDefaultStringRenderer           
00003729  GrFontCodepageGet                 
000036e9  GrFontGlyphDataGet                
00001739  GrFontGlyphRender                 
0000369d  GrFontInfoGet                     
0000397f  GrMapISO8859_1_Unicode            
00002bc5  GrRectFill                        
000037fb  GrStringDraw                      
00003617  GrStringNextCharGet               
000021b9  HAL_LCD_PortInit                  
00002129  HAL_LCD_SpiInit                   
000020d9  HAL_LCD_writeCommand              
000020c9  HAL_LCD_writeData                 
00002f21  IntEnable                         
000038f1  IntMasterDisable                  
00003901  IntMasterEnable                   
000036c5  IntPrioritySet                    
20008866  Lcd_FlagRead                      
20008867  Lcd_FontSolid                     
20008868  Lcd_Orientation                   
20008869  Lcd_PenSolid                      
20008860  Lcd_ScreenHeigth                  
20008862  Lcd_ScreenWidth                   
20008864  Lcd_TouchTrim                     
20000000  Lcd_buffer                        
00003781  ResetISR                          
00003987  SSIBusy                           
000034d5  SSIConfigSetExpClk                
0000396b  SSIDataPut                        
00003975  SSIEnable                         
00001991  SysCtlClockFreqSet                
000039ad  SysCtlDelay                       
000032f1  SysCtlFrequencyGet                
00003585  SysCtlPeripheralEnable            
00003055  TimerConfigure                    
00003829  TimerDisable                      
0000392d  TimerEnable                       
000039b3  TimerIntClear                     
0000398f  TimerIntEnable                    
0000389b  TimerLoadSet                      
20008840  __STACK_END                       
00000800  __STACK_SIZE                      
20008240  __STACK_TOP                       
00004248  __TI_CINIT_Base                   
00004258  __TI_CINIT_Limit                  
00004234  __TI_Handler_Table_Base           
00004240  __TI_Handler_Table_Limit          
00003415  __TI_auto_init_nobinit_nopinit    
00002f89  __TI_decompress_lzss              
0000393b  __TI_decompress_none              
ffffffff  __TI_pprof_out_hndl               
00000209  __TI_printfi                      
ffffffff  __TI_prof_data_size               
ffffffff  __TI_prof_data_start              
00000000  __TI_static_base__                
000038ad  __TI_zero_init_nomemset           
00002c4b  __aeabi_cdcmpeq                   
00002c4b  __aeabi_cdcmple                   
00002cd1  __aeabi_cdrcmple                  
000033cd  __aeabi_d2iz                      
00001d6f  __aeabi_dadd                      
00002385  __aeabi_ddiv                      
00002821  __aeabi_dmul                      
00001d65  __aeabi_dsub                      
00003999  __aeabi_errno_addr                
00003645  __aeabi_i2d                       
00000c67  __aeabi_idiv0                     
00000c67  __aeabi_ldiv0                     
00002dd1  __aeabi_memclr                    
00002dd1  __aeabi_memclr4                   
00002dd1  __aeabi_memclr8                   
00002a93  __aeabi_memcpy                    
00002a93  __aeabi_memcpy4                   
00002a93  __aeabi_memcpy8                   
00002dd3  __aeabi_memset                    
00002dd3  __aeabi_memset4                   
00002dd3  __aeabi_memset8                   
00002b2f  __aeabi_uldivmod                  
ffffffff  __binit__                         
ffffffff  __c_args__                        
UNDEFED   __mpu_init                        
20008040  __stack                           
0000354d  _c_int00_noargs                   
00003dd8  _ctypes_                          
UNDEFED   _system_post_cinit                
000039b7  _system_pre_init                  
000039bb  abort                             
0000320d  atoi                              
ffffffff  binit                             
0000383d  copysign                          
0000383d  copysignl                         
2000803c  errno                             
00002ff1  frexp                             
00002ff1  frexpl                            
20008854  gADCSamplingRate                  
20008024  gButtons                          
20008030  gJoystick                         
20008858  gSystemClock                      
20008038  gTime                             
00000000  g_pfnVectors                      
00004204  g_psDefaultCodePointMapTable      
000041dc  g_sCrystalfontz128x128            
00003edc  g_sFontFixed6x8                   
00002711  ldexp                             
00002711  ldexpl                            
00003165  ltoa                              
00001f21  main                              
00003765  memccpy                           
00002a93  memcpy                            
00002dd9  memset                            
00002711  scalbn                            
00002711  scalbnl                           
00003259  snprintf                          
00003811  strchr                            
00003851  strlen                            
000038bf  wcslen                            


GLOBAL SYMBOLS: SORTED BY Symbol Address 

address   name                              
-------   ----                              
00000000  __TI_static_base__                
00000000  g_pfnVectors                      
00000209  __TI_printfi                      
00000800  __STACK_SIZE                      
00000c67  __aeabi_idiv0                     
00000c67  __aeabi_ldiv0                     
00000c69  ButtonReadJoystick                
00000d49  ButtonInit                        
00000f01  ButtonDebounce                    
00000f71  ButtonAutoRepeat                  
00000ff1  ButtonISR                         
000010d9  Crystalfontz128x128_SetOrientation
00001121  Crystalfontz128x128_SetDrawFrame  
00001401  Crystalfontz128x128_Init          
00001739  GrFontGlyphRender                 
00001991  SysCtlClockFreqSet                
00001d65  __aeabi_dsub                      
00001d6f  __aeabi_dadd                      
00001f1b  GPIOPinRead                       
00001f21  main                              
000020c9  HAL_LCD_writeData                 
000020d9  HAL_LCD_writeCommand              
00002129  HAL_LCD_SpiInit                   
000021b9  HAL_LCD_PortInit                  
00002385  __aeabi_ddiv                      
000024bb  GPIOPadConfigSet                  
00002711  ldexp                             
00002711  ldexpl                            
00002711  scalbn                            
00002711  scalbnl                           
00002821  __aeabi_dmul                      
0000291d  GrDefaultStringRenderer           
00002a93  __aeabi_memcpy                    
00002a93  __aeabi_memcpy4                   
00002a93  __aeabi_memcpy8                   
00002a93  memcpy                            
00002b2f  __aeabi_uldivmod                  
00002bc5  GrRectFill                        
00002c4b  __aeabi_cdcmpeq                   
00002c4b  __aeabi_cdcmple                   
00002cd1  __aeabi_cdrcmple                  
00002d57  ADCSequenceStepConfigure          
00002dd1  __aeabi_memclr                    
00002dd1  __aeabi_memclr4                   
00002dd1  __aeabi_memclr8                   
00002dd3  __aeabi_memset                    
00002dd3  __aeabi_memset4                   
00002dd3  __aeabi_memset8                   
00002dd9  memset                            
00002eb9  GrContextInit                     
00002f21  IntEnable                         
00002f89  __TI_decompress_lzss              
00002ff1  frexp                             
00002ff1  frexpl                            
00003055  TimerConfigure                    
00003165  ltoa                              
0000320d  atoi                              
00003259  snprintf                          
000032f1  SysCtlFrequencyGet                
0000333d  GPIOPinConfigure                  
000033cd  __aeabi_d2iz                      
00003415  __TI_auto_init_nobinit_nopinit    
00003459  ADCSequenceConfigure              
000034d5  SSIConfigSetExpClk                
0000354d  _c_int00_noargs                   
00003585  SysCtlPeripheralEnable            
000035e9  ADCIntStatus                      
00003617  GrStringNextCharGet               
00003645  __aeabi_i2d                       
00003673  GPIODirModeSet                    
0000369d  GrFontInfoGet                     
000036c5  IntPrioritySet                    
000036e9  GrFontGlyphDataGet                
0000370b  ADCSequenceDataGet                
00003729  GrFontCodepageGet                 
00003765  memccpy                           
00003781  ResetISR                          
0000379b  ADCClockConfigSet                 
000037b3  ADCProcessorTrigger               
000037cb  GPIOPinTypeGPIOOutput             
000037fb  GrStringDraw                      
00003811  strchr                            
00003829  TimerDisable                      
0000383d  copysign                          
0000383d  copysignl                         
00003851  strlen                            
00003865  GPIOPinTypeADC                    
00003877  GPIOPinTypeGPIOInput              
00003889  GPIOPinTypeSSI                    
0000389b  TimerLoadSet                      
000038ad  __TI_zero_init_nomemset           
000038bf  wcslen                            
000038d1  FPUEnable                         
000038e1  FPULazyStackingEnable             
000038f1  IntMasterDisable                  
00003901  IntMasterEnable                   
00003911  ADCSequenceDisable                
0000391f  ADCSequenceEnable                 
0000392d  TimerEnable                       
0000393b  __TI_decompress_none              
00003949  CPUcpsid                          
00003955  CPUcpsie                          
00003961  ADCIntClear                       
0000396b  SSIDataPut                        
00003975  SSIEnable                         
0000397f  GrMapISO8859_1_Unicode            
00003987  SSIBusy                           
0000398f  TimerIntEnable                    
00003999  __aeabi_errno_addr                
000039a1  GPIOPinWrite                      
000039a7  GrContextFontSet                  
000039ad  SysCtlDelay                       
000039b3  TimerIntClear                     
000039b7  _system_pre_init                  
000039bb  C$$EXIT                           
000039bb  abort                             
00003dd8  _ctypes_                          
00003edc  g_sFontFixed6x8                   
000041dc  g_sCrystalfontz128x128            
00004204  g_psDefaultCodePointMapTable      
00004234  __TI_Handler_Table_Base           
00004240  __TI_Handler_Table_Limit          
00004248  __TI_CINIT_Base                   
00004258  __TI_CINIT_Limit                  
20000000  Lcd_buffer                        
20008024  gButtons                          
20008028  GPIO_STATE                        
20008030  gJoystick                         
20008038  gTime                             
2000803c  errno                             
20008040  __stack                           
20008240  __STACK_TOP                       
20008840  __STACK_END                       
20008854  gADCSamplingRate                  
20008858  gSystemClock                      
20008860  Lcd_ScreenHeigth                  
20008862  Lcd_ScreenWidth                   
20008864  Lcd_TouchTrim                     
20008866  Lcd_FlagRead                      
20008867  Lcd_FontSolid                     
20008868  Lcd_Orientation                   
20008869  Lcd_PenSolid                      
ffffffff  __TI_pprof_out_hndl               
ffffffff  __TI_prof_data_size               
ffffffff  __TI_prof_data_start              
ffffffff  __binit__                         
ffffffff  __c_args__                        
ffffffff  binit                             
UNDEFED   __mpu_init                        
UNDEFED   _system_post_cinit                

[150 symbols]
