******************************************************************************
                  TI ARM Linker PC v18.1.2                     
******************************************************************************
>> Linked Thu Mar 14 16:36:55 2019

OUTPUT FILE NAME:   <ece3849_lab0_starter.out>
ENTRY POINT SYMBOL: "_c_int00_noargs"  address: 000034c5


MEMORY CONFIGURATION

         name            origin    length      used     unused   attr    fill
----------------------  --------  ---------  --------  --------  ----  --------
  FLASH                 00000000   00100000  000041b8  000fbe48  R  X
  SRAM                  20000000   00040000  00008866  0003779a  RW X


SEGMENT ALLOCATION MAP

run origin  load origin   length   init length attrs members
----------  ----------- ---------- ----------- ----- -------
00000000    00000000    000041b8   000041b8    r-x
  00000000    00000000    00000208   00000208    r-- .intvecs
  00000208    00000208    0000371c   0000371c    r-x .text
  00003924    00003924    0000085c   0000085c    r-- .const
  00004180    00004180    00000038   00000038    r-- .cinit
20000000    20000000    0000886a   00000000    rw-
  20000000    20000000    0000803c   00000000    rw- .data
  20008040    20008040    00000800   00000000    rw- .stack
  20008840    20008840    0000002a   00000000    rw- .bss


SECTION ALLOCATION MAP

 output                                  attributes/
section   page    origin      length       input sections
--------  ----  ----------  ----------   ----------------
.intvecs   0    00000000    00000208     
                  00000000    00000208     tm4c1294ncpdt_startup_ccs.obj (.intvecs)

.text      0    00000208    0000371c     
                  00000208    00000a5e     rtsv7M4_T_le_v4SPD16_eabi.lib : _printfi.c.obj (.text:__TI_printfi)
                  00000c66    00000002                                   : div0.asm.obj (.text)
                  00000c68    00000462     buttons.obj (.text)
                  000010ca    00000006     driverlib.lib : gpio.obj (.text:GPIOPinRead)
                  000010d0    000003f0     Crystalfontz128x128_ST7735.obj (.text)
                  000014c0    00000270     rtsv7M4_T_le_v4SPD16_eabi.lib : _printfi.c.obj (.text:_pconv_a)
                  00001730    00000256     grlib.lib : string.obj (.text:GrFontGlyphRender)
                  00001986    00000002     --HOLE-- [fill = 0]
                  00001988    00000204     driverlib.lib : sysctl.obj (.text:SysCtlClockFreqSet)
                  00001b8c    000001d0     rtsv7M4_T_le_v4SPD16_eabi.lib : _printfi.c.obj (.text:_pconv_g)
                  00001d5c    000001b6                                   : fd_add_t2.asm.obj (.text)
                  00001f12    00000006     driverlib.lib : gpio.obj (.text:GPIOPinWrite)
                  00001f18    0000017e     HAL_EK_TM4C1294XL_Crystalfontz128x128_ST7735.obj (.text)
                  00002096    00000002     --HOLE-- [fill = 0]
                  00002098    0000013c     rtsv7M4_T_le_v4SPD16_eabi.lib : _printfi.c.obj (.text:_pconv_e)
                  000021d4    00000136                                   : fd_div_t2.asm.obj (.text)
                  0000230a    00000130     driverlib.lib : gpio.obj (.text:GPIOPadConfigSet)
                  0000243a    00000006     grlib.lib : string.obj (.text:GrContextFontSet)
                  00002440    00000122     main.obj (.text)
                  00002562    00000002     --HOLE-- [fill = 0]
                  00002564    00000120     rtsv7M4_T_le_v4SPD16_eabi.lib : _printfi.c.obj (.text:fcvt)
                  00002684    00000110                                   : s_scalbn.c.obj (.text:scalbn)
                  00002794    000000fc                                   : fd_mul_t2.asm.obj (.text)
                  00002890    000000c4     grlib.lib : string.obj (.text:GrDefaultStringRenderer)
                  00002954    000000b1     rtsv7M4_T_le_v4SPD16_eabi.lib : _printfi.c.obj (.text:_ltostr)
                  00002a05    00000001     --HOLE-- [fill = 0]
                  00002a06    0000009c                                   : memcpy_t2.asm.obj (.text)
                  00002aa2    00000096                                   : ull_div_t2.asm.obj (.text)
                  00002b38    00000086     grlib.lib : rectangle.obj (.text:GrRectFill)
                  00002bbe    00000086     rtsv7M4_T_le_v4SPD16_eabi.lib : fd_cmp_t2.asm.obj (.text:__aeabi_cdcmple)
                  00002c44    00000086                                   : fd_cmp_t2.asm.obj (.text:__aeabi_cdrcmple)
                  00002cca    0000007a     driverlib.lib : adc.obj (.text:ADCSequenceStepConfigure)
                  00002d44    0000007a     rtsv7M4_T_le_v4SPD16_eabi.lib : memset_t2.asm.obj (.text)
                  00002dbe    0000006e                                   : _printfi.c.obj (.text:_mcpy)
                  00002e2c    00000068     grlib.lib : context.obj (.text:GrContextInit)
                  00002e94    00000068     driverlib.lib : interrupt.obj (.text:IntEnable)
                  00002efc    00000068     rtsv7M4_T_le_v4SPD16_eabi.lib : copy_decompress_lzss.c.obj (.text:decompress:lzss:__TI_decompress_lzss)
                  00002f64    00000064                                   : s_frexp.c.obj (.text:frexp)
                  00002fc8    00000060     driverlib.lib : timer.obj (.text:TimerConfigure)
                  00003028    0000005a     grlib.lib : string.obj (.text:FontWideGlyphDataGet)
                  00003082    00000056     rtsv7M4_T_le_v4SPD16_eabi.lib : _printfi.c.obj (.text:_pconv_f)
                  000030d8    00000054                                   : ltoa.c.obj (.text:ltoa)
                  0000312c    00000052                                   : _printfi.c.obj (.text:_ecpy)
                  0000317e    00000002     --HOLE-- [fill = 0]
                  00003180    0000004c                                   : atoi.c.obj (.text:atoi)
                  000031cc    0000004c                                   : snprintf.c.obj (.text:snprintf)
                  00003218    0000004a     grlib.lib : string.obj (.text:UpdateContextCharMapping)
                  00003262    00000006     driverlib.lib : sysctl.obj (.text:SysCtlDelay)
                  00003268    0000004a     sysctl_pll.obj (.text)
                  000032b2    00000002     --HOLE-- [fill = 0]
                  000032b4    00000048     driverlib.lib : gpio.obj (.text:GPIOPinConfigure)
                  000032fc    00000048                   : sysctl.obj (.text:_SysCtlFrequencyGet)
                  00003344    00000048     rtsv7M4_T_le_v4SPD16_eabi.lib : fd_toi_t2.asm.obj (.text)
                  0000338c    00000044                                   : autoinit.c.obj (.text:__TI_auto_init_nobinit_nopinit:__TI_auto_init_nobinit_nopinit)
                  000033d0    0000003e     driverlib.lib : adc.obj (.text:ADCSequenceConfigure)
                  0000340e    0000003e     rtsv7M4_T_le_v4SPD16_eabi.lib : _printfi.c.obj (.text:_fcpy)
                  0000344c    0000003c     driverlib.lib : ssi.obj (.text:SSIConfigSetExpClk)
                  00003488    0000003a     grlib.lib : string.obj (.text:FontGlyphDataGet)
                  000034c2    00000002     --HOLE-- [fill = 0]
                  000034c4    00000038     rtsv7M4_T_le_v4SPD16_eabi.lib : boot_cortex_m.c.obj (.text:_c_int00_noargs:_c_int00_noargs)
                  000034fc    00000034     driverlib.lib : sysctl.obj (.text:SysCtlPeripheralEnable)
                  00003530    00000030     rtsv7M4_T_le_v4SPD16_eabi.lib : snprintf.c.obj (.text:_outs)
                  00003560    0000002e     driverlib.lib : adc.obj (.text:ADCIntStatus)
                  0000358e    0000002e     grlib.lib : string.obj (.text:GrStringNextCharGet)
                  000035bc    0000002e     rtsv7M4_T_le_v4SPD16_eabi.lib : i_tofd_t2.asm.obj (.text)
                  000035ea    0000002a     driverlib.lib : gpio.obj (.text:GPIODirModeSet)
                  00003614    00000026     grlib.lib : string.obj (.text:GrFontInfoGet)
                  0000363a    00000002     --HOLE-- [fill = 0]
                  0000363c    00000024     driverlib.lib : interrupt.obj (.text:IntPrioritySet)
                  00003660    00000022     grlib.lib : string.obj (.text:GrFontGlyphDataGet)
                  00003682    0000001e     driverlib.lib : adc.obj (.text:ADCSequenceDataGet)
                  000036a0    0000001e     grlib.lib : string.obj (.text:GrFontCodepageGet)
                  000036be    00000002     --HOLE-- [fill = 0]
                  000036c0    0000001c     driverlib.lib : sysctl.obj (.text:_SysCtlMemTimingGet)
                  000036dc    0000001c     rtsv7M4_T_le_v4SPD16_eabi.lib : memccpy.c.obj (.text:memccpy)
                  000036f8    0000001a     tm4c1294ncpdt_startup_ccs.obj (.text)
                  00003712    00000018     driverlib.lib : adc.obj (.text:ADCClockConfigSet)
                  0000372a    00000018                   : adc.obj (.text:ADCProcessorTrigger)
                  00003742    00000018                   : gpio.obj (.text:GPIOPinTypeGPIOOutput)
                  0000375a    00000018     rtsv7M4_T_le_v4SPD16_eabi.lib : snprintf.c.obj (.text:_outc)
                  00003772    00000016     grlib.lib : string.obj (.text:GrStringDraw)
                  00003788    00000016     rtsv7M4_T_le_v4SPD16_eabi.lib : strchr.c.obj (.text:strchr)
                  0000379e    00000002     --HOLE-- [fill = 0]
                  000037a0    00000014     driverlib.lib : timer.obj (.text:TimerDisable)
                  000037b4    00000014     rtsv7M4_T_le_v4SPD16_eabi.lib : s_copysign.c.obj (.text:copysign)
                  000037c8    00000014                                   : strlen.c.obj (.text:strlen)
                  000037dc    00000012     driverlib.lib : gpio.obj (.text:GPIOPinTypeADC)
                  000037ee    00000012                   : gpio.obj (.text:GPIOPinTypeGPIOInput)
                  00003800    00000012                   : gpio.obj (.text:GPIOPinTypeSSI)
                  00003812    00000012                   : timer.obj (.text:TimerLoadSet)
                  00003824    00000012     rtsv7M4_T_le_v4SPD16_eabi.lib : copy_zero_init.c.obj (.text:decompress:ZI:__TI_zero_init_nomemset:__TI_zero_init_nomemset)
                  00003836    00000012                                   : wcslen.c.obj (.text:wcslen)
                  00003848    00000010     driverlib.lib : fpu.obj (.text:FPUEnable)
                  00003858    00000010                   : fpu.obj (.text:FPULazyStackingEnable)
                  00003868    00000010                   : interrupt.obj (.text:IntMasterDisable)
                  00003878    00000010                   : interrupt.obj (.text:IntMasterEnable)
                  00003888    0000000e                   : adc.obj (.text:ADCSequenceDisable)
                  00003896    0000000e                   : adc.obj (.text:ADCSequenceEnable)
                  000038a4    0000000e                   : timer.obj (.text:TimerEnable)
                  000038b2    0000000e     rtsv7M4_T_le_v4SPD16_eabi.lib : copy_decompress_none.c.obj (.text:decompress:none:__TI_decompress_none)
                  000038c0    0000000c     driverlib.lib : cpu.obj (.text:CPUcpsid)
                  000038cc    0000000c                   : cpu.obj (.text:CPUcpsie)
                  000038d8    0000000a                   : adc.obj (.text:ADCIntClear)
                  000038e2    0000000a                   : ssi.obj (.text:SSIDataPut)
                  000038ec    0000000a                   : ssi.obj (.text:SSIEnable)
                  000038f6    00000008     grlib.lib : charmap.obj (.text:GrMapISO8859_1_Unicode)
                  000038fe    00000008     driverlib.lib : ssi.obj (.text:SSIBusy)
                  00003906    00000008                   : timer.obj (.text:TimerIntEnable)
                  0000390e    00000002     --HOLE-- [fill = 0]
                  00003910    00000008     rtsv7M4_T_le_v4SPD16_eabi.lib : errno.c.obj (.text:__aeabi_errno_addr)
                  00003918    00000004     driverlib.lib : timer.obj (.text:TimerIntClear)
                  0000391c    00000004     rtsv7M4_T_le_v4SPD16_eabi.lib : pre_init.c.obj (.text:_system_pre_init)
                  00003920    00000004                                   : exit.c.obj (.text:abort:abort)

.const     0    00003924    0000085c     
                  00003924    000002f8     grlib.lib : fontfixed6x8.obj (.const:.string:g_pui8FontFixed6x8Data)
                  00003c1c    00000120     driverlib.lib : sysctl.obj (.const:g_pppui32XTALtoVCO)
                  00003d3c    00000101     rtsv7M4_T_le_v4SPD16_eabi.lib : ctype.c.obj (.const:.string:_ctypes_)
                  00003e3d    00000003     --HOLE-- [fill = 0]
                  00003e40    000000c8     grlib.lib : fontfixed6x8.obj (.const:g_sFontFixed6x8)
                  00003f08    0000009c     driverlib.lib : interrupt.obj (.const:g_pui32Regs)
                  00003fa4    00000090                   : gpio.obj (.const:g_pui32GPIOBaseAddrs)
                  00004034    00000070                   : interrupt.obj (.const)
                  000040a4    0000006c                   : sysctl.obj (.const:g_pui32Xtals)
                  00004110    00000030                   : sysctl.obj (.const:g_sXTALtoMEMTIM)
                  00004140    00000028     Crystalfontz128x128_ST7735.obj (.const:g_sCrystalfontz128x128)
                  00004168    00000010     grlib.lib : context.obj (.const)
                  00004178    00000008     driverlib.lib : sysctl.obj (.const)

.cinit     0    00004180    00000038     
                  00004180    00000014     (.cinit..data.load) [load image, compression = lzss]
                  00004194    0000000c     (__TI_handler_table)
                  000041a0    00000008     (.cinit..bss.load) [load image, compression = zero_init]
                  000041a8    00000010     (__TI_cinit_table)

.init_array 
*          0    00000000    00000000     UNINITIALIZED

.data      0    20000000    0000803c     UNINITIALIZED
                  20000000    00008000     Crystalfontz128x128_ST7735.obj (.data:Lcd_buffer)
                  20008000    00000024     buttons.obj (.data:count$2)
                  20008024    00000008     buttons.obj (.data:gJoystick)
                  2000802c    00000006     buttons.obj (.data)
                  20008032    00000002     --HOLE--
                  20008034    00000004     main.obj (.data)
                  20008038    00000004     rtsv7M4_T_le_v4SPD16_eabi.lib : errno.c.obj (.data)

.bss       0    20008840    0000002a     UNINITIALIZED
                  20008840    00000014     buttons.obj (.bss:state$1)
                  20008854    00000004     (.common:gADCSamplingRate)
                  20008858    00000004     (.common:gSystemClock)
                  2000885c    00000004     (.common:g_psGrLibDefaults)
                  20008860    00000002     (.common:Lcd_ScreenHeigth)
                  20008862    00000002     (.common:Lcd_ScreenWidth)
                  20008864    00000002     (.common:Lcd_TouchTrim)
                  20008866    00000001     (.common:Lcd_FlagRead)
                  20008867    00000001     (.common:Lcd_FontSolid)
                  20008868    00000001     (.common:Lcd_Orientation)
                  20008869    00000001     (.common:Lcd_PenSolid)

.stack     0    20008040    00000800     UNINITIALIZED
                  20008040    00000004     rtsv7M4_T_le_v4SPD16_eabi.lib : boot_cortex_m.c.obj (.stack)
                  20008044    000007fc     --HOLE--

MODULE SUMMARY

       Module                                             code    ro data   rw data
       ------                                             ----    -------   -------
    .\
       Crystalfontz128x128_ST7735.obj                     1008    40        32778  
       buttons.obj                                        1122    0         74     
       tm4c1294ncpdt_startup_ccs.obj                      26      520       0      
       HAL_EK_TM4C1294XL_Crystalfontz128x128_ST7735.obj   382     0         0      
       main.obj                                           290     0         8      
       sysctl_pll.obj                                     74      0         0      
    +--+--------------------------------------------------+-------+---------+---------+
       Total:                                             2902    560       32860  
                                                                                   
    C:/ti/tirtos_tivac_2_16_00_08/products/TivaWare_C_Series-2.1.1.71b/driverlib/ccs/Debug/driverlib.lib
       sysctl.obj                                         674     452       0      
       gpio.obj                                           508     144       0      
       interrupt.obj                                      172     268       0      
       adc.obj                                            346     0         0      
       timer.obj                                          160     0         0      
       ssi.obj                                            88      0         0      
       fpu.obj                                            32      0         0      
       cpu.obj                                            24      0         0      
    +--+--------------------------------------------------+-------+---------+---------+
       Total:                                             2004    864       0      
                                                                                   
    C:/ti/tirtos_tivac_2_16_00_08/products/TivaWare_C_Series-2.1.1.71b/grlib/ccs/Debug/grlib.lib
       string.obj                                         1192    0         0      
       fontfixed6x8.obj                                   0       960       0      
       rectangle.obj                                      134     0         0      
       context.obj                                        104     16        4      
       charmap.obj                                        8       0         0      
    +--+--------------------------------------------------+-------+---------+---------+
       Total:                                             1438    976       4      
                                                                                   
    C:\ti\ccsv8\tools\compiler\ti-cgt-arm_18.1.2.LTS\lib\rtsv7M4_T_le_v4SPD16_eabi.lib
       _printfi.c.obj                                     4863    0         0      
       fd_add_t2.asm.obj                                  438     0         0      
       fd_div_t2.asm.obj                                  310     0         0      
       s_scalbn.c.obj                                     272     0         0      
       fd_cmp_t2.asm.obj                                  268     0         0      
       ctype.c.obj                                        0       257       0      
       fd_mul_t2.asm.obj                                  252     0         0      
       memcpy_t2.asm.obj                                  156     0         0      
       ull_div_t2.asm.obj                                 150     0         0      
       snprintf.c.obj                                     148     0         0      
       memset_t2.asm.obj                                  122     0         0      
       copy_decompress_lzss.c.obj                         104     0         0      
       s_frexp.c.obj                                      100     0         0      
       ltoa.c.obj                                         84      0         0      
       atoi.c.obj                                         76      0         0      
       fd_toi_t2.asm.obj                                  72      0         0      
       autoinit.c.obj                                     68      0         0      
       boot_cortex_m.c.obj                                56      0         0      
       i_tofd_t2.asm.obj                                  46      0         0      
       memccpy.c.obj                                      28      0         0      
       strchr.c.obj                                       22      0         0      
       s_copysign.c.obj                                   20      0         0      
       strlen.c.obj                                       20      0         0      
       copy_zero_init.c.obj                               18      0         0      
       wcslen.c.obj                                       18      0         0      
       copy_decompress_none.c.obj                         14      0         0      
       errno.c.obj                                        8       0         4      
       exit.c.obj                                         4       0         0      
       pre_init.c.obj                                     4       0         0      
       div0.asm.obj                                       2       0         0      
    +--+--------------------------------------------------+-------+---------+---------+
       Total:                                             7743    257       4      
                                                                                   
       Stack:                                             0       0         2048   
       Linker Generated:                                  0       56        0      
    +--+--------------------------------------------------+-------+---------+---------+
       Grand Total:                                       14087   2713      34916  


LINKER GENERATED COPY TABLES

__TI_cinit_table @ 000041a8 records: 2, size/record: 8, table size: 16
	.data: load addr=00004180, load size=00000014 bytes, run addr=20000000, run size=0000803c bytes, compression=lzss
	.bss: load addr=000041a0, load size=00000008 bytes, run addr=20008840, run size=0000002a bytes, compression=zero_init


LINKER GENERATED HANDLER TABLE

__TI_handler_table @ 00004194 records: 3, size/record: 4, table size: 12
	index: 0, handler: __TI_decompress_lzss
	index: 1, handler: __TI_decompress_none
	index: 2, handler: __TI_zero_init


GLOBAL SYMBOLS: SORTED ALPHABETICALLY BY Name 

address   name                              
-------   ----                              
00003713  ADCClockConfigSet                 
000038d9  ADCIntClear                       
00003561  ADCIntStatus                      
0000372b  ADCProcessorTrigger               
000033d1  ADCSequenceConfigure              
00003683  ADCSequenceDataGet                
00003889  ADCSequenceDisable                
00003897  ADCSequenceEnable                 
00002ccb  ADCSequenceStepConfigure          
00000f71  ButtonAutoRepeat                  
00000f01  ButtonDebounce                    
00000ff1  ButtonISR                         
00000d49  ButtonInit                        
00000c69  ButtonReadJoystick                
00003921  C$$EXIT                           
000038c1  CPUcpsid                          
000038cd  CPUcpsie                          
000013f9  Crystalfontz128x128_Init          
00001119  Crystalfontz128x128_SetDrawFrame  
000010d1  Crystalfontz128x128_SetOrientation
00003849  FPUEnable                         
00003859  FPULazyStackingEnable             
000035eb  GPIODirModeSet                    
0000230b  GPIOPadConfigSet                  
000032b5  GPIOPinConfigure                  
000010cb  GPIOPinRead                       
000037dd  GPIOPinTypeADC                    
000037ef  GPIOPinTypeGPIOInput              
00003743  GPIOPinTypeGPIOOutput             
00003801  GPIOPinTypeSSI                    
00001f13  GPIOPinWrite                      
0000243b  GrContextFontSet                  
00002e2d  GrContextInit                     
00002891  GrDefaultStringRenderer           
000036a1  GrFontCodepageGet                 
00003661  GrFontGlyphDataGet                
00001731  GrFontGlyphRender                 
00003615  GrFontInfoGet                     
000038f7  GrMapISO8859_1_Unicode            
00002b39  GrRectFill                        
00003773  GrStringDraw                      
0000358f  GrStringNextCharGet               
00002009  HAL_LCD_PortInit                  
00001f79  HAL_LCD_SpiInit                   
00001f29  HAL_LCD_writeCommand              
00001f19  HAL_LCD_writeData                 
00002e95  IntEnable                         
00003869  IntMasterDisable                  
00003879  IntMasterEnable                   
0000363d  IntPrioritySet                    
20008866  Lcd_FlagRead                      
20008867  Lcd_FontSolid                     
20008868  Lcd_Orientation                   
20008869  Lcd_PenSolid                      
20008860  Lcd_ScreenHeigth                  
20008862  Lcd_ScreenWidth                   
20008864  Lcd_TouchTrim                     
20000000  Lcd_buffer                        
000036f9  ResetISR                          
000038ff  SSIBusy                           
0000344d  SSIConfigSetExpClk                
000038e3  SSIDataPut                        
000038ed  SSIEnable                         
00001989  SysCtlClockFreqSet                
00003263  SysCtlDelay                       
00003269  SysCtlFrequencyGet                
000034fd  SysCtlPeripheralEnable            
00002fc9  TimerConfigure                    
000037a1  TimerDisable                      
000038a5  TimerEnable                       
00003919  TimerIntClear                     
00003907  TimerIntEnable                    
00003813  TimerLoadSet                      
20008840  __STACK_END                       
00000800  __STACK_SIZE                      
20008240  __STACK_TOP                       
000041a8  __TI_CINIT_Base                   
000041b8  __TI_CINIT_Limit                  
00004194  __TI_Handler_Table_Base           
000041a0  __TI_Handler_Table_Limit          
0000338d  __TI_auto_init_nobinit_nopinit    
00002efd  __TI_decompress_lzss              
000038b3  __TI_decompress_none              
ffffffff  __TI_pprof_out_hndl               
00000209  __TI_printfi                      
ffffffff  __TI_prof_data_size               
ffffffff  __TI_prof_data_start              
00000000  __TI_static_base__                
00003825  __TI_zero_init_nomemset           
00002bbf  __aeabi_cdcmpeq                   
00002bbf  __aeabi_cdcmple                   
00002c45  __aeabi_cdrcmple                  
00003345  __aeabi_d2iz                      
00001d67  __aeabi_dadd                      
000021d5  __aeabi_ddiv                      
00002795  __aeabi_dmul                      
00001d5d  __aeabi_dsub                      
00003911  __aeabi_errno_addr                
000035bd  __aeabi_i2d                       
00000c67  __aeabi_idiv0                     
00000c67  __aeabi_ldiv0                     
00002d45  __aeabi_memclr                    
00002d45  __aeabi_memclr4                   
00002d45  __aeabi_memclr8                   
00002a07  __aeabi_memcpy                    
00002a07  __aeabi_memcpy4                   
00002a07  __aeabi_memcpy8                   
00002d47  __aeabi_memset                    
00002d47  __aeabi_memset4                   
00002d47  __aeabi_memset8                   
00002aa3  __aeabi_uldivmod                  
ffffffff  __binit__                         
ffffffff  __c_args__                        
UNDEFED   __mpu_init                        
20008040  __stack                           
000034c5  _c_int00_noargs                   
00003d3c  _ctypes_                          
UNDEFED   _system_post_cinit                
0000391d  _system_pre_init                  
00003921  abort                             
00003181  atoi                              
ffffffff  binit                             
000037b5  copysign                          
000037b5  copysignl                         
20008038  errno                             
00002f65  frexp                             
00002f65  frexpl                            
20008854  gADCSamplingRate                  
2000802c  gButtons                          
20008024  gJoystick                         
20008858  gSystemClock                      
20008034  gTime                             
00000000  g_pfnVectors                      
00004168  g_psDefaultCodePointMapTable      
00004140  g_sCrystalfontz128x128            
00003e40  g_sFontFixed6x8                   
00002685  ldexp                             
00002685  ldexpl                            
000030d9  ltoa                              
00002441  main                              
000036dd  memccpy                           
00002a07  memcpy                            
00002d4d  memset                            
00002685  scalbn                            
00002685  scalbnl                           
000031cd  snprintf                          
00003789  strchr                            
000037c9  strlen                            
00003837  wcslen                            


GLOBAL SYMBOLS: SORTED BY Symbol Address 

address   name                              
-------   ----                              
00000000  __TI_static_base__                
00000000  g_pfnVectors                      
00000209  __TI_printfi                      
00000800  __STACK_SIZE                      
00000c67  __aeabi_idiv0                     
00000c67  __aeabi_ldiv0                     
00000c69  ButtonReadJoystick                
00000d49  ButtonInit                        
00000f01  ButtonDebounce                    
00000f71  ButtonAutoRepeat                  
00000ff1  ButtonISR                         
000010cb  GPIOPinRead                       
000010d1  Crystalfontz128x128_SetOrientation
00001119  Crystalfontz128x128_SetDrawFrame  
000013f9  Crystalfontz128x128_Init          
00001731  GrFontGlyphRender                 
00001989  SysCtlClockFreqSet                
00001d5d  __aeabi_dsub                      
00001d67  __aeabi_dadd                      
00001f13  GPIOPinWrite                      
00001f19  HAL_LCD_writeData                 
00001f29  HAL_LCD_writeCommand              
00001f79  HAL_LCD_SpiInit                   
00002009  HAL_LCD_PortInit                  
000021d5  __aeabi_ddiv                      
0000230b  GPIOPadConfigSet                  
0000243b  GrContextFontSet                  
00002441  main                              
00002685  ldexp                             
00002685  ldexpl                            
00002685  scalbn                            
00002685  scalbnl                           
00002795  __aeabi_dmul                      
00002891  GrDefaultStringRenderer           
00002a07  __aeabi_memcpy                    
00002a07  __aeabi_memcpy4                   
00002a07  __aeabi_memcpy8                   
00002a07  memcpy                            
00002aa3  __aeabi_uldivmod                  
00002b39  GrRectFill                        
00002bbf  __aeabi_cdcmpeq                   
00002bbf  __aeabi_cdcmple                   
00002c45  __aeabi_cdrcmple                  
00002ccb  ADCSequenceStepConfigure          
00002d45  __aeabi_memclr                    
00002d45  __aeabi_memclr4                   
00002d45  __aeabi_memclr8                   
00002d47  __aeabi_memset                    
00002d47  __aeabi_memset4                   
00002d47  __aeabi_memset8                   
00002d4d  memset                            
00002e2d  GrContextInit                     
00002e95  IntEnable                         
00002efd  __TI_decompress_lzss              
00002f65  frexp                             
00002f65  frexpl                            
00002fc9  TimerConfigure                    
000030d9  ltoa                              
00003181  atoi                              
000031cd  snprintf                          
00003263  SysCtlDelay                       
00003269  SysCtlFrequencyGet                
000032b5  GPIOPinConfigure                  
00003345  __aeabi_d2iz                      
0000338d  __TI_auto_init_nobinit_nopinit    
000033d1  ADCSequenceConfigure              
0000344d  SSIConfigSetExpClk                
000034c5  _c_int00_noargs                   
000034fd  SysCtlPeripheralEnable            
00003561  ADCIntStatus                      
0000358f  GrStringNextCharGet               
000035bd  __aeabi_i2d                       
000035eb  GPIODirModeSet                    
00003615  GrFontInfoGet                     
0000363d  IntPrioritySet                    
00003661  GrFontGlyphDataGet                
00003683  ADCSequenceDataGet                
000036a1  GrFontCodepageGet                 
000036dd  memccpy                           
000036f9  ResetISR                          
00003713  ADCClockConfigSet                 
0000372b  ADCProcessorTrigger               
00003743  GPIOPinTypeGPIOOutput             
00003773  GrStringDraw                      
00003789  strchr                            
000037a1  TimerDisable                      
000037b5  copysign                          
000037b5  copysignl                         
000037c9  strlen                            
000037dd  GPIOPinTypeADC                    
000037ef  GPIOPinTypeGPIOInput              
00003801  GPIOPinTypeSSI                    
00003813  TimerLoadSet                      
00003825  __TI_zero_init_nomemset           
00003837  wcslen                            
00003849  FPUEnable                         
00003859  FPULazyStackingEnable             
00003869  IntMasterDisable                  
00003879  IntMasterEnable                   
00003889  ADCSequenceDisable                
00003897  ADCSequenceEnable                 
000038a5  TimerEnable                       
000038b3  __TI_decompress_none              
000038c1  CPUcpsid                          
000038cd  CPUcpsie                          
000038d9  ADCIntClear                       
000038e3  SSIDataPut                        
000038ed  SSIEnable                         
000038f7  GrMapISO8859_1_Unicode            
000038ff  SSIBusy                           
00003907  TimerIntEnable                    
00003911  __aeabi_errno_addr                
00003919  TimerIntClear                     
0000391d  _system_pre_init                  
00003921  C$$EXIT                           
00003921  abort                             
00003d3c  _ctypes_                          
00003e40  g_sFontFixed6x8                   
00004140  g_sCrystalfontz128x128            
00004168  g_psDefaultCodePointMapTable      
00004194  __TI_Handler_Table_Base           
000041a0  __TI_Handler_Table_Limit          
000041a8  __TI_CINIT_Base                   
000041b8  __TI_CINIT_Limit                  
20000000  Lcd_buffer                        
20008024  gJoystick                         
2000802c  gButtons                          
20008034  gTime                             
20008038  errno                             
20008040  __stack                           
20008240  __STACK_TOP                       
20008840  __STACK_END                       
20008854  gADCSamplingRate                  
20008858  gSystemClock                      
20008860  Lcd_ScreenHeigth                  
20008862  Lcd_ScreenWidth                   
20008864  Lcd_TouchTrim                     
20008866  Lcd_FlagRead                      
20008867  Lcd_FontSolid                     
20008868  Lcd_Orientation                   
20008869  Lcd_PenSolid                      
ffffffff  __TI_pprof_out_hndl               
ffffffff  __TI_prof_data_size               
ffffffff  __TI_prof_data_start              
ffffffff  __binit__                         
ffffffff  __c_args__                        
ffffffff  binit                             
UNDEFED   __mpu_init                        
UNDEFED   _system_post_cinit                

[149 symbols]
