******************************************************************************
                  TI ARM Linker PC v18.1.4                     
******************************************************************************
>> Linked Mon Apr  8 17:31:55 2019

OUTPUT FILE NAME:   <ece3849d19_lab1_etkrawczyk_qchen3.out>
ENTRY POINT SYMBOL: "_c_int00_noargs"  address: 00003f29


MEMORY CONFIGURATION

         name            origin    length      used     unused   attr    fill
----------------------  --------  ---------  --------  --------  ----  --------
  FLASH                 00000000   00100000  00004c98  000fb368  R  X
  SRAM                  20000000   00040000  000098c8  00036738  RW X


SEGMENT ALLOCATION MAP

run origin  load origin   length   init length attrs members
----------  ----------- ---------- ----------- ----- -------
00000000    00000000    00004c98   00004c98    r-x
  00000000    00000000    00000208   00000208    r-- .intvecs
  00000208    00000208    000041fc   000041fc    r-x .text
  00004404    00004404    0000085c   0000085c    r-- .const
  00004c60    00004c60    00000038   00000038    r-- .cinit
20000000    20000000    000098d0   00000000    rw-
  20000000    20000000    00008066   00000000    rw- .data
  20008068    20008068    00001062   00000000    rw- .bss
  200090d0    200090d0    00000800   00000000    rw- .stack


SECTION ALLOCATION MAP

 output                                  attributes/
section   page    origin      length       input sections
--------  ----  ----------  ----------   ----------------
.intvecs   0    00000000    00000208     
                  00000000    00000208     tm4c1294ncpdt_startup_ccs.obj (.intvecs)

.text      0    00000208    000041fc     
                  00000208    00000a5e     rtsv7M4_T_le_v4SPD16_eabi.lib : _printfi.c.obj (.text:__TI_printfi)
                  00000c66    00000002                                   : div0.asm.obj (.text)
                  00000c68    0000042a     buttons.obj (.text)
                  00001092    00000006     driverlib.lib : gpio.obj (.text:GPIOPinRead)
                  00001098    000003f0     Crystalfontz128x128_ST7735.obj (.text)
                  00001488    000002da     main.obj (.text)
                  00001762    00000006     driverlib.lib : gpio.obj (.text:GPIOPinWrite)
                  00001768    000002b8     screenControl.obj (.text)
                  00001a20    00000270     rtsv7M4_T_le_v4SPD16_eabi.lib : _printfi.c.obj (.text:_pconv_a)
                  00001c90    00000256     grlib.lib : string.obj (.text:GrFontGlyphRender)
                  00001ee6    00000002     --HOLE-- [fill = 0]
                  00001ee8    00000204     driverlib.lib : sysctl.obj (.text:SysCtlClockFreqSet)
                  000020ec    000001d0     rtsv7M4_T_le_v4SPD16_eabi.lib : _printfi.c.obj (.text:_pconv_g)
                  000022bc    00000004     driverlib.lib : timer.obj (.text:TimerIntClear)
                  000022c0    000001c4     sampler.obj (.text)
                  00002484    000001b6     rtsv7M4_T_le_v4SPD16_eabi.lib : fd_add_t2.asm.obj (.text)
                  0000263a    00000006     grlib.lib : string.obj (.text:GrContextFontSet)
                  00002640    0000017e     HAL_EK_TM4C1294XL_Crystalfontz128x128_ST7735.obj (.text)
                  000027be    00000002     --HOLE-- [fill = 0]
                  000027c0    0000013c     rtsv7M4_T_le_v4SPD16_eabi.lib : _printfi.c.obj (.text:_pconv_e)
                  000028fc    00000136                                   : fd_div_t2.asm.obj (.text)
                  00002a32    00000130     driverlib.lib : gpio.obj (.text:GPIOPadConfigSet)
                  00002b62    00000002     --HOLE-- [fill = 0]
                  00002b64    00000124     rtsv7M4_T_le_v4SPD16_eabi.lib : _printfi.c.obj (.text:fcvt)
                  00002c88    00000110                                   : s_scalbn.c.obj (.text:scalbn)
                  00002d98    00000106     grlib.lib : line.obj (.text:GrLineDraw)
                  00002e9e    000000fc     rtsv7M4_T_le_v4SPD16_eabi.lib : fd_mul_t2.asm.obj (.text)
                  00002f9a    000000c4     grlib.lib : string.obj (.text:GrDefaultStringRenderer)
                  0000305e    000000c0               : line.obj (.text:GrLineClip)
                  0000311e    00000002     --HOLE-- [fill = 0]
                  00003120    000000b1     rtsv7M4_T_le_v4SPD16_eabi.lib : _printfi.c.obj (.text:_ltostr)
                  000031d1    00000001     --HOLE-- [fill = 0]
                  000031d2    0000009c                                   : memcpy_t2.asm.obj (.text)
                  0000326e    00000096                                   : ull_div_t2.asm.obj (.text)
                  00003304    00000086     grlib.lib : rectangle.obj (.text:GrRectFill)
                  0000338a    00000086     rtsv7M4_T_le_v4SPD16_eabi.lib : fd_cmp_t2.asm.obj (.text:__aeabi_cdcmple)
                  00003410    00000086                                   : fd_cmp_t2.asm.obj (.text:__aeabi_cdrcmple)
                  00003496    00000002     --HOLE-- [fill = 0]
                  00003498    00000082     btnFIFO.obj (.text)
                  0000351a    00000002     --HOLE-- [fill = 0]
                  0000351c    00000080     rtsv7M4_T_le_v4SPD16_eabi.lib : s_floorf.c.obj (.text:floorf)
                  0000359c    0000007a     driverlib.lib : adc.obj (.text:ADCSequenceStepConfigure)
                  00003616    0000007a     rtsv7M4_T_le_v4SPD16_eabi.lib : memset_t2.asm.obj (.text)
                  00003690    0000006e                                   : _printfi.c.obj (.text:_mcpy)
                  000036fe    0000006e                                   : s_roundf.c.obj (.text:roundf)
                  0000376c    00000068     grlib.lib : context.obj (.text:GrContextInit)
                  000037d4    00000068     driverlib.lib : interrupt.obj (.text:IntEnable)
                  0000383c    00000068     rtsv7M4_T_le_v4SPD16_eabi.lib : copy_decompress_lzss.c.obj (.text:decompress:lzss:__TI_decompress_lzss)
                  000038a4    00000064                                   : s_frexp.c.obj (.text:frexp)
                  00003908    00000060     driverlib.lib : timer.obj (.text:TimerConfigure)
                  00003968    0000005a     grlib.lib : string.obj (.text:FontWideGlyphDataGet)
                  000039c2    00000002     --HOLE-- [fill = 0]
                  000039c4    00000058     driverlib.lib : timer.obj (.text:TimerControlTrigger)
                  00003a1c    00000056     rtsv7M4_T_le_v4SPD16_eabi.lib : _printfi.c.obj (.text:_pconv_f)
                  00003a72    00000054                                   : ltoa.c.obj (.text:ltoa)
                  00003ac6    00000052                                   : _printfi.c.obj (.text:_ecpy)
                  00003b18    0000004c                                   : atoi.c.obj (.text:atoi)
                  00003b64    0000004c                                   : snprintf.c.obj (.text:snprintf)
                  00003bb0    0000004a     grlib.lib : string.obj (.text:UpdateContextCharMapping)
                  00003bfa    00000006     driverlib.lib : sysctl.obj (.text:SysCtlDelay)
                  00003c00    0000004a     sysctl_pll.obj (.text)
                  00003c4a    00000002     --HOLE-- [fill = 0]
                  00003c4c    00000048     driverlib.lib : gpio.obj (.text:GPIOPinConfigure)
                  00003c94    00000048                   : sysctl.obj (.text:_SysCtlFrequencyGet)
                  00003cdc    00000048     rtsv7M4_T_le_v4SPD16_eabi.lib : fd_toi_t2.asm.obj (.text)
                  00003d24    00000046     grlib.lib : line.obj (.text:GrLineDrawH)
                  00003d6a    00000046               : line.obj (.text:GrLineDrawV)
                  00003db0    00000044     rtsv7M4_T_le_v4SPD16_eabi.lib : autoinit.c.obj (.text:__TI_auto_init_nobinit_nopinit:__TI_auto_init_nobinit_nopinit)
                  00003df4    0000003e     driverlib.lib : adc.obj (.text:ADCSequenceConfigure)
                  00003e32    0000003e     rtsv7M4_T_le_v4SPD16_eabi.lib : _printfi.c.obj (.text:_fcpy)
                  00003e70    0000003c     driverlib.lib : ssi.obj (.text:SSIConfigSetExpClk)
                  00003eac    00000004     rtsv7M4_T_le_v4SPD16_eabi.lib : pre_init.c.obj (.text:_system_pre_init)
                  00003eb0    0000003c     hwDebug.obj (.text)
                  00003eec    0000003a     grlib.lib : string.obj (.text:FontGlyphDataGet)
                  00003f26    00000002     --HOLE-- [fill = 0]
                  00003f28    00000038     rtsv7M4_T_le_v4SPD16_eabi.lib : boot_cortex_m.c.obj (.text:_c_int00_noargs:_c_int00_noargs)
                  00003f60    00000038                                   : fs_tod_t2.asm.obj (.text)
                  00003f98    00000036     grlib.lib : line.obj (.text:GrClipCodeGet)
                  00003fce    00000002     --HOLE-- [fill = 0]
                  00003fd0    00000034     driverlib.lib : sysctl.obj (.text:SysCtlPeripheralEnable)
                  00004004    00000030     rtsv7M4_T_le_v4SPD16_eabi.lib : snprintf.c.obj (.text:_outs)
                  00004034    0000002e     driverlib.lib : adc.obj (.text:ADCIntStatus)
                  00004062    0000002e     grlib.lib : string.obj (.text:GrStringNextCharGet)
                  00004090    0000002e     rtsv7M4_T_le_v4SPD16_eabi.lib : i_tofd_t2.asm.obj (.text)
                  000040be    0000002a     driverlib.lib : gpio.obj (.text:GPIODirModeSet)
                  000040e8    00000026     grlib.lib : string.obj (.text:GrFontInfoGet)
                  0000410e    00000002     --HOLE-- [fill = 0]
                  00004110    00000024     driverlib.lib : interrupt.obj (.text:IntPrioritySet)
                  00004134    00000022     grlib.lib : string.obj (.text:GrFontGlyphDataGet)
                  00004156    0000001e     driverlib.lib : adc.obj (.text:ADCSequenceDataGet)
                  00004174    0000001e     grlib.lib : string.obj (.text:GrFontCodepageGet)
                  00004192    00000002     --HOLE-- [fill = 0]
                  00004194    0000001c     driverlib.lib : sysctl.obj (.text:_SysCtlMemTimingGet)
                  000041b0    0000001c     rtsv7M4_T_le_v4SPD16_eabi.lib : memccpy.c.obj (.text:memccpy)
                  000041cc    00000004                                   : exit.c.obj (.text:abort:abort)
                  000041d0    0000001a     tm4c1294ncpdt_startup_ccs.obj (.text)
                  000041ea    00000018     driverlib.lib : adc.obj (.text:ADCClockConfigSet)
                  00004202    00000018                   : adc.obj (.text:ADCProcessorTrigger)
                  0000421a    00000018                   : gpio.obj (.text:GPIOPinTypeGPIOOutput)
                  00004232    00000018     rtsv7M4_T_le_v4SPD16_eabi.lib : snprintf.c.obj (.text:_outc)
                  0000424a    00000016     grlib.lib : string.obj (.text:GrStringDraw)
                  00004260    00000016     rtsv7M4_T_le_v4SPD16_eabi.lib : strchr.c.obj (.text:strchr)
                  00004276    00000002     --HOLE-- [fill = 0]
                  00004278    00000014     driverlib.lib : timer.obj (.text:TimerDisable)
                  0000428c    00000014     rtsv7M4_T_le_v4SPD16_eabi.lib : s_copysign.c.obj (.text:copysign)
                  000042a0    00000014                                   : strlen.c.obj (.text:strlen)
                  000042b4    00000012     driverlib.lib : gpio.obj (.text:GPIOPinTypeADC)
                  000042c6    00000012                   : gpio.obj (.text:GPIOPinTypeGPIOInput)
                  000042d8    00000012                   : gpio.obj (.text:GPIOPinTypeSSI)
                  000042ea    00000012                   : timer.obj (.text:TimerLoadSet)
                  000042fc    00000012     rtsv7M4_T_le_v4SPD16_eabi.lib : wcslen.c.obj (.text:wcslen)
                  0000430e    00000010     driverlib.lib : adc.obj (.text:ADCIntEnable)
                  0000431e    00000002     --HOLE-- [fill = 0]
                  00004320    00000010                   : fpu.obj (.text:FPUEnable)
                  00004330    00000010                   : fpu.obj (.text:FPULazyStackingEnable)
                  00004340    00000010                   : interrupt.obj (.text:IntMasterDisable)
                  00004350    00000010                   : interrupt.obj (.text:IntMasterEnable)
                  00004360    0000000e                   : adc.obj (.text:ADCSequenceDisable)
                  0000436e    0000000e                   : adc.obj (.text:ADCSequenceEnable)
                  0000437c    0000000e                   : timer.obj (.text:TimerEnable)
                  0000438a    0000000e     rtsv7M4_T_le_v4SPD16_eabi.lib : copy_decompress_none.c.obj (.text:decompress:none:__TI_decompress_none)
                  00004398    0000000c     driverlib.lib : cpu.obj (.text:CPUcpsid)
                  000043a4    0000000c                   : cpu.obj (.text:CPUcpsie)
                  000043b0    0000000c     rtsv7M4_T_le_v4SPD16_eabi.lib : copy_zero_init.c.obj (.text:decompress:ZI:__TI_zero_init)
                  000043bc    0000000a     driverlib.lib : adc.obj (.text:ADCIntClear)
                  000043c6    0000000a                   : ssi.obj (.text:SSIDataPut)
                  000043d0    0000000a                   : ssi.obj (.text:SSIEnable)
                  000043da    0000000a                   : timer.obj (.text:TimerIntStatus)
                  000043e4    00000008     grlib.lib : charmap.obj (.text:GrMapISO8859_1_Unicode)
                  000043ec    00000008     driverlib.lib : ssi.obj (.text:SSIBusy)
                  000043f4    00000008                   : timer.obj (.text:TimerIntEnable)
                  000043fc    00000008     rtsv7M4_T_le_v4SPD16_eabi.lib : errno.c.obj (.text:__aeabi_errno_addr)

.const     0    00004404    0000085c     
                  00004404    000002f8     grlib.lib : fontfixed6x8.obj (.const:.string:g_pui8FontFixed6x8Data)
                  000046fc    00000120     driverlib.lib : sysctl.obj (.const:g_pppui32XTALtoVCO)
                  0000481c    00000101     rtsv7M4_T_le_v4SPD16_eabi.lib : ctype.c.obj (.const:.string:_ctypes_)
                  0000491d    00000003     --HOLE-- [fill = 0]
                  00004920    000000c8     grlib.lib : fontfixed6x8.obj (.const:g_sFontFixed6x8)
                  000049e8    0000009c     driverlib.lib : interrupt.obj (.const:g_pui32Regs)
                  00004a84    00000090                   : gpio.obj (.const:g_pui32GPIOBaseAddrs)
                  00004b14    00000070                   : interrupt.obj (.const)
                  00004b84    0000006c                   : sysctl.obj (.const:g_pui32Xtals)
                  00004bf0    00000030                   : sysctl.obj (.const:g_sXTALtoMEMTIM)
                  00004c20    00000028     Crystalfontz128x128_ST7735.obj (.const:g_sCrystalfontz128x128)
                  00004c48    00000010     grlib.lib : context.obj (.const)
                  00004c58    00000008     driverlib.lib : sysctl.obj (.const)

.cinit     0    00004c60    00000038     
                  00004c60    00000010     (.cinit..data.load) [load image, compression = lzss]
                  00004c70    0000000c     (__TI_handler_table)
                  00004c7c    00000004     --HOLE-- [fill = 0]
                  00004c80    00000008     (.cinit..bss.load) [load image, compression = zero_init]
                  00004c88    00000010     (__TI_cinit_table)

.init_array 
*          0    00000000    00000000     UNINITIALIZED

.data      0    20000000    00008066     UNINITIALIZED
                  20000000    00008000     Crystalfontz128x128_ST7735.obj (.data:Lcd_buffer)
                  20008000    00000028     btnFIFO.obj (.data:btnFIFO)
                  20008028    00000024     buttons.obj (.data:count$2)
                  2000804c    00000008     buttons.obj (.data)
                  20008054    00000008     buttons.obj (.data:gJoystick)
                  2000805c    00000004     rtsv7M4_T_le_v4SPD16_eabi.lib : errno.c.obj (.data)
                  20008060    00000004     sampler.obj (.data)
                  20008064    00000002     btnFIFO.obj (.data)

.bss       0    20008068    00001062     UNINITIALIZED
                  20008068    00001000     (.common:gADCBuffer)
                  20009068    0000002c     (.common:sContext)
                  20009094    00000014     buttons.obj (.bss:state$1)
                  200090a8    00000008     (.common:rectFullScreen)
                  200090b0    00000004     (.common:gADCErrors)
                  200090b4    00000004     (.common:gADCSamplingRate)
                  200090b8    00000004     (.common:gSystemClock)
                  200090bc    00000004     (.common:g_psGrLibDefaults)
                  200090c0    00000002     (.common:Lcd_ScreenHeigth)
                  200090c2    00000002     (.common:Lcd_ScreenWidth)
                  200090c4    00000002     (.common:Lcd_TouchTrim)
                  200090c6    00000001     (.common:Lcd_FlagRead)
                  200090c7    00000001     (.common:Lcd_FontSolid)
                  200090c8    00000001     (.common:Lcd_Orientation)
                  200090c9    00000001     (.common:Lcd_PenSolid)

.stack     0    200090d0    00000800     UNINITIALIZED
                  200090d0    00000004     rtsv7M4_T_le_v4SPD16_eabi.lib : boot_cortex_m.c.obj (.stack)
                  200090d4    000007fc     --HOLE--

MODULE SUMMARY

       Module                                             code    ro data   rw data
       ------                                             ----    -------   -------
    .\
       Crystalfontz128x128_ST7735.obj                     1008    40        32778  
       sampler.obj                                        452     0         4104   
       buttons.obj                                        1066    0         76     
       screenControl.obj                                  696     0         52     
       main.obj                                           730     0         4      
       tm4c1294ncpdt_startup_ccs.obj                      26      520       0      
       HAL_EK_TM4C1294XL_Crystalfontz128x128_ST7735.obj   382     0         0      
       btnFIFO.obj                                        130     0         42     
       sysctl_pll.obj                                     74      0         0      
       hwDebug.obj                                        60      0         0      
    +--+--------------------------------------------------+-------+---------+---------+
       Total:                                             4624    560       37056  
                                                                                   
    C:/ti/tirtos_tivac_2_16_00_08/products/TivaWare_C_Series-2.1.1.71b/driverlib/ccs/Debug/driverlib.lib
       sysctl.obj                                         674     452       0      
       gpio.obj                                           508     144       0      
       interrupt.obj                                      172     268       0      
       adc.obj                                            362     0         0      
       timer.obj                                          258     0         0      
       ssi.obj                                            88      0         0      
       fpu.obj                                            32      0         0      
       cpu.obj                                            24      0         0      
    +--+--------------------------------------------------+-------+---------+---------+
       Total:                                             2118    864       0      
                                                                                   
    C:/ti/tirtos_tivac_2_16_00_08/products/TivaWare_C_Series-2.1.1.71b/grlib/ccs/Debug/grlib.lib
       string.obj                                         1192    0         0      
       fontfixed6x8.obj                                   0       960       0      
       line.obj                                           648     0         0      
       rectangle.obj                                      134     0         0      
       context.obj                                        104     16        4      
       charmap.obj                                        8       0         0      
    +--+--------------------------------------------------+-------+---------+---------+
       Total:                                             2086    976       4      
                                                                                   
    C:\ti\ccsv8\tools\compiler\ti-cgt-arm_18.1.4.LTS\lib\rtsv7M4_T_le_v4SPD16_eabi.lib
       _printfi.c.obj                                     4867    0         0      
       fd_add_t2.asm.obj                                  438     0         0      
       fd_div_t2.asm.obj                                  310     0         0      
       s_scalbn.c.obj                                     272     0         0      
       fd_cmp_t2.asm.obj                                  268     0         0      
       ctype.c.obj                                        0       257       0      
       fd_mul_t2.asm.obj                                  252     0         0      
       memcpy_t2.asm.obj                                  156     0         0      
       ull_div_t2.asm.obj                                 150     0         0      
       snprintf.c.obj                                     148     0         0      
       s_floorf.c.obj                                     128     0         0      
       memset_t2.asm.obj                                  122     0         0      
       s_roundf.c.obj                                     110     0         0      
       copy_decompress_lzss.c.obj                         104     0         0      
       s_frexp.c.obj                                      100     0         0      
       ltoa.c.obj                                         84      0         0      
       atoi.c.obj                                         76      0         0      
       fd_toi_t2.asm.obj                                  72      0         0      
       autoinit.c.obj                                     68      0         0      
       boot_cortex_m.c.obj                                56      0         0      
       fs_tod_t2.asm.obj                                  56      0         0      
       i_tofd_t2.asm.obj                                  46      0         0      
       memccpy.c.obj                                      28      0         0      
       strchr.c.obj                                       22      0         0      
       s_copysign.c.obj                                   20      0         0      
       strlen.c.obj                                       20      0         0      
       wcslen.c.obj                                       18      0         0      
       copy_decompress_none.c.obj                         14      0         0      
       copy_zero_init.c.obj                               12      0         0      
       errno.c.obj                                        8       0         4      
       exit.c.obj                                         4       0         0      
       pre_init.c.obj                                     4       0         0      
       div0.asm.obj                                       2       0         0      
    +--+--------------------------------------------------+-------+---------+---------+
       Total:                                             8035    257       4      
                                                                                   
       Stack:                                             0       0         2048   
       Linker Generated:                                  0       52        0      
    +--+--------------------------------------------------+-------+---------+---------+
       Grand Total:                                       16863   2709      39112  


LINKER GENERATED COPY TABLES

__TI_cinit_table @ 00004c88 records: 2, size/record: 8, table size: 16
	.data: load addr=00004c60, load size=00000010 bytes, run addr=20000000, run size=00008066 bytes, compression=lzss
	.bss: load addr=00004c80, load size=00000008 bytes, run addr=20008068, run size=00001062 bytes, compression=zero_init


LINKER GENERATED HANDLER TABLE

__TI_handler_table @ 00004c70 records: 3, size/record: 4, table size: 12
	index: 0, handler: __TI_decompress_lzss
	index: 1, handler: __TI_decompress_none
	index: 2, handler: __TI_zero_init


GLOBAL SYMBOLS: SORTED ALPHABETICALLY BY Name 

address   name                              
-------   ----                              
000041eb  ADCClockConfigSet                 
00002391  ADCInit                           
000043bd  ADCIntClear                       
0000430f  ADCIntEnable                      
00004035  ADCIntStatus                      
00004203  ADCProcessorTrigger               
00003df5  ADCSequenceConfigure              
00004157  ADCSequenceDataGet                
00004361  ADCSequenceDisable                
0000436f  ADCSequenceEnable                 
0000359d  ADCSequenceStepConfigure          
00002329  ADC_ISR                           
00001019  ButtonAutoRepeat                  
00000f01  ButtonDebounce                    
00000f71  ButtonISR                         
00000d49  ButtonInit                        
00000c69  ButtonReadJoystick                
000041cd  C$$EXIT                           
00004399  CPUcpsid                          
000043a5  CPUcpsie                          
000013c1  Crystalfontz128x128_Init          
000010e1  Crystalfontz128x128_SetDrawFrame  
00001099  Crystalfontz128x128_SetOrientation
00004321  FPUEnable                         
00004331  FPULazyStackingEnable             
000040bf  GPIODirModeSet                    
00002a33  GPIOPadConfigSet                  
00003c4d  GPIOPinConfigure                  
00001093  GPIOPinRead                       
000042b5  GPIOPinTypeADC                    
000042c7  GPIOPinTypeGPIOInput              
0000421b  GPIOPinTypeGPIOOutput             
000042d9  GPIOPinTypeSSI                    
00001763  GPIOPinWrite                      
20008050  GPIO_STATE                        
0000263b  GrContextFontSet                  
0000376d  GrContextInit                     
00002f9b  GrDefaultStringRenderer           
00004175  GrFontCodepageGet                 
00004135  GrFontGlyphDataGet                
00001c91  GrFontGlyphRender                 
000040e9  GrFontInfoGet                     
00002d99  GrLineDraw                        
00003d25  GrLineDrawH                       
00003d6b  GrLineDrawV                       
000043e5  GrMapISO8859_1_Unicode            
00003305  GrRectFill                        
0000424b  GrStringDraw                      
00004063  GrStringNextCharGet               
00002731  HAL_LCD_PortInit                  
000026a1  HAL_LCD_SpiInit                   
00002651  HAL_LCD_writeCommand              
00002641  HAL_LCD_writeData                 
000037d5  IntEnable                         
00004341  IntMasterDisable                  
00004351  IntMasterEnable                   
00004111  IntPrioritySet                    
200090c6  Lcd_FlagRead                      
200090c7  Lcd_FontSolid                     
200090c8  Lcd_Orientation                   
200090c9  Lcd_PenSolid                      
200090c0  Lcd_ScreenHeigth                  
200090c2  Lcd_ScreenWidth                   
200090c4  Lcd_TouchTrim                     
20000000  Lcd_buffer                        
000041d1  ResetISR                          
000043ed  SSIBusy                           
00003e71  SSIConfigSetExpClk                
000043c7  SSIDataPut                        
000043d1  SSIEnable                         
00001ee9  SysCtlClockFreqSet                
00003bfb  SysCtlDelay                       
00003c01  SysCtlFrequencyGet                
00003fd1  SysCtlPeripheralEnable            
00003909  TimerConfigure                    
000039c5  TimerControlTrigger               
00004279  TimerDisable                      
0000437d  TimerEnable                       
000022bd  TimerIntClear                     
000043f5  TimerIntEnable                    
000043db  TimerIntStatus                    
000042eb  TimerLoadSet                      
200098d0  __STACK_END                       
00000800  __STACK_SIZE                      
200092d0  __STACK_TOP                       
00004c88  __TI_CINIT_Base                   
00004c98  __TI_CINIT_Limit                  
00004c70  __TI_Handler_Table_Base           
00004c7c  __TI_Handler_Table_Limit          
00003db1  __TI_auto_init_nobinit_nopinit    
0000383d  __TI_decompress_lzss              
0000438b  __TI_decompress_none              
ffffffff  __TI_pprof_out_hndl               
00000209  __TI_printfi                      
ffffffff  __TI_prof_data_size               
ffffffff  __TI_prof_data_start              
00000000  __TI_static_base__                
000043b1  __TI_zero_init                    
0000338b  __aeabi_cdcmpeq                   
0000338b  __aeabi_cdcmple                   
00003411  __aeabi_cdrcmple                  
00003cdd  __aeabi_d2iz                      
0000248f  __aeabi_dadd                      
000028fd  __aeabi_ddiv                      
00002e9f  __aeabi_dmul                      
00002485  __aeabi_dsub                      
000043fd  __aeabi_errno_addr                
00003f61  __aeabi_f2d                       
00004091  __aeabi_i2d                       
00000c67  __aeabi_idiv0                     
00000c67  __aeabi_ldiv0                     
00003617  __aeabi_memclr                    
00003617  __aeabi_memclr4                   
00003617  __aeabi_memclr8                   
000031d3  __aeabi_memcpy                    
000031d3  __aeabi_memcpy4                   
000031d3  __aeabi_memcpy8                   
00003619  __aeabi_memset                    
00003619  __aeabi_memset4                   
00003619  __aeabi_memset8                   
0000326f  __aeabi_uldivmod                  
ffffffff  __binit__                         
ffffffff  __c_args__                        
UNDEFED   __mpu_init                        
200090d0  __stack                           
00003f29  _c_int00_noargs                   
0000481c  _ctypes_                          
UNDEFED   _system_post_cinit                
00003ead  _system_pre_init                  
000041cd  abort                             
00002311  alwaysTriggerADC                  
00003b19  atoi                              
ffffffff  binit                             
20008000  btnFIFO                           
000015b1  changeTimePerDiv                  
00001561  changeVoltPerDiv                  
0000428d  copysign                          
0000428d  copysignl                         
00003eb1  debugPinsInit                     
000017d1  drawScreen                        
2000805c  errno                             
20008065  fifoFront                         
000034d9  fifoPoll                          
00003499  fifoPut                           
20008064  fifoRear                          
000014e1  findTrigger                       
0000351d  floorf                            
000038a5  frexp                             
000038a5  frexpl                            
20008068  gADCBuffer                        
20008060  gADCBufferIndex                   
200090b0  gADCErrors                        
200090b4  gADCSamplingRate                  
2000804c  gButtons                          
20008054  gJoystick                         
200090b8  gSystemClock                      
00000000  g_pfnVectors                      
00004c48  g_psDefaultCodePointMapTable      
00004c20  g_sCrystalfontz128x128            
00004920  g_sFontFixed6x8                   
00002c89  ldexp                             
00002c89  ldexpl                            
00003a73  ltoa                              
00001609  main                              
000014a9  measure_ISR_CPU                   
000041b1  memccpy                           
000031d3  memcpy                            
0000361f  memset                            
200090a8  rectFullScreen                    
000036ff  roundf                            
20009068  sContext                          
00002c89  scalbn                            
00002c89  scalbnl                           
00001769  screenInit                        
00003b65  snprintf                          
00004261  strchr                            
000042a1  strlen                            
000022c1  timerTriggerADC                   
00001489  triggerCheck                      
000042fd  wcslen                            


GLOBAL SYMBOLS: SORTED BY Symbol Address 

address   name                              
-------   ----                              
00000000  __TI_static_base__                
00000000  g_pfnVectors                      
00000209  __TI_printfi                      
00000800  __STACK_SIZE                      
00000c67  __aeabi_idiv0                     
00000c67  __aeabi_ldiv0                     
00000c69  ButtonReadJoystick                
00000d49  ButtonInit                        
00000f01  ButtonDebounce                    
00000f71  ButtonISR                         
00001019  ButtonAutoRepeat                  
00001093  GPIOPinRead                       
00001099  Crystalfontz128x128_SetOrientation
000010e1  Crystalfontz128x128_SetDrawFrame  
000013c1  Crystalfontz128x128_Init          
00001489  triggerCheck                      
000014a9  measure_ISR_CPU                   
000014e1  findTrigger                       
00001561  changeVoltPerDiv                  
000015b1  changeTimePerDiv                  
00001609  main                              
00001763  GPIOPinWrite                      
00001769  screenInit                        
000017d1  drawScreen                        
00001c91  GrFontGlyphRender                 
00001ee9  SysCtlClockFreqSet                
000022bd  TimerIntClear                     
000022c1  timerTriggerADC                   
00002311  alwaysTriggerADC                  
00002329  ADC_ISR                           
00002391  ADCInit                           
00002485  __aeabi_dsub                      
0000248f  __aeabi_dadd                      
0000263b  GrContextFontSet                  
00002641  HAL_LCD_writeData                 
00002651  HAL_LCD_writeCommand              
000026a1  HAL_LCD_SpiInit                   
00002731  HAL_LCD_PortInit                  
000028fd  __aeabi_ddiv                      
00002a33  GPIOPadConfigSet                  
00002c89  ldexp                             
00002c89  ldexpl                            
00002c89  scalbn                            
00002c89  scalbnl                           
00002d99  GrLineDraw                        
00002e9f  __aeabi_dmul                      
00002f9b  GrDefaultStringRenderer           
000031d3  __aeabi_memcpy                    
000031d3  __aeabi_memcpy4                   
000031d3  __aeabi_memcpy8                   
000031d3  memcpy                            
0000326f  __aeabi_uldivmod                  
00003305  GrRectFill                        
0000338b  __aeabi_cdcmpeq                   
0000338b  __aeabi_cdcmple                   
00003411  __aeabi_cdrcmple                  
00003499  fifoPut                           
000034d9  fifoPoll                          
0000351d  floorf                            
0000359d  ADCSequenceStepConfigure          
00003617  __aeabi_memclr                    
00003617  __aeabi_memclr4                   
00003617  __aeabi_memclr8                   
00003619  __aeabi_memset                    
00003619  __aeabi_memset4                   
00003619  __aeabi_memset8                   
0000361f  memset                            
000036ff  roundf                            
0000376d  GrContextInit                     
000037d5  IntEnable                         
0000383d  __TI_decompress_lzss              
000038a5  frexp                             
000038a5  frexpl                            
00003909  TimerConfigure                    
000039c5  TimerControlTrigger               
00003a73  ltoa                              
00003b19  atoi                              
00003b65  snprintf                          
00003bfb  SysCtlDelay                       
00003c01  SysCtlFrequencyGet                
00003c4d  GPIOPinConfigure                  
00003cdd  __aeabi_d2iz                      
00003d25  GrLineDrawH                       
00003d6b  GrLineDrawV                       
00003db1  __TI_auto_init_nobinit_nopinit    
00003df5  ADCSequenceConfigure              
00003e71  SSIConfigSetExpClk                
00003ead  _system_pre_init                  
00003eb1  debugPinsInit                     
00003f29  _c_int00_noargs                   
00003f61  __aeabi_f2d                       
00003fd1  SysCtlPeripheralEnable            
00004035  ADCIntStatus                      
00004063  GrStringNextCharGet               
00004091  __aeabi_i2d                       
000040bf  GPIODirModeSet                    
000040e9  GrFontInfoGet                     
00004111  IntPrioritySet                    
00004135  GrFontGlyphDataGet                
00004157  ADCSequenceDataGet                
00004175  GrFontCodepageGet                 
000041b1  memccpy                           
000041cd  C$$EXIT                           
000041cd  abort                             
000041d1  ResetISR                          
000041eb  ADCClockConfigSet                 
00004203  ADCProcessorTrigger               
0000421b  GPIOPinTypeGPIOOutput             
0000424b  GrStringDraw                      
00004261  strchr                            
00004279  TimerDisable                      
0000428d  copysign                          
0000428d  copysignl                         
000042a1  strlen                            
000042b5  GPIOPinTypeADC                    
000042c7  GPIOPinTypeGPIOInput              
000042d9  GPIOPinTypeSSI                    
000042eb  TimerLoadSet                      
000042fd  wcslen                            
0000430f  ADCIntEnable                      
00004321  FPUEnable                         
00004331  FPULazyStackingEnable             
00004341  IntMasterDisable                  
00004351  IntMasterEnable                   
00004361  ADCSequenceDisable                
0000436f  ADCSequenceEnable                 
0000437d  TimerEnable                       
0000438b  __TI_decompress_none              
00004399  CPUcpsid                          
000043a5  CPUcpsie                          
000043b1  __TI_zero_init                    
000043bd  ADCIntClear                       
000043c7  SSIDataPut                        
000043d1  SSIEnable                         
000043db  TimerIntStatus                    
000043e5  GrMapISO8859_1_Unicode            
000043ed  SSIBusy                           
000043f5  TimerIntEnable                    
000043fd  __aeabi_errno_addr                
0000481c  _ctypes_                          
00004920  g_sFontFixed6x8                   
00004c20  g_sCrystalfontz128x128            
00004c48  g_psDefaultCodePointMapTable      
00004c70  __TI_Handler_Table_Base           
00004c7c  __TI_Handler_Table_Limit          
00004c88  __TI_CINIT_Base                   
00004c98  __TI_CINIT_Limit                  
20000000  Lcd_buffer                        
20008000  btnFIFO                           
2000804c  gButtons                          
20008050  GPIO_STATE                        
20008054  gJoystick                         
2000805c  errno                             
20008060  gADCBufferIndex                   
20008064  fifoRear                          
20008065  fifoFront                         
20008068  gADCBuffer                        
20009068  sContext                          
200090a8  rectFullScreen                    
200090b0  gADCErrors                        
200090b4  gADCSamplingRate                  
200090b8  gSystemClock                      
200090c0  Lcd_ScreenHeigth                  
200090c2  Lcd_ScreenWidth                   
200090c4  Lcd_TouchTrim                     
200090c6  Lcd_FlagRead                      
200090c7  Lcd_FontSolid                     
200090c8  Lcd_Orientation                   
200090c9  Lcd_PenSolid                      
200090d0  __stack                           
200092d0  __STACK_TOP                       
200098d0  __STACK_END                       
ffffffff  __TI_pprof_out_hndl               
ffffffff  __TI_prof_data_size               
ffffffff  __TI_prof_data_start              
ffffffff  __binit__                         
ffffffff  __c_args__                        
ffffffff  binit                             
UNDEFED   __mpu_init                        
UNDEFED   _system_post_cinit                

[180 symbols]
