<?xml version="1.0" encoding="ISO-8859-1" ?>
<link_info>
   <banner>TI ARM Linker PC v18.1.4.LTS</banner>
   <copyright>Copyright (c) 1996-2018 Texas Instruments Incorporated</copyright>
   <link_time>0x5cabaf4c</link_time>
   <link_errors>0x0</link_errors>
   <output_file>ece3849d19_lab1_etkrawczyk_qchen3.out</output_file>
   <entry_point>
      <name>_c_int00_noargs</name>
      <address>0x3f29</address>
   </entry_point>
   <input_file_list>
      <input_file id="fl-2">
         <path>.\</path>
         <kind>object</kind>
         <file>Crystalfontz128x128_ST7735.obj</file>
         <name>Crystalfontz128x128_ST7735.obj</name>
      </input_file>
      <input_file id="fl-3">
         <path>.\</path>
         <kind>object</kind>
         <file>HAL_EK_TM4C1294XL_Crystalfontz128x128_ST7735.obj</file>
         <name>HAL_EK_TM4C1294XL_Crystalfontz128x128_ST7735.obj</name>
      </input_file>
      <input_file id="fl-4">
         <path>.\</path>
         <kind>object</kind>
         <file>btnFIFO.obj</file>
         <name>btnFIFO.obj</name>
      </input_file>
      <input_file id="fl-5">
         <path>.\</path>
         <kind>object</kind>
         <file>buttons.obj</file>
         <name>buttons.obj</name>
      </input_file>
      <input_file id="fl-6">
         <path>.\</path>
         <kind>object</kind>
         <file>hwDebug.obj</file>
         <name>hwDebug.obj</name>
      </input_file>
      <input_file id="fl-7">
         <path>.\</path>
         <kind>object</kind>
         <file>main.obj</file>
         <name>main.obj</name>
      </input_file>
      <input_file id="fl-8">
         <path>.\</path>
         <kind>object</kind>
         <file>sampler.obj</file>
         <name>sampler.obj</name>
      </input_file>
      <input_file id="fl-9">
         <path>.\</path>
         <kind>object</kind>
         <file>screenControl.obj</file>
         <name>screenControl.obj</name>
      </input_file>
      <input_file id="fl-a">
         <path>.\</path>
         <kind>object</kind>
         <file>sysctl_pll.obj</file>
         <name>sysctl_pll.obj</name>
      </input_file>
      <input_file id="fl-b">
         <path>.\</path>
         <kind>object</kind>
         <file>tm4c1294ncpdt_startup_ccs.obj</file>
         <name>tm4c1294ncpdt_startup_ccs.obj</name>
      </input_file>
      <input_file id="fl-11">
         <kind>object</kind>
         <file>&lt;internal&gt;</file>
         <name>&lt;internal&gt;</name>
      </input_file>
      <input_file id="fl-c7">
         <path>C:\ti\ccsv8\tools\compiler\ti-cgt-arm_18.1.4.LTS\lib\</path>
         <kind>archive</kind>
         <file>rtsv7M4_T_le_v4SPD16_eabi.lib</file>
         <name>s_roundf.c.obj</name>
      </input_file>
      <input_file id="fl-c8">
         <path>C:\ti\ccsv8\tools\compiler\ti-cgt-arm_18.1.4.LTS\lib\</path>
         <kind>archive</kind>
         <file>rtsv7M4_T_le_v4SPD16_eabi.lib</file>
         <name>fs_tod_t2.asm.obj</name>
      </input_file>
      <input_file id="fl-c9">
         <path>C:\ti\ccsv8\tools\compiler\ti-cgt-arm_18.1.4.LTS\lib\</path>
         <kind>archive</kind>
         <file>rtsv7M4_T_le_v4SPD16_eabi.lib</file>
         <name>copy_zero_init.c.obj</name>
      </input_file>
      <input_file id="fl-ca">
         <path>C:\ti\ccsv8\tools\compiler\ti-cgt-arm_18.1.4.LTS\lib\</path>
         <kind>archive</kind>
         <file>rtsv7M4_T_le_v4SPD16_eabi.lib</file>
         <name>copy_decompress_none.c.obj</name>
      </input_file>
      <input_file id="fl-cb">
         <path>C:\ti\ccsv8\tools\compiler\ti-cgt-arm_18.1.4.LTS\lib\</path>
         <kind>archive</kind>
         <file>rtsv7M4_T_le_v4SPD16_eabi.lib</file>
         <name>copy_decompress_lzss.c.obj</name>
      </input_file>
      <input_file id="fl-cc">
         <path>C:\ti\ccsv8\tools\compiler\ti-cgt-arm_18.1.4.LTS\lib\</path>
         <kind>archive</kind>
         <file>rtsv7M4_T_le_v4SPD16_eabi.lib</file>
         <name>boot_cortex_m.c.obj</name>
      </input_file>
      <input_file id="fl-cd">
         <path>C:\ti\ccsv8\tools\compiler\ti-cgt-arm_18.1.4.LTS\lib\</path>
         <kind>archive</kind>
         <file>rtsv7M4_T_le_v4SPD16_eabi.lib</file>
         <name>exit.c.obj</name>
      </input_file>
      <input_file id="fl-ce">
         <path>C:\ti\ccsv8\tools\compiler\ti-cgt-arm_18.1.4.LTS\lib\</path>
         <kind>archive</kind>
         <file>rtsv7M4_T_le_v4SPD16_eabi.lib</file>
         <name>_lock.c.obj</name>
      </input_file>
      <input_file id="fl-cf">
         <path>C:\ti\ccsv8\tools\compiler\ti-cgt-arm_18.1.4.LTS\lib\</path>
         <kind>archive</kind>
         <file>rtsv7M4_T_le_v4SPD16_eabi.lib</file>
         <name>args_main.c.obj</name>
      </input_file>
      <input_file id="fl-d0">
         <path>C:\ti\ccsv8\tools\compiler\ti-cgt-arm_18.1.4.LTS\lib\</path>
         <kind>archive</kind>
         <file>rtsv7M4_T_le_v4SPD16_eabi.lib</file>
         <name>snprintf.c.obj</name>
      </input_file>
      <input_file id="fl-d1">
         <path>C:\ti\ccsv8\tools\compiler\ti-cgt-arm_18.1.4.LTS\lib\</path>
         <kind>archive</kind>
         <file>rtsv7M4_T_le_v4SPD16_eabi.lib</file>
         <name>s_floorf.c.obj</name>
      </input_file>
      <input_file id="fl-d2">
         <path>C:\ti\ccsv8\tools\compiler\ti-cgt-arm_18.1.4.LTS\lib\</path>
         <kind>archive</kind>
         <file>rtsv7M4_T_le_v4SPD16_eabi.lib</file>
         <name>memcpy_t2.asm.obj</name>
      </input_file>
      <input_file id="fl-d3">
         <path>C:\ti\ccsv8\tools\compiler\ti-cgt-arm_18.1.4.LTS\lib\</path>
         <kind>archive</kind>
         <file>rtsv7M4_T_le_v4SPD16_eabi.lib</file>
         <name>memset_t2.asm.obj</name>
      </input_file>
      <input_file id="fl-d4">
         <path>C:\ti\ccsv8\tools\compiler\ti-cgt-arm_18.1.4.LTS\lib\</path>
         <kind>archive</kind>
         <file>rtsv7M4_T_le_v4SPD16_eabi.lib</file>
         <name>autoinit.c.obj</name>
      </input_file>
      <input_file id="fl-d5">
         <path>C:\ti\ccsv8\tools\compiler\ti-cgt-arm_18.1.4.LTS\lib\</path>
         <kind>archive</kind>
         <file>rtsv7M4_T_le_v4SPD16_eabi.lib</file>
         <name>pre_init.c.obj</name>
      </input_file>
      <input_file id="fl-d6">
         <path>C:\ti\ccsv8\tools\compiler\ti-cgt-arm_18.1.4.LTS\lib\</path>
         <kind>archive</kind>
         <file>rtsv7M4_T_le_v4SPD16_eabi.lib</file>
         <name>cpy_tbl.c.obj</name>
      </input_file>
      <input_file id="fl-d7">
         <path>C:\ti\ccsv8\tools\compiler\ti-cgt-arm_18.1.4.LTS\lib\</path>
         <kind>archive</kind>
         <file>rtsv7M4_T_le_v4SPD16_eabi.lib</file>
         <name>_printfi.c.obj</name>
      </input_file>
      <input_file id="fl-d8">
         <path>C:\ti\ccsv8\tools\compiler\ti-cgt-arm_18.1.4.LTS\lib\</path>
         <kind>archive</kind>
         <file>rtsv7M4_T_le_v4SPD16_eabi.lib</file>
         <name>atoi.c.obj</name>
      </input_file>
      <input_file id="fl-d9">
         <path>C:\ti\ccsv8\tools\compiler\ti-cgt-arm_18.1.4.LTS\lib\</path>
         <kind>archive</kind>
         <file>rtsv7M4_T_le_v4SPD16_eabi.lib</file>
         <name>ctype.c.obj</name>
      </input_file>
      <input_file id="fl-da">
         <path>C:\ti\ccsv8\tools\compiler\ti-cgt-arm_18.1.4.LTS\lib\</path>
         <kind>archive</kind>
         <file>rtsv7M4_T_le_v4SPD16_eabi.lib</file>
         <name>ltoa.c.obj</name>
      </input_file>
      <input_file id="fl-db">
         <path>C:\ti\ccsv8\tools\compiler\ti-cgt-arm_18.1.4.LTS\lib\</path>
         <kind>archive</kind>
         <file>rtsv7M4_T_le_v4SPD16_eabi.lib</file>
         <name>memccpy.c.obj</name>
      </input_file>
      <input_file id="fl-dc">
         <path>C:\ti\ccsv8\tools\compiler\ti-cgt-arm_18.1.4.LTS\lib\</path>
         <kind>archive</kind>
         <file>rtsv7M4_T_le_v4SPD16_eabi.lib</file>
         <name>strchr.c.obj</name>
      </input_file>
      <input_file id="fl-dd">
         <path>C:\ti\ccsv8\tools\compiler\ti-cgt-arm_18.1.4.LTS\lib\</path>
         <kind>archive</kind>
         <file>rtsv7M4_T_le_v4SPD16_eabi.lib</file>
         <name>strlen.c.obj</name>
      </input_file>
      <input_file id="fl-de">
         <path>C:\ti\ccsv8\tools\compiler\ti-cgt-arm_18.1.4.LTS\lib\</path>
         <kind>archive</kind>
         <file>rtsv7M4_T_le_v4SPD16_eabi.lib</file>
         <name>wcslen.c.obj</name>
      </input_file>
      <input_file id="fl-df">
         <path>C:\ti\ccsv8\tools\compiler\ti-cgt-arm_18.1.4.LTS\lib\</path>
         <kind>archive</kind>
         <file>rtsv7M4_T_le_v4SPD16_eabi.lib</file>
         <name>s_frexp.c.obj</name>
      </input_file>
      <input_file id="fl-e0">
         <path>C:\ti\ccsv8\tools\compiler\ti-cgt-arm_18.1.4.LTS\lib\</path>
         <kind>archive</kind>
         <file>rtsv7M4_T_le_v4SPD16_eabi.lib</file>
         <name>s_scalbn.c.obj</name>
      </input_file>
      <input_file id="fl-e1">
         <path>C:\ti\ccsv8\tools\compiler\ti-cgt-arm_18.1.4.LTS\lib\</path>
         <kind>archive</kind>
         <file>rtsv7M4_T_le_v4SPD16_eabi.lib</file>
         <name>fd_add_t2.asm.obj</name>
      </input_file>
      <input_file id="fl-e2">
         <path>C:\ti\ccsv8\tools\compiler\ti-cgt-arm_18.1.4.LTS\lib\</path>
         <kind>archive</kind>
         <file>rtsv7M4_T_le_v4SPD16_eabi.lib</file>
         <name>fd_cmp_t2.asm.obj</name>
      </input_file>
      <input_file id="fl-e3">
         <path>C:\ti\ccsv8\tools\compiler\ti-cgt-arm_18.1.4.LTS\lib\</path>
         <kind>archive</kind>
         <file>rtsv7M4_T_le_v4SPD16_eabi.lib</file>
         <name>fd_div_t2.asm.obj</name>
      </input_file>
      <input_file id="fl-e4">
         <path>C:\ti\ccsv8\tools\compiler\ti-cgt-arm_18.1.4.LTS\lib\</path>
         <kind>archive</kind>
         <file>rtsv7M4_T_le_v4SPD16_eabi.lib</file>
         <name>fd_mul_t2.asm.obj</name>
      </input_file>
      <input_file id="fl-e5">
         <path>C:\ti\ccsv8\tools\compiler\ti-cgt-arm_18.1.4.LTS\lib\</path>
         <kind>archive</kind>
         <file>rtsv7M4_T_le_v4SPD16_eabi.lib</file>
         <name>fd_toi_t2.asm.obj</name>
      </input_file>
      <input_file id="fl-e6">
         <path>C:\ti\ccsv8\tools\compiler\ti-cgt-arm_18.1.4.LTS\lib\</path>
         <kind>archive</kind>
         <file>rtsv7M4_T_le_v4SPD16_eabi.lib</file>
         <name>i_tofd_t2.asm.obj</name>
      </input_file>
      <input_file id="fl-e7">
         <path>C:\ti\ccsv8\tools\compiler\ti-cgt-arm_18.1.4.LTS\lib\</path>
         <kind>archive</kind>
         <file>rtsv7M4_T_le_v4SPD16_eabi.lib</file>
         <name>ull_div_t2.asm.obj</name>
      </input_file>
      <input_file id="fl-e8">
         <path>C:\ti\ccsv8\tools\compiler\ti-cgt-arm_18.1.4.LTS\lib\</path>
         <kind>archive</kind>
         <file>rtsv7M4_T_le_v4SPD16_eabi.lib</file>
         <name>errno.c.obj</name>
      </input_file>
      <input_file id="fl-e9">
         <path>C:\ti\ccsv8\tools\compiler\ti-cgt-arm_18.1.4.LTS\lib\</path>
         <kind>archive</kind>
         <file>rtsv7M4_T_le_v4SPD16_eabi.lib</file>
         <name>s_copysign.c.obj</name>
      </input_file>
      <input_file id="fl-ea">
         <path>C:\ti\ccsv8\tools\compiler\ti-cgt-arm_18.1.4.LTS\lib\</path>
         <kind>archive</kind>
         <file>rtsv7M4_T_le_v4SPD16_eabi.lib</file>
         <name>div0.asm.obj</name>
      </input_file>
      <input_file id="fl-eb">
         <path>C:\ti\tirtos_tivac_2_16_00_08\products\TivaWare_C_Series-2.1.1.71b\grlib\ccs\Debug\</path>
         <kind>archive</kind>
         <file>grlib.lib</file>
         <name>context.obj</name>
      </input_file>
      <input_file id="fl-ec">
         <path>C:\ti\tirtos_tivac_2_16_00_08\products\TivaWare_C_Series-2.1.1.71b\grlib\ccs\Debug\</path>
         <kind>archive</kind>
         <file>grlib.lib</file>
         <name>line.obj</name>
      </input_file>
      <input_file id="fl-ed">
         <path>C:\ti\tirtos_tivac_2_16_00_08\products\TivaWare_C_Series-2.1.1.71b\grlib\ccs\Debug\</path>
         <kind>archive</kind>
         <file>grlib.lib</file>
         <name>rectangle.obj</name>
      </input_file>
      <input_file id="fl-ee">
         <path>C:\ti\tirtos_tivac_2_16_00_08\products\TivaWare_C_Series-2.1.1.71b\grlib\ccs\Debug\</path>
         <kind>archive</kind>
         <file>grlib.lib</file>
         <name>string.obj</name>
      </input_file>
      <input_file id="fl-ef">
         <path>C:\ti\tirtos_tivac_2_16_00_08\products\TivaWare_C_Series-2.1.1.71b\grlib\ccs\Debug\</path>
         <kind>archive</kind>
         <file>grlib.lib</file>
         <name>fontfixed6x8.obj</name>
      </input_file>
      <input_file id="fl-f0">
         <path>C:\ti\tirtos_tivac_2_16_00_08\products\TivaWare_C_Series-2.1.1.71b\grlib\ccs\Debug\</path>
         <kind>archive</kind>
         <file>grlib.lib</file>
         <name>charmap.obj</name>
      </input_file>
      <input_file id="fl-f1">
         <path>C:\ti\tirtos_tivac_2_16_00_08\products\TivaWare_C_Series-2.1.1.71b\driverlib\ccs\Debug\</path>
         <kind>archive</kind>
         <file>driverlib.lib</file>
         <name>adc.obj</name>
      </input_file>
      <input_file id="fl-f2">
         <path>C:\ti\tirtos_tivac_2_16_00_08\products\TivaWare_C_Series-2.1.1.71b\driverlib\ccs\Debug\</path>
         <kind>archive</kind>
         <file>driverlib.lib</file>
         <name>fpu.obj</name>
      </input_file>
      <input_file id="fl-f3">
         <path>C:\ti\tirtos_tivac_2_16_00_08\products\TivaWare_C_Series-2.1.1.71b\driverlib\ccs\Debug\</path>
         <kind>archive</kind>
         <file>driverlib.lib</file>
         <name>gpio.obj</name>
      </input_file>
      <input_file id="fl-f4">
         <path>C:\ti\tirtos_tivac_2_16_00_08\products\TivaWare_C_Series-2.1.1.71b\driverlib\ccs\Debug\</path>
         <kind>archive</kind>
         <file>driverlib.lib</file>
         <name>interrupt.obj</name>
      </input_file>
      <input_file id="fl-f5">
         <path>C:\ti\tirtos_tivac_2_16_00_08\products\TivaWare_C_Series-2.1.1.71b\driverlib\ccs\Debug\</path>
         <kind>archive</kind>
         <file>driverlib.lib</file>
         <name>ssi.obj</name>
      </input_file>
      <input_file id="fl-f6">
         <path>C:\ti\tirtos_tivac_2_16_00_08\products\TivaWare_C_Series-2.1.1.71b\driverlib\ccs\Debug\</path>
         <kind>archive</kind>
         <file>driverlib.lib</file>
         <name>sysctl.obj</name>
      </input_file>
      <input_file id="fl-f7">
         <path>C:\ti\tirtos_tivac_2_16_00_08\products\TivaWare_C_Series-2.1.1.71b\driverlib\ccs\Debug\</path>
         <kind>archive</kind>
         <file>driverlib.lib</file>
         <name>timer.obj</name>
      </input_file>
      <input_file id="fl-f8">
         <path>C:\ti\tirtos_tivac_2_16_00_08\products\TivaWare_C_Series-2.1.1.71b\driverlib\ccs\Debug\</path>
         <kind>archive</kind>
         <file>driverlib.lib</file>
         <name>cpu.obj</name>
      </input_file>
   </input_file_list>
   <object_component_list>
      <object_component id="oc-f">
         <name>.intvecs</name>
         <load_address>0x0</load_address>
         <run_address>0x0</run_address>
         <size>0x208</size>
         <input_file_ref idref="fl-b"/>
      </object_component>
      <object_component id="oc-352">
         <name>.text:__TI_printfi</name>
         <load_address>0x208</load_address>
         <run_address>0x208</run_address>
         <size>0xa5e</size>
         <input_file_ref idref="fl-d7"/>
      </object_component>
      <object_component id="oc-521">
         <name>.text</name>
         <load_address>0xc66</load_address>
         <run_address>0xc66</run_address>
         <size>0x2</size>
         <input_file_ref idref="fl-ea"/>
      </object_component>
      <object_component id="oc-2a">
         <name>.text</name>
         <load_address>0xc68</load_address>
         <run_address>0xc68</run_address>
         <size>0x42a</size>
         <input_file_ref idref="fl-5"/>
      </object_component>
      <object_component id="oc-108">
         <name>.text:GPIOPinRead</name>
         <load_address>0x1092</load_address>
         <run_address>0x1092</run_address>
         <size>0x6</size>
         <input_file_ref idref="fl-f3"/>
      </object_component>
      <object_component id="oc-27e">
         <name>.text</name>
         <load_address>0x1098</load_address>
         <run_address>0x1098</run_address>
         <size>0x3f0</size>
         <input_file_ref idref="fl-2"/>
      </object_component>
      <object_component id="oc-15c">
         <name>.text</name>
         <load_address>0x1488</load_address>
         <run_address>0x1488</run_address>
         <size>0x2da</size>
         <input_file_ref idref="fl-7"/>
      </object_component>
      <object_component id="oc-3a8">
         <name>.text:GPIOPinWrite</name>
         <load_address>0x1762</load_address>
         <run_address>0x1762</run_address>
         <size>0x6</size>
         <input_file_ref idref="fl-f3"/>
      </object_component>
      <object_component id="oc-1f1">
         <name>.text</name>
         <load_address>0x1768</load_address>
         <run_address>0x1768</run_address>
         <size>0x2b8</size>
         <input_file_ref idref="fl-9"/>
      </object_component>
      <object_component id="oc-439">
         <name>.text:_pconv_a</name>
         <load_address>0x1a20</load_address>
         <run_address>0x1a20</run_address>
         <size>0x270</size>
         <input_file_ref idref="fl-d7"/>
      </object_component>
      <object_component id="oc-3dc">
         <name>.text:GrFontGlyphRender</name>
         <load_address>0x1c90</load_address>
         <run_address>0x1c90</run_address>
         <size>0x256</size>
         <input_file_ref idref="fl-ee"/>
      </object_component>
      <object_component id="oc-1eb">
         <name>.text:SysCtlClockFreqSet</name>
         <load_address>0x1ee8</load_address>
         <run_address>0x1ee8</run_address>
         <size>0x204</size>
         <input_file_ref idref="fl-f6"/>
      </object_component>
      <object_component id="oc-427">
         <name>.text:_pconv_g</name>
         <load_address>0x20ec</load_address>
         <run_address>0x20ec</run_address>
         <size>0x1d0</size>
         <input_file_ref idref="fl-d7"/>
      </object_component>
      <object_component id="oc-102">
         <name>.text:TimerIntClear</name>
         <load_address>0x22bc</load_address>
         <run_address>0x22bc</run_address>
         <size>0x4</size>
         <input_file_ref idref="fl-f7"/>
      </object_component>
      <object_component id="oc-30">
         <name>.text</name>
         <load_address>0x22c0</load_address>
         <run_address>0x22c0</run_address>
         <size>0x1c4</size>
         <input_file_ref idref="fl-8"/>
      </object_component>
      <object_component id="oc-4c5">
         <name>.text</name>
         <load_address>0x2484</load_address>
         <run_address>0x2484</run_address>
         <size>0x1b6</size>
         <input_file_ref idref="fl-e1"/>
      </object_component>
      <object_component id="oc-294">
         <name>.text:GrContextFontSet</name>
         <load_address>0x263a</load_address>
         <run_address>0x263a</run_address>
         <size>0x6</size>
         <input_file_ref idref="fl-ee"/>
      </object_component>
      <object_component id="oc-2f9">
         <name>.text</name>
         <load_address>0x2640</load_address>
         <run_address>0x2640</run_address>
         <size>0x17e</size>
         <input_file_ref idref="fl-3"/>
      </object_component>
      <object_component id="oc-433">
         <name>.text:_pconv_e</name>
         <load_address>0x27c0</load_address>
         <run_address>0x27c0</run_address>
         <size>0x13c</size>
         <input_file_ref idref="fl-d7"/>
      </object_component>
      <object_component id="oc-4ab">
         <name>.text</name>
         <load_address>0x28fc</load_address>
         <run_address>0x28fc</run_address>
         <size>0x136</size>
         <input_file_ref idref="fl-e3"/>
      </object_component>
      <object_component id="oc-ce">
         <name>.text:GPIOPadConfigSet</name>
         <load_address>0x2a32</load_address>
         <run_address>0x2a32</run_address>
         <size>0x130</size>
         <input_file_ref idref="fl-f3"/>
      </object_component>
      <object_component id="oc-4d7">
         <name>.text:fcvt</name>
         <load_address>0x2b64</load_address>
         <run_address>0x2b64</run_address>
         <size>0x124</size>
         <input_file_ref idref="fl-d7"/>
      </object_component>
      <object_component id="oc-4eb">
         <name>.text:scalbn</name>
         <load_address>0x2c88</load_address>
         <run_address>0x2c88</run_address>
         <size>0x110</size>
         <input_file_ref idref="fl-e0"/>
      </object_component>
      <object_component id="oc-2a0">
         <name>.text:GrLineDraw</name>
         <load_address>0x2d98</load_address>
         <run_address>0x2d98</run_address>
         <size>0x106</size>
         <input_file_ref idref="fl-ec"/>
      </object_component>
      <object_component id="oc-4a6">
         <name>.text</name>
         <load_address>0x2e9e</load_address>
         <run_address>0x2e9e</run_address>
         <size>0xfc</size>
         <input_file_ref idref="fl-e4"/>
      </object_component>
      <object_component id="oc-313">
         <name>.text:GrDefaultStringRenderer</name>
         <load_address>0x2f9a</load_address>
         <run_address>0x2f9a</run_address>
         <size>0xc4</size>
         <input_file_ref idref="fl-ee"/>
      </object_component>
      <object_component id="oc-336">
         <name>.text:GrLineClip</name>
         <load_address>0x305e</load_address>
         <run_address>0x305e</run_address>
         <size>0xc0</size>
         <input_file_ref idref="fl-ec"/>
      </object_component>
      <object_component id="oc-41c">
         <name>.text:_ltostr</name>
         <load_address>0x3120</load_address>
         <run_address>0x3120</run_address>
         <size>0xb1</size>
         <input_file_ref idref="fl-d7"/>
      </object_component>
      <object_component id="oc-44">
         <name>.text</name>
         <load_address>0x31d2</load_address>
         <run_address>0x31d2</run_address>
         <size>0x9c</size>
         <input_file_ref idref="fl-d2"/>
      </object_component>
      <object_component id="oc-49f">
         <name>.text</name>
         <load_address>0x326e</load_address>
         <run_address>0x326e</run_address>
         <size>0x96</size>
         <input_file_ref idref="fl-e7"/>
      </object_component>
      <object_component id="oc-29a">
         <name>.text:GrRectFill</name>
         <load_address>0x3304</load_address>
         <run_address>0x3304</run_address>
         <size>0x86</size>
         <input_file_ref idref="fl-ed"/>
      </object_component>
      <object_component id="oc-422">
         <name>.text:__aeabi_cdcmple</name>
         <load_address>0x338a</load_address>
         <run_address>0x338a</run_address>
         <size>0x86</size>
         <input_file_ref idref="fl-e2"/>
      </object_component>
      <object_component id="oc-4b0">
         <name>.text:__aeabi_cdrcmple</name>
         <load_address>0x3410</load_address>
         <run_address>0x3410</run_address>
         <size>0x86</size>
         <input_file_ref idref="fl-e2"/>
      </object_component>
      <object_component id="oc-10e">
         <name>.text</name>
         <load_address>0x3498</load_address>
         <run_address>0x3498</run_address>
         <size>0x82</size>
         <input_file_ref idref="fl-4"/>
      </object_component>
      <object_component id="oc-34a">
         <name>.text:floorf</name>
         <load_address>0x351c</load_address>
         <run_address>0x351c</run_address>
         <size>0x80</size>
         <input_file_ref idref="fl-d1"/>
      </object_component>
      <object_component id="oc-f5">
         <name>.text:ADCSequenceStepConfigure</name>
         <load_address>0x359c</load_address>
         <run_address>0x359c</run_address>
         <size>0x7a</size>
         <input_file_ref idref="fl-f1"/>
      </object_component>
      <object_component id="oc-150">
         <name>.text</name>
         <load_address>0x3616</load_address>
         <run_address>0x3616</run_address>
         <size>0x7a</size>
         <input_file_ref idref="fl-d3"/>
      </object_component>
      <object_component id="oc-4d0">
         <name>.text:_mcpy</name>
         <load_address>0x3690</load_address>
         <run_address>0x3690</run_address>
         <size>0x6e</size>
         <input_file_ref idref="fl-d7"/>
      </object_component>
      <object_component id="oc-2a6">
         <name>.text:roundf</name>
         <load_address>0x36fe</load_address>
         <run_address>0x36fe</run_address>
         <size>0x6e</size>
         <input_file_ref idref="fl-c7"/>
      </object_component>
      <object_component id="oc-28a">
         <name>.text:GrContextInit</name>
         <load_address>0x376c</load_address>
         <run_address>0x376c</run_address>
         <size>0x68</size>
         <input_file_ref idref="fl-eb"/>
      </object_component>
      <object_component id="oc-c2">
         <name>.text:IntEnable</name>
         <load_address>0x37d4</load_address>
         <run_address>0x37d4</run_address>
         <size>0x68</size>
         <input_file_ref idref="fl-f4"/>
      </object_component>
      <object_component id="oc-12">
         <name>.text:decompress:lzss:__TI_decompress_lzss</name>
         <load_address>0x383c</load_address>
         <run_address>0x383c</run_address>
         <size>0x68</size>
         <input_file_ref idref="fl-cb"/>
      </object_component>
      <object_component id="oc-4e5">
         <name>.text:frexp</name>
         <load_address>0x38a4</load_address>
         <run_address>0x38a4</run_address>
         <size>0x64</size>
         <input_file_ref idref="fl-df"/>
      </object_component>
      <object_component id="oc-a1">
         <name>.text:TimerConfigure</name>
         <load_address>0x3908</load_address>
         <run_address>0x3908</run_address>
         <size>0x60</size>
         <input_file_ref idref="fl-f7"/>
      </object_component>
      <object_component id="oc-47f">
         <name>.text:FontWideGlyphDataGet</name>
         <load_address>0x3968</load_address>
         <run_address>0x3968</run_address>
         <size>0x5a</size>
         <input_file_ref idref="fl-ee"/>
      </object_component>
      <object_component id="oc-127">
         <name>.text:TimerControlTrigger</name>
         <load_address>0x39c4</load_address>
         <run_address>0x39c4</run_address>
         <size>0x58</size>
         <input_file_ref idref="fl-f7"/>
      </object_component>
      <object_component id="oc-42d">
         <name>.text:_pconv_f</name>
         <load_address>0x3a1c</load_address>
         <run_address>0x3a1c</run_address>
         <size>0x56</size>
         <input_file_ref idref="fl-d7"/>
      </object_component>
      <object_component id="oc-4ba">
         <name>.text:ltoa</name>
         <load_address>0x3a72</load_address>
         <run_address>0x3a72</run_address>
         <size>0x54</size>
         <input_file_ref idref="fl-da"/>
      </object_component>
      <object_component id="oc-4ca">
         <name>.text:_ecpy</name>
         <load_address>0x3ac6</load_address>
         <run_address>0x3ac6</run_address>
         <size>0x52</size>
         <input_file_ref idref="fl-d7"/>
      </object_component>
      <object_component id="oc-416">
         <name>.text:atoi</name>
         <load_address>0x3b18</load_address>
         <run_address>0x3b18</run_address>
         <size>0x4c</size>
         <input_file_ref idref="fl-d8"/>
      </object_component>
      <object_component id="oc-2ac">
         <name>.text:snprintf</name>
         <load_address>0x3b64</load_address>
         <run_address>0x3b64</run_address>
         <size>0x4c</size>
         <input_file_ref idref="fl-d0"/>
      </object_component>
      <object_component id="oc-326">
         <name>.text:UpdateContextCharMapping</name>
         <load_address>0x3bb0</load_address>
         <run_address>0x3bb0</run_address>
         <size>0x4a</size>
         <input_file_ref idref="fl-ee"/>
      </object_component>
      <object_component id="oc-302">
         <name>.text:SysCtlDelay</name>
         <load_address>0x3bfa</load_address>
         <run_address>0x3bfa</run_address>
         <size>0x6</size>
         <input_file_ref idref="fl-f6"/>
      </object_component>
      <object_component id="oc-da">
         <name>.text</name>
         <load_address>0x3c00</load_address>
         <run_address>0x3c00</run_address>
         <size>0x4a</size>
         <input_file_ref idref="fl-a"/>
      </object_component>
      <object_component id="oc-3c0">
         <name>.text:GPIOPinConfigure</name>
         <load_address>0x3c4c</load_address>
         <run_address>0x3c4c</run_address>
         <size>0x48</size>
         <input_file_ref idref="fl-f3"/>
      </object_component>
      <object_component id="oc-26e">
         <name>.text:_SysCtlFrequencyGet</name>
         <load_address>0x3c94</load_address>
         <run_address>0x3c94</run_address>
         <size>0x48</size>
         <input_file_ref idref="fl-f6"/>
      </object_component>
      <object_component id="oc-4b5">
         <name>.text</name>
         <load_address>0x3cdc</load_address>
         <run_address>0x3cdc</run_address>
         <size>0x48</size>
         <input_file_ref idref="fl-e5"/>
      </object_component>
      <object_component id="oc-33c">
         <name>.text:GrLineDrawH</name>
         <load_address>0x3d24</load_address>
         <run_address>0x3d24</run_address>
         <size>0x46</size>
         <input_file_ref idref="fl-ec"/>
      </object_component>
      <object_component id="oc-342">
         <name>.text:GrLineDrawV</name>
         <load_address>0x3d6a</load_address>
         <run_address>0x3d6a</run_address>
         <size>0x46</size>
         <input_file_ref idref="fl-ec"/>
      </object_component>
      <object_component id="oc-210">
         <name>.text:__TI_auto_init_nobinit_nopinit:__TI_auto_init_nobinit_nopinit</name>
         <load_address>0x3db0</load_address>
         <run_address>0x3db0</run_address>
         <size>0x44</size>
         <input_file_ref idref="fl-d4"/>
      </object_component>
      <object_component id="oc-ef">
         <name>.text:ADCSequenceConfigure</name>
         <load_address>0x3df4</load_address>
         <run_address>0x3df4</run_address>
         <size>0x3e</size>
         <input_file_ref idref="fl-f1"/>
      </object_component>
      <object_component id="oc-4dd">
         <name>.text:_fcpy</name>
         <load_address>0x3e32</load_address>
         <run_address>0x3e32</run_address>
         <size>0x3e</size>
         <input_file_ref idref="fl-d7"/>
      </object_component>
      <object_component id="oc-3ae">
         <name>.text:SSIConfigSetExpClk</name>
         <load_address>0x3e70</load_address>
         <run_address>0x3e70</run_address>
         <size>0x3c</size>
         <input_file_ref idref="fl-f5"/>
      </object_component>
      <object_component id="oc-156">
         <name>.text:_system_pre_init</name>
         <load_address>0x3eac</load_address>
         <run_address>0x3eac</run_address>
         <size>0x4</size>
         <input_file_ref idref="fl-d5"/>
      </object_component>
      <object_component id="oc-1f7">
         <name>.text</name>
         <load_address>0x3eb0</load_address>
         <run_address>0x3eb0</run_address>
         <size>0x3c</size>
         <input_file_ref idref="fl-6"/>
      </object_component>
      <object_component id="oc-485">
         <name>.text:FontGlyphDataGet</name>
         <load_address>0x3eec</load_address>
         <run_address>0x3eec</run_address>
         <size>0x3a</size>
         <input_file_ref idref="fl-ee"/>
      </object_component>
      <object_component id="oc-62">
         <name>.text:_c_int00_noargs:_c_int00_noargs</name>
         <load_address>0x3f28</load_address>
         <run_address>0x3f28</run_address>
         <size>0x38</size>
         <input_file_ref idref="fl-cc"/>
      </object_component>
      <object_component id="oc-2b2">
         <name>.text</name>
         <load_address>0x3f60</load_address>
         <run_address>0x3f60</run_address>
         <size>0x38</size>
         <input_file_ref idref="fl-c8"/>
      </object_component>
      <object_component id="oc-3fc">
         <name>.text:GrClipCodeGet</name>
         <load_address>0x3f98</load_address>
         <run_address>0x3f98</run_address>
         <size>0x36</size>
         <input_file_ref idref="fl-ec"/>
      </object_component>
      <object_component id="oc-95">
         <name>.text:SysCtlPeripheralEnable</name>
         <load_address>0x3fd0</load_address>
         <run_address>0x3fd0</run_address>
         <size>0x34</size>
         <input_file_ref idref="fl-f6"/>
      </object_component>
      <object_component id="oc-358">
         <name>.text:_outs</name>
         <load_address>0x4004</load_address>
         <run_address>0x4004</run_address>
         <size>0x30</size>
         <input_file_ref idref="fl-d0"/>
      </object_component>
      <object_component id="oc-7d">
         <name>.text:ADCIntStatus</name>
         <load_address>0x4034</load_address>
         <run_address>0x4034</run_address>
         <size>0x2e</size>
         <input_file_ref idref="fl-f1"/>
      </object_component>
      <object_component id="oc-3d0">
         <name>.text:GrStringNextCharGet</name>
         <load_address>0x4062</load_address>
         <run_address>0x4062</run_address>
         <size>0x2e</size>
         <input_file_ref idref="fl-ee"/>
      </object_component>
      <object_component id="oc-4c0">
         <name>.text</name>
         <load_address>0x4090</load_address>
         <run_address>0x4090</run_address>
         <size>0x2e</size>
         <input_file_ref idref="fl-e6"/>
      </object_component>
      <object_component id="oc-195">
         <name>.text:GPIODirModeSet</name>
         <load_address>0x40be</load_address>
         <run_address>0x40be</run_address>
         <size>0x2a</size>
         <input_file_ref idref="fl-f3"/>
      </object_component>
      <object_component id="oc-3ca">
         <name>.text:GrFontInfoGet</name>
         <load_address>0x40e8</load_address>
         <run_address>0x40e8</run_address>
         <size>0x26</size>
         <input_file_ref idref="fl-ee"/>
      </object_component>
      <object_component id="oc-bc">
         <name>.text:IntPrioritySet</name>
         <load_address>0x4110</load_address>
         <run_address>0x4110</run_address>
         <size>0x24</size>
         <input_file_ref idref="fl-f4"/>
      </object_component>
      <object_component id="oc-3d6">
         <name>.text:GrFontGlyphDataGet</name>
         <load_address>0x4134</load_address>
         <run_address>0x4134</run_address>
         <size>0x22</size>
         <input_file_ref idref="fl-ee"/>
      </object_component>
      <object_component id="oc-86">
         <name>.text:ADCSequenceDataGet</name>
         <load_address>0x4156</load_address>
         <run_address>0x4156</run_address>
         <size>0x1e</size>
         <input_file_ref idref="fl-f1"/>
      </object_component>
      <object_component id="oc-3f1">
         <name>.text:GrFontCodepageGet</name>
         <load_address>0x4174</load_address>
         <run_address>0x4174</run_address>
         <size>0x1e</size>
         <input_file_ref idref="fl-ee"/>
      </object_component>
      <object_component id="oc-268">
         <name>.text:_SysCtlMemTimingGet</name>
         <load_address>0x4194</load_address>
         <run_address>0x4194</run_address>
         <size>0x1c</size>
         <input_file_ref idref="fl-f6"/>
      </object_component>
      <object_component id="oc-43f">
         <name>.text:memccpy</name>
         <load_address>0x41b0</load_address>
         <run_address>0x41b0</run_address>
         <size>0x1c</size>
         <input_file_ref idref="fl-db"/>
      </object_component>
      <object_component id="oc-204">
         <name>.text:abort:abort</name>
         <load_address>0x41cc</load_address>
         <run_address>0x41cc</run_address>
         <size>0x4</size>
         <input_file_ref idref="fl-cd"/>
      </object_component>
      <object_component id="oc-24">
         <name>.text</name>
         <load_address>0x41d0</load_address>
         <run_address>0x41d0</run_address>
         <size>0x1a</size>
         <input_file_ref idref="fl-b"/>
      </object_component>
      <object_component id="oc-e3">
         <name>.text:ADCClockConfigSet</name>
         <load_address>0x41ea</load_address>
         <run_address>0x41ea</run_address>
         <size>0x18</size>
         <input_file_ref idref="fl-f1"/>
      </object_component>
      <object_component id="oc-77">
         <name>.text:ADCProcessorTrigger</name>
         <load_address>0x4202</load_address>
         <run_address>0x4202</run_address>
         <size>0x18</size>
         <input_file_ref idref="fl-f1"/>
      </object_component>
      <object_component id="oc-2be">
         <name>.text:GPIOPinTypeGPIOOutput</name>
         <load_address>0x421a</load_address>
         <run_address>0x421a</run_address>
         <size>0x18</size>
         <input_file_ref idref="fl-f3"/>
      </object_component>
      <object_component id="oc-35e">
         <name>.text:_outc</name>
         <load_address>0x4232</load_address>
         <run_address>0x4232</run_address>
         <size>0x18</size>
         <input_file_ref idref="fl-d0"/>
      </object_component>
      <object_component id="oc-2b7">
         <name>.text:GrStringDraw</name>
         <load_address>0x424a</load_address>
         <run_address>0x424a</run_address>
         <size>0x16</size>
         <input_file_ref idref="fl-ee"/>
      </object_component>
      <object_component id="oc-4f1">
         <name>.text:strchr</name>
         <load_address>0x4260</load_address>
         <run_address>0x4260</run_address>
         <size>0x16</size>
         <input_file_ref idref="fl-dc"/>
      </object_component>
      <object_component id="oc-9b">
         <name>.text:TimerDisable</name>
         <load_address>0x4278</load_address>
         <run_address>0x4278</run_address>
         <size>0x14</size>
         <input_file_ref idref="fl-f7"/>
      </object_component>
      <object_component id="oc-53a">
         <name>.text:copysign</name>
         <load_address>0x428c</load_address>
         <run_address>0x428c</run_address>
         <size>0x14</size>
         <input_file_ref idref="fl-e9"/>
      </object_component>
      <object_component id="oc-410">
         <name>.text:strlen</name>
         <load_address>0x42a0</load_address>
         <run_address>0x42a0</run_address>
         <size>0x14</size>
         <input_file_ref idref="fl-dd"/>
      </object_component>
      <object_component id="oc-d4">
         <name>.text:GPIOPinTypeADC</name>
         <load_address>0x42b4</load_address>
         <run_address>0x42b4</run_address>
         <size>0x12</size>
         <input_file_ref idref="fl-f3"/>
      </object_component>
      <object_component id="oc-c8">
         <name>.text:GPIOPinTypeGPIOInput</name>
         <load_address>0x42c6</load_address>
         <run_address>0x42c6</run_address>
         <size>0x12</size>
         <input_file_ref idref="fl-f3"/>
      </object_component>
      <object_component id="oc-3ba">
         <name>.text:GPIOPinTypeSSI</name>
         <load_address>0x42d8</load_address>
         <run_address>0x42d8</run_address>
         <size>0x12</size>
         <input_file_ref idref="fl-f3"/>
      </object_component>
      <object_component id="oc-aa">
         <name>.text:TimerLoadSet</name>
         <load_address>0x42ea</load_address>
         <run_address>0x42ea</run_address>
         <size>0x12</size>
         <input_file_ref idref="fl-f7"/>
      </object_component>
      <object_component id="oc-445">
         <name>.text:wcslen</name>
         <load_address>0x42fc</load_address>
         <run_address>0x42fc</run_address>
         <size>0x12</size>
         <input_file_ref idref="fl-de"/>
      </object_component>
      <object_component id="oc-12d">
         <name>.text:ADCIntEnable</name>
         <load_address>0x430e</load_address>
         <run_address>0x430e</run_address>
         <size>0x10</size>
         <input_file_ref idref="fl-f1"/>
      </object_component>
      <object_component id="oc-1df">
         <name>.text:FPUEnable</name>
         <load_address>0x4320</load_address>
         <run_address>0x4320</run_address>
         <size>0x10</size>
         <input_file_ref idref="fl-f2"/>
      </object_component>
      <object_component id="oc-1e5">
         <name>.text:FPULazyStackingEnable</name>
         <load_address>0x4330</load_address>
         <run_address>0x4330</run_address>
         <size>0x10</size>
         <input_file_ref idref="fl-f2"/>
      </object_component>
      <object_component id="oc-1d9">
         <name>.text:IntMasterDisable</name>
         <load_address>0x4340</load_address>
         <run_address>0x4340</run_address>
         <size>0x10</size>
         <input_file_ref idref="fl-f4"/>
      </object_component>
      <object_component id="oc-1fd">
         <name>.text:IntMasterEnable</name>
         <load_address>0x4350</load_address>
         <run_address>0x4350</run_address>
         <size>0x10</size>
         <input_file_ref idref="fl-f4"/>
      </object_component>
      <object_component id="oc-e9">
         <name>.text:ADCSequenceDisable</name>
         <load_address>0x4360</load_address>
         <run_address>0x4360</run_address>
         <size>0xe</size>
         <input_file_ref idref="fl-f1"/>
      </object_component>
      <object_component id="oc-fb">
         <name>.text:ADCSequenceEnable</name>
         <load_address>0x436e</load_address>
         <run_address>0x436e</run_address>
         <size>0xe</size>
         <input_file_ref idref="fl-f1"/>
      </object_component>
      <object_component id="oc-b6">
         <name>.text:TimerEnable</name>
         <load_address>0x437c</load_address>
         <run_address>0x437c</run_address>
         <size>0xe</size>
         <input_file_ref idref="fl-f7"/>
      </object_component>
      <object_component id="oc-18">
         <name>.text:decompress:none:__TI_decompress_none</name>
         <load_address>0x438a</load_address>
         <run_address>0x438a</run_address>
         <size>0xe</size>
         <input_file_ref idref="fl-ca"/>
      </object_component>
      <object_component id="oc-25f">
         <name>.text:CPUcpsid</name>
         <load_address>0x4398</load_address>
         <run_address>0x4398</run_address>
         <size>0xc</size>
         <input_file_ref idref="fl-f8"/>
      </object_component>
      <object_component id="oc-2c5">
         <name>.text:CPUcpsie</name>
         <load_address>0x43a4</load_address>
         <run_address>0x43a4</run_address>
         <size>0xc</size>
         <input_file_ref idref="fl-f8"/>
      </object_component>
      <object_component id="oc-56">
         <name>.text:decompress:ZI:__TI_zero_init</name>
         <load_address>0x43b0</load_address>
         <run_address>0x43b0</run_address>
         <size>0xc</size>
         <input_file_ref idref="fl-c9"/>
      </object_component>
      <object_component id="oc-8c">
         <name>.text:ADCIntClear</name>
         <load_address>0x43bc</load_address>
         <run_address>0x43bc</run_address>
         <size>0xa</size>
         <input_file_ref idref="fl-f1"/>
      </object_component>
      <object_component id="oc-39c">
         <name>.text:SSIDataPut</name>
         <load_address>0x43c6</load_address>
         <run_address>0x43c6</run_address>
         <size>0xa</size>
         <input_file_ref idref="fl-f5"/>
      </object_component>
      <object_component id="oc-3b4">
         <name>.text:SSIEnable</name>
         <load_address>0x43d0</load_address>
         <run_address>0x43d0</run_address>
         <size>0xa</size>
         <input_file_ref idref="fl-f5"/>
      </object_component>
      <object_component id="oc-1d3">
         <name>.text:TimerIntStatus</name>
         <load_address>0x43da</load_address>
         <run_address>0x43da</run_address>
         <size>0xa</size>
         <input_file_ref idref="fl-f7"/>
      </object_component>
      <object_component id="oc-3e3">
         <name>.text:GrMapISO8859_1_Unicode</name>
         <load_address>0x43e4</load_address>
         <run_address>0x43e4</run_address>
         <size>0x8</size>
         <input_file_ref idref="fl-f0"/>
      </object_component>
      <object_component id="oc-3a2">
         <name>.text:SSIBusy</name>
         <load_address>0x43ec</load_address>
         <run_address>0x43ec</run_address>
         <size>0x8</size>
         <input_file_ref idref="fl-f5"/>
      </object_component>
      <object_component id="oc-b0">
         <name>.text:TimerIntEnable</name>
         <load_address>0x43f4</load_address>
         <run_address>0x43f4</run_address>
         <size>0x8</size>
         <input_file_ref idref="fl-f7"/>
      </object_component>
      <object_component id="oc-44b">
         <name>.text:__aeabi_errno_addr</name>
         <load_address>0x43fc</load_address>
         <run_address>0x43fc</run_address>
         <size>0x8</size>
         <input_file_ref idref="fl-e8"/>
      </object_component>
      <object_component id="oc-320">
         <name>.const:.string:g_pui8FontFixed6x8Data</name>
         <load_address>0x4404</load_address>
         <run_address>0x4404</run_address>
         <size>0x2f8</size>
         <input_file_ref idref="fl-ef"/>
      </object_component>
      <object_component id="oc-277">
         <name>.const:g_pppui32XTALtoVCO</name>
         <load_address>0x46fc</load_address>
         <run_address>0x46fc</run_address>
         <size>0x120</size>
         <input_file_ref idref="fl-f6"/>
      </object_component>
      <object_component id="oc-49a">
         <name>.const:.string:_ctypes_</name>
         <load_address>0x481c</load_address>
         <run_address>0x481c</run_address>
         <size>0x101</size>
         <input_file_ref idref="fl-d9"/>
      </object_component>
      <object_component id="oc-291">
         <name>.const:g_sFontFixed6x8</name>
         <load_address>0x4920</load_address>
         <run_address>0x4920</run_address>
         <size>0xc8</size>
         <input_file_ref idref="fl-ef"/>
      </object_component>
      <object_component id="oc-18c">
         <name>.const:g_pui32Regs</name>
         <load_address>0x49e8</load_address>
         <run_address>0x49e8</run_address>
         <size>0x9c</size>
         <input_file_ref idref="fl-f4"/>
      </object_component>
      <object_component id="oc-477">
         <name>.const:g_pui32GPIOBaseAddrs</name>
         <load_address>0x4a84</load_address>
         <run_address>0x4a84</run_address>
         <size>0x90</size>
         <input_file_ref idref="fl-f3"/>
      </object_component>
      <object_component id="oc-191">
         <name>.const</name>
         <load_address>0x4b14</load_address>
         <run_address>0x4b14</run_address>
         <size>0x70</size>
         <input_file_ref idref="fl-f4"/>
      </object_component>
      <object_component id="oc-274">
         <name>.const:g_pui32Xtals</name>
         <load_address>0x4b84</load_address>
         <run_address>0x4b84</run_address>
         <size>0x6c</size>
         <input_file_ref idref="fl-f6"/>
      </object_component>
      <object_component id="oc-2ed">
         <name>.const:g_sXTALtoMEMTIM</name>
         <load_address>0x4bf0</load_address>
         <run_address>0x4bf0</run_address>
         <size>0x30</size>
         <input_file_ref idref="fl-f6"/>
      </object_component>
      <object_component id="oc-287">
         <name>.const:g_sCrystalfontz128x128</name>
         <load_address>0x4c20</load_address>
         <run_address>0x4c20</run_address>
         <size>0x28</size>
         <input_file_ref idref="fl-2"/>
      </object_component>
      <object_component id="oc-319">
         <name>.const</name>
         <load_address>0x4c48</load_address>
         <run_address>0x4c48</run_address>
         <size>0x10</size>
         <input_file_ref idref="fl-eb"/>
      </object_component>
      <object_component id="oc-27a">
         <name>.const</name>
         <load_address>0x4c58</load_address>
         <run_address>0x4c58</run_address>
         <size>0x8</size>
         <input_file_ref idref="fl-f6"/>
      </object_component>
      <object_component id="oc-590">
         <name>.cinit..data.load</name>
         <load_address>0x4c60</load_address>
         <run_address>0x4c60</run_address>
         <size>0x10</size>
      </object_component>
      <object_component id="oc-58e">
         <name>__TI_handler_table</name>
         <load_address>0x4c70</load_address>
         <run_address>0x4c70</run_address>
         <size>0xc</size>
      </object_component>
      <object_component id="oc-591">
         <name>.cinit..bss.load</name>
         <load_address>0x4c80</load_address>
         <run_address>0x4c80</run_address>
         <size>0x8</size>
      </object_component>
      <object_component id="oc-58f">
         <name>__TI_cinit_table</name>
         <load_address>0x4c88</load_address>
         <run_address>0x4c88</run_address>
         <size>0x10</size>
      </object_component>
      <object_component id="oc-2ff">
         <name>.data:Lcd_buffer</name>
         <load_address>0x20000000</load_address>
         <run_address>0x20000000</run_address>
         <size>0x8000</size>
         <input_file_ref idref="fl-2"/>
      </object_component>
      <object_component id="oc-1b1">
         <name>.data:btnFIFO</name>
         <load_address>0x20008000</load_address>
         <run_address>0x20008000</run_address>
         <size>0x28</size>
         <input_file_ref idref="fl-4"/>
      </object_component>
      <object_component id="oc-1ae">
         <name>.data</name>
         <load_address>0x20008064</load_address>
         <run_address>0x20008064</run_address>
         <size>0x2</size>
         <input_file_ref idref="fl-4"/>
      </object_component>
      <object_component id="oc-92">
         <name>.data</name>
         <load_address>0x2000804c</load_address>
         <run_address>0x2000804c</run_address>
         <size>0x8</size>
         <input_file_ref idref="fl-5"/>
      </object_component>
      <object_component id="oc-83">
         <name>.data:gJoystick</name>
         <load_address>0x20008054</load_address>
         <run_address>0x20008054</run_address>
         <size>0x8</size>
         <input_file_ref idref="fl-5"/>
      </object_component>
      <object_component id="oc-114">
         <name>.data:count$2</name>
         <load_address>0x20008028</load_address>
         <run_address>0x20008028</run_address>
         <size>0x24</size>
         <input_file_ref idref="fl-5"/>
      </object_component>
      <object_component id="oc-123">
         <name>.data</name>
         <load_address>0x20008060</load_address>
         <run_address>0x20008060</run_address>
         <size>0x4</size>
         <input_file_ref idref="fl-8"/>
      </object_component>
      <object_component id="oc-501">
         <name>.data</name>
         <load_address>0x2000805c</load_address>
         <run_address>0x2000805c</run_address>
         <size>0x4</size>
         <input_file_ref idref="fl-e8"/>
      </object_component>
      <object_component id="oc-101">
         <name>.bss:state$1</name>
         <uninitialized>true</uninitialized>
         <run_address>0x20009094</run_address>
         <size>0x14</size>
         <input_file_ref idref="fl-5"/>
      </object_component>
      <object_component id="oc-2f8">
         <name>.common:Lcd_Orientation</name>
         <uninitialized>true</uninitialized>
         <run_address>0x200090c8</run_address>
         <size>0x1</size>
      </object_component>
      <object_component id="oc-304">
         <name>.common:Lcd_ScreenWidth</name>
         <uninitialized>true</uninitialized>
         <run_address>0x200090c2</run_address>
         <size>0x2</size>
      </object_component>
      <object_component id="oc-303">
         <name>.common:Lcd_ScreenHeigth</name>
         <uninitialized>true</uninitialized>
         <run_address>0x200090c0</run_address>
         <size>0x2</size>
      </object_component>
      <object_component id="oc-305">
         <name>.common:Lcd_PenSolid</name>
         <uninitialized>true</uninitialized>
         <run_address>0x200090c9</run_address>
         <size>0x1</size>
      </object_component>
      <object_component id="oc-306">
         <name>.common:Lcd_FontSolid</name>
         <uninitialized>true</uninitialized>
         <run_address>0x200090c7</run_address>
         <size>0x1</size>
      </object_component>
      <object_component id="oc-307">
         <name>.common:Lcd_FlagRead</name>
         <uninitialized>true</uninitialized>
         <run_address>0x200090c6</run_address>
         <size>0x1</size>
      </object_component>
      <object_component id="oc-308">
         <name>.common:Lcd_TouchTrim</name>
         <uninitialized>true</uninitialized>
         <run_address>0x200090c4</run_address>
         <size>0x2</size>
      </object_component>
      <object_component id="oc-e0">
         <name>.common:gADCSamplingRate</name>
         <uninitialized>true</uninitialized>
         <run_address>0x200090b4</run_address>
         <size>0x4</size>
      </object_component>
      <object_component id="oc-a7">
         <name>.common:gSystemClock</name>
         <uninitialized>true</uninitialized>
         <run_address>0x200090b8</run_address>
         <size>0x4</size>
      </object_component>
      <object_component id="oc-126">
         <name>.common:gADCBuffer</name>
         <uninitialized>true</uninitialized>
         <run_address>0x20008068</run_address>
         <size>0x1000</size>
      </object_component>
      <object_component id="oc-120">
         <name>.common:gADCErrors</name>
         <uninitialized>true</uninitialized>
         <run_address>0x200090b0</run_address>
         <size>0x4</size>
      </object_component>
      <object_component id="oc-284">
         <name>.common:sContext</name>
         <uninitialized>true</uninitialized>
         <run_address>0x20009068</run_address>
         <size>0x2c</size>
      </object_component>
      <object_component id="oc-290">
         <name>.common:rectFullScreen</name>
         <uninitialized>true</uninitialized>
         <run_address>0x200090a8</run_address>
         <size>0x8</size>
      </object_component>
      <object_component id="oc-31c">
         <name>.common:g_psGrLibDefaults</name>
         <uninitialized>true</uninitialized>
         <run_address>0x200090bc</run_address>
         <size>0x4</size>
      </object_component>
      <object_component id="oc-21">
         <name>.stack</name>
         <uninitialized>true</uninitialized>
         <run_address>0x200090d0</run_address>
         <size>0x4</size>
         <input_file_ref idref="fl-cc"/>
      </object_component>
      <object_component id="oc-592">
         <name>.stack</name>
         <uninitialized>true</uninitialized>
         <run_address>0x200090d0</run_address>
         <size>0x0</size>
      </object_component>
      <object_component id="oc-1c1">
         <name>.debug_info</name>
         <load_address>0x0</load_address>
         <run_address>0x0</run_address>
         <size>0x702</size>
         <input_file_ref idref="fl-2"/>
      </object_component>
      <object_component id="oc-300">
         <name>.debug_info</name>
         <load_address>0x702</load_address>
         <run_address>0x702</run_address>
         <size>0x108</size>
         <input_file_ref idref="fl-2"/>
      </object_component>
      <object_component id="oc-288">
         <name>.debug_info</name>
         <load_address>0x80a</load_address>
         <run_address>0x80a</run_address>
         <size>0x121</size>
         <input_file_ref idref="fl-2"/>
      </object_component>
      <object_component id="oc-27f">
         <name>.debug_info</name>
         <load_address>0x92b</load_address>
         <run_address>0x92b</run_address>
         <size>0x10fd</size>
         <input_file_ref idref="fl-2"/>
      </object_component>
      <object_component id="oc-184">
         <name>.debug_info</name>
         <load_address>0x1a28</load_address>
         <run_address>0x1a28</run_address>
         <size>0x6bd</size>
         <input_file_ref idref="fl-2"/>
      </object_component>
      <object_component id="oc-136">
         <name>.debug_info</name>
         <load_address>0x20e5</load_address>
         <run_address>0x20e5</run_address>
         <size>0x26b</size>
         <input_file_ref idref="fl-2"/>
      </object_component>
      <object_component id="oc-11b">
         <name>.debug_info</name>
         <load_address>0x2350</load_address>
         <run_address>0x2350</run_address>
         <size>0x8b</size>
         <input_file_ref idref="fl-2"/>
      </object_component>
      <object_component id="oc-1b6">
         <name>.debug_info</name>
         <load_address>0x23db</load_address>
         <run_address>0x23db</run_address>
         <size>0x297</size>
         <input_file_ref idref="fl-2"/>
      </object_component>
      <object_component id="oc-1a0">
         <name>.debug_info</name>
         <load_address>0x2672</load_address>
         <run_address>0x2672</run_address>
         <size>0xef</size>
         <input_file_ref idref="fl-2"/>
      </object_component>
      <object_component id="oc-116">
         <name>.debug_info</name>
         <load_address>0x2761</load_address>
         <run_address>0x2761</run_address>
         <size>0xbb</size>
         <input_file_ref idref="fl-2"/>
      </object_component>
      <object_component id="oc-3c7">
         <name>.debug_info</name>
         <load_address>0x281c</load_address>
         <run_address>0x281c</run_address>
         <size>0x6c2</size>
         <input_file_ref idref="fl-3"/>
      </object_component>
      <object_component id="oc-2fa">
         <name>.debug_info</name>
         <load_address>0x2ede</load_address>
         <run_address>0x2ede</run_address>
         <size>0x622</size>
         <input_file_ref idref="fl-3"/>
      </object_component>
      <object_component id="oc-1b5">
         <name>.debug_info</name>
         <load_address>0x3500</load_address>
         <run_address>0x3500</run_address>
         <size>0x299</size>
         <input_file_ref idref="fl-4"/>
      </object_component>
      <object_component id="oc-1b2">
         <name>.debug_info</name>
         <load_address>0x3799</load_address>
         <run_address>0x3799</run_address>
         <size>0xef</size>
         <input_file_ref idref="fl-4"/>
      </object_component>
      <object_component id="oc-1af">
         <name>.debug_info</name>
         <load_address>0x3888</load_address>
         <run_address>0x3888</run_address>
         <size>0x114</size>
         <input_file_ref idref="fl-4"/>
      </object_component>
      <object_component id="oc-110">
         <name>.debug_info</name>
         <load_address>0x399c</load_address>
         <run_address>0x399c</run_address>
         <size>0x1a9</size>
         <input_file_ref idref="fl-4"/>
      </object_component>
      <object_component id="oc-3f">
         <name>.debug_info</name>
         <load_address>0x3b45</load_address>
         <run_address>0x3b45</run_address>
         <size>0x84</size>
         <input_file_ref idref="fl-4"/>
      </object_component>
      <object_component id="oc-e1">
         <name>.debug_info</name>
         <load_address>0x3bc9</load_address>
         <run_address>0x3bc9</run_address>
         <size>0x847</size>
         <input_file_ref idref="fl-5"/>
      </object_component>
      <object_component id="oc-93">
         <name>.debug_info</name>
         <load_address>0x4410</load_address>
         <run_address>0x4410</run_address>
         <size>0x116</size>
         <input_file_ref idref="fl-5"/>
      </object_component>
      <object_component id="oc-84">
         <name>.debug_info</name>
         <load_address>0x4526</load_address>
         <run_address>0x4526</run_address>
         <size>0xf3</size>
         <input_file_ref idref="fl-5"/>
      </object_component>
      <object_component id="oc-2e">
         <name>.debug_info</name>
         <load_address>0x4619</load_address>
         <run_address>0x4619</run_address>
         <size>0x7b7</size>
         <input_file_ref idref="fl-5"/>
      </object_component>
      <object_component id="oc-1f9">
         <name>.debug_info</name>
         <load_address>0x4dd0</load_address>
         <run_address>0x4dd0</run_address>
         <size>0x164</size>
         <input_file_ref idref="fl-6"/>
      </object_component>
      <object_component id="oc-a8">
         <name>.debug_info</name>
         <load_address>0x4f34</load_address>
         <run_address>0x4f34</run_address>
         <size>0x8b0</size>
         <input_file_ref idref="fl-7"/>
      </object_component>
      <object_component id="oc-15d">
         <name>.debug_info</name>
         <load_address>0x57e4</load_address>
         <run_address>0x57e4</run_address>
         <size>0x921</size>
         <input_file_ref idref="fl-7"/>
      </object_component>
      <object_component id="oc-30c">
         <name>.debug_info</name>
         <load_address>0x6105</load_address>
         <run_address>0x6105</run_address>
         <size>0xcc</size>
         <input_file_ref idref="fl-7"/>
      </object_component>
      <object_component id="oc-370">
         <name>.debug_info</name>
         <load_address>0x61d1</load_address>
         <run_address>0x61d1</run_address>
         <size>0x2c</size>
         <input_file_ref idref="fl-7"/>
      </object_component>
      <object_component id="oc-121">
         <name>.debug_info</name>
         <load_address>0x61fd</load_address>
         <run_address>0x61fd</run_address>
         <size>0x697</size>
         <input_file_ref idref="fl-8"/>
      </object_component>
      <object_component id="oc-124">
         <name>.debug_info</name>
         <load_address>0x6894</load_address>
         <run_address>0x6894</run_address>
         <size>0xff</size>
         <input_file_ref idref="fl-8"/>
      </object_component>
      <object_component id="oc-33">
         <name>.debug_info</name>
         <load_address>0x6993</load_address>
         <run_address>0x6993</run_address>
         <size>0x492</size>
         <input_file_ref idref="fl-8"/>
      </object_component>
      <object_component id="oc-285">
         <name>.debug_info</name>
         <load_address>0x6e25</load_address>
         <run_address>0x6e25</run_address>
         <size>0x7cb</size>
         <input_file_ref idref="fl-9"/>
      </object_component>
      <object_component id="oc-1f2">
         <name>.debug_info</name>
         <load_address>0x75f0</load_address>
         <run_address>0x75f0</run_address>
         <size>0x4b2</size>
         <input_file_ref idref="fl-9"/>
      </object_component>
      <object_component id="oc-dc">
         <name>.debug_info</name>
         <load_address>0x7aa2</load_address>
         <run_address>0x7aa2</run_address>
         <size>0x1cc</size>
         <input_file_ref idref="fl-a"/>
      </object_component>
      <object_component id="oc-38">
         <name>.debug_info</name>
         <load_address>0x7c6e</load_address>
         <run_address>0x7c6e</run_address>
         <size>0x2fc</size>
         <input_file_ref idref="fl-b"/>
      </object_component>
      <object_component id="oc-10">
         <name>.debug_info</name>
         <load_address>0x7f6a</load_address>
         <run_address>0x7f6a</run_address>
         <size>0x10b</size>
         <input_file_ref idref="fl-b"/>
      </object_component>
      <object_component id="oc-25">
         <name>.debug_info</name>
         <load_address>0x8075</load_address>
         <run_address>0x8075</run_address>
         <size>0x28a</size>
         <input_file_ref idref="fl-b"/>
      </object_component>
      <object_component id="oc-351">
         <name>.debug_info</name>
         <load_address>0x82ff</load_address>
         <run_address>0x82ff</run_address>
         <size>0x2b3</size>
         <input_file_ref idref="fl-c7"/>
      </object_component>
      <object_component id="oc-2a9">
         <name>.debug_info</name>
         <load_address>0x85b2</load_address>
         <run_address>0x85b2</run_address>
         <size>0x189</size>
         <input_file_ref idref="fl-c7"/>
      </object_component>
      <object_component id="oc-2b4">
         <name>.debug_info</name>
         <load_address>0x873b</load_address>
         <run_address>0x873b</run_address>
         <size>0x12f</size>
         <input_file_ref idref="fl-c8"/>
      </object_component>
      <object_component id="oc-14f">
         <name>.debug_info</name>
         <load_address>0x886a</load_address>
         <run_address>0x886a</run_address>
         <size>0x31e</size>
         <input_file_ref idref="fl-c9"/>
      </object_component>
      <object_component id="oc-57">
         <name>.debug_info</name>
         <load_address>0x8b88</load_address>
         <run_address>0x8b88</run_address>
         <size>0x1b5</size>
         <input_file_ref idref="fl-c9"/>
      </object_component>
      <object_component id="oc-14a">
         <name>.debug_info</name>
         <load_address>0x8d3d</load_address>
         <run_address>0x8d3d</run_address>
         <size>0x46</size>
         <input_file_ref idref="fl-c9"/>
      </object_component>
      <object_component id="oc-1ca">
         <name>.debug_info</name>
         <load_address>0x8d83</load_address>
         <run_address>0x8d83</run_address>
         <size>0x2c</size>
         <input_file_ref idref="fl-c9"/>
      </object_component>
      <object_component id="oc-4f">
         <name>.debug_info</name>
         <load_address>0x8daf</load_address>
         <run_address>0x8daf</run_address>
         <size>0x2a8</size>
         <input_file_ref idref="fl-ca"/>
      </object_component>
      <object_component id="oc-1b">
         <name>.debug_info</name>
         <load_address>0x9057</load_address>
         <run_address>0x9057</run_address>
         <size>0x1ea</size>
         <input_file_ref idref="fl-ca"/>
      </object_component>
      <object_component id="oc-4a">
         <name>.debug_info</name>
         <load_address>0x9241</load_address>
         <run_address>0x9241</run_address>
         <size>0x46</size>
         <input_file_ref idref="fl-ca"/>
      </object_component>
      <object_component id="oc-142">
         <name>.debug_info</name>
         <load_address>0x9287</load_address>
         <run_address>0x9287</run_address>
         <size>0x2c</size>
         <input_file_ref idref="fl-ca"/>
      </object_component>
      <object_component id="oc-140">
         <name>.debug_info</name>
         <load_address>0x92b3</load_address>
         <run_address>0x92b3</run_address>
         <size>0x29e</size>
         <input_file_ref idref="fl-cb"/>
      </object_component>
      <object_component id="oc-14">
         <name>.debug_info</name>
         <load_address>0x9551</load_address>
         <run_address>0x9551</run_address>
         <size>0x250</size>
         <input_file_ref idref="fl-cb"/>
      </object_component>
      <object_component id="oc-3a">
         <name>.debug_info</name>
         <load_address>0x97a1</load_address>
         <run_address>0x97a1</run_address>
         <size>0x60</size>
         <input_file_ref idref="fl-cb"/>
      </object_component>
      <object_component id="oc-1c3">
         <name>.debug_info</name>
         <load_address>0x9801</load_address>
         <run_address>0x9801</run_address>
         <size>0x46</size>
         <input_file_ref idref="fl-cb"/>
      </object_component>
      <object_component id="oc-13b">
         <name>.debug_info</name>
         <load_address>0x9847</load_address>
         <run_address>0x9847</run_address>
         <size>0x39</size>
         <input_file_ref idref="fl-cb"/>
      </object_component>
      <object_component id="oc-22">
         <name>.debug_info</name>
         <load_address>0x9880</load_address>
         <run_address>0x9880</run_address>
         <size>0x10b</size>
         <input_file_ref idref="fl-cc"/>
      </object_component>
      <object_component id="oc-66">
         <name>.debug_info</name>
         <load_address>0x998b</load_address>
         <run_address>0x998b</run_address>
         <size>0x1af</size>
         <input_file_ref idref="fl-cc"/>
      </object_component>
      <object_component id="oc-206">
         <name>.debug_info</name>
         <load_address>0x9b3a</load_address>
         <run_address>0x9b3a</run_address>
         <size>0x122</size>
         <input_file_ref idref="fl-cd"/>
      </object_component>
      <object_component id="oc-365">
         <name>.debug_info</name>
         <load_address>0x9c5c</load_address>
         <run_address>0x9c5c</run_address>
         <size>0x33a</size>
         <input_file_ref idref="fl-d0"/>
      </object_component>
      <object_component id="oc-2ad">
         <name>.debug_info</name>
         <load_address>0x9f96</load_address>
         <run_address>0x9f96</run_address>
         <size>0x1ee</size>
         <input_file_ref idref="fl-d0"/>
      </object_component>
      <object_component id="oc-359">
         <name>.debug_info</name>
         <load_address>0xa184</load_address>
         <run_address>0xa184</run_address>
         <size>0x1c3</size>
         <input_file_ref idref="fl-d0"/>
      </object_component>
      <object_component id="oc-35f">
         <name>.debug_info</name>
         <load_address>0xa347</load_address>
         <run_address>0xa347</run_address>
         <size>0x176</size>
         <input_file_ref idref="fl-d0"/>
      </object_component>
      <object_component id="oc-366">
         <name>.debug_info</name>
         <load_address>0xa4bd</load_address>
         <run_address>0xa4bd</run_address>
         <size>0x2c</size>
         <input_file_ref idref="fl-d0"/>
      </object_component>
      <object_component id="oc-36b">
         <name>.debug_info</name>
         <load_address>0xa4e9</load_address>
         <run_address>0xa4e9</run_address>
         <size>0x69</size>
         <input_file_ref idref="fl-d0"/>
      </object_component>
      <object_component id="oc-408">
         <name>.debug_info</name>
         <load_address>0xa552</load_address>
         <run_address>0xa552</run_address>
         <size>0x290</size>
         <input_file_ref idref="fl-d1"/>
      </object_component>
      <object_component id="oc-34c">
         <name>.debug_info</name>
         <load_address>0xa7e2</load_address>
         <run_address>0xa7e2</run_address>
         <size>0x182</size>
         <input_file_ref idref="fl-d1"/>
      </object_component>
      <object_component id="oc-493">
         <name>.debug_info</name>
         <load_address>0xa964</load_address>
         <run_address>0xa964</run_address>
         <size>0x46</size>
         <input_file_ref idref="fl-d1"/>
      </object_component>
      <object_component id="oc-409">
         <name>.debug_info</name>
         <load_address>0xa9aa</load_address>
         <run_address>0xa9aa</run_address>
         <size>0x39</size>
         <input_file_ref idref="fl-d1"/>
      </object_component>
      <object_component id="oc-45">
         <name>.debug_info</name>
         <load_address>0xa9e3</load_address>
         <run_address>0xa9e3</run_address>
         <size>0x11c</size>
         <input_file_ref idref="fl-d2"/>
      </object_component>
      <object_component id="oc-152">
         <name>.debug_info</name>
         <load_address>0xaaff</load_address>
         <run_address>0xaaff</run_address>
         <size>0x14a</size>
         <input_file_ref idref="fl-d3"/>
      </object_component>
      <object_component id="oc-2d7">
         <name>.debug_info</name>
         <load_address>0xac49</load_address>
         <run_address>0xac49</run_address>
         <size>0x552</size>
         <input_file_ref idref="fl-d4"/>
      </object_component>
      <object_component id="oc-211">
         <name>.debug_info</name>
         <load_address>0xb19b</load_address>
         <run_address>0xb19b</run_address>
         <size>0x1a6</size>
         <input_file_ref idref="fl-d4"/>
      </object_component>
      <object_component id="oc-389">
         <name>.debug_info</name>
         <load_address>0xb341</load_address>
         <run_address>0xb341</run_address>
         <size>0x39</size>
         <input_file_ref idref="fl-d4"/>
      </object_component>
      <object_component id="oc-464">
         <name>.debug_info</name>
         <load_address>0xb37a</load_address>
         <run_address>0xb37a</run_address>
         <size>0x39</size>
         <input_file_ref idref="fl-d4"/>
      </object_component>
      <object_component id="oc-38e">
         <name>.debug_info</name>
         <load_address>0xb3b3</load_address>
         <run_address>0xb3b3</run_address>
         <size>0x39</size>
         <input_file_ref idref="fl-d4"/>
      </object_component>
      <object_component id="oc-393">
         <name>.debug_info</name>
         <load_address>0xb3ec</load_address>
         <run_address>0xb3ec</run_address>
         <size>0xcd</size>
         <input_file_ref idref="fl-d4"/>
      </object_component>
      <object_component id="oc-158">
         <name>.debug_info</name>
         <load_address>0xb4b9</load_address>
         <run_address>0xb4b9</run_address>
         <size>0x153</size>
         <input_file_ref idref="fl-d5"/>
      </object_component>
      <object_component id="oc-452">
         <name>.debug_info</name>
         <load_address>0xb60c</load_address>
         <run_address>0xb60c</run_address>
         <size>0x8b1</size>
         <input_file_ref idref="fl-d7"/>
      </object_component>
      <object_component id="oc-41d">
         <name>.debug_info</name>
         <load_address>0xbebd</load_address>
         <run_address>0xbebd</run_address>
         <size>0x21e</size>
         <input_file_ref idref="fl-d7"/>
      </object_component>
      <object_component id="oc-4cb">
         <name>.debug_info</name>
         <load_address>0xc0db</load_address>
         <run_address>0xc0db</run_address>
         <size>0x1b3</size>
         <input_file_ref idref="fl-d7"/>
      </object_component>
      <object_component id="oc-4d1">
         <name>.debug_info</name>
         <load_address>0xc28e</load_address>
         <run_address>0xc28e</run_address>
         <size>0x21b</size>
         <input_file_ref idref="fl-d7"/>
      </object_component>
      <object_component id="oc-428">
         <name>.debug_info</name>
         <load_address>0xc4a9</load_address>
         <run_address>0xc4a9</run_address>
         <size>0x3bb</size>
         <input_file_ref idref="fl-d7"/>
      </object_component>
      <object_component id="oc-4d8">
         <name>.debug_info</name>
         <load_address>0xc864</load_address>
         <run_address>0xc864</run_address>
         <size>0x305</size>
         <input_file_ref idref="fl-d7"/>
      </object_component>
      <object_component id="oc-4de">
         <name>.debug_info</name>
         <load_address>0xcb69</load_address>
         <run_address>0xcb69</run_address>
         <size>0x215</size>
         <input_file_ref idref="fl-d7"/>
      </object_component>
      <object_component id="oc-42e">
         <name>.debug_info</name>
         <load_address>0xcd7e</load_address>
         <run_address>0xcd7e</run_address>
         <size>0x215</size>
         <input_file_ref idref="fl-d7"/>
      </object_component>
      <object_component id="oc-434">
         <name>.debug_info</name>
         <load_address>0xcf93</load_address>
         <run_address>0xcf93</run_address>
         <size>0x304</size>
         <input_file_ref idref="fl-d7"/>
      </object_component>
      <object_component id="oc-43a">
         <name>.debug_info</name>
         <load_address>0xd297</load_address>
         <run_address>0xd297</run_address>
         <size>0x4b0</size>
         <input_file_ref idref="fl-d7"/>
      </object_component>
      <object_component id="oc-353">
         <name>.debug_info</name>
         <load_address>0xd747</load_address>
         <run_address>0xd747</run_address>
         <size>0x5d8</size>
         <input_file_ref idref="fl-d7"/>
      </object_component>
      <object_component id="oc-453">
         <name>.debug_info</name>
         <load_address>0xdd1f</load_address>
         <run_address>0xdd1f</run_address>
         <size>0x86</size>
         <input_file_ref idref="fl-d7"/>
      </object_component>
      <object_component id="oc-508">
         <name>.debug_info</name>
         <load_address>0xdda5</load_address>
         <run_address>0xdda5</run_address>
         <size>0x39</size>
         <input_file_ref idref="fl-d7"/>
      </object_component>
      <object_component id="oc-551">
         <name>.debug_info</name>
         <load_address>0xddde</load_address>
         <run_address>0xddde</run_address>
         <size>0xb6</size>
         <input_file_ref idref="fl-d7"/>
      </object_component>
      <object_component id="oc-50d">
         <name>.debug_info</name>
         <load_address>0xde94</load_address>
         <run_address>0xde94</run_address>
         <size>0x46</size>
         <input_file_ref idref="fl-d7"/>
      </object_component>
      <object_component id="oc-458">
         <name>.debug_info</name>
         <load_address>0xdeda</load_address>
         <run_address>0xdeda</run_address>
         <size>0x46</size>
         <input_file_ref idref="fl-d7"/>
      </object_component>
      <object_component id="oc-49e">
         <name>.debug_info</name>
         <load_address>0xdf20</load_address>
         <run_address>0xdf20</run_address>
         <size>0x2b9</size>
         <input_file_ref idref="fl-d8"/>
      </object_component>
      <object_component id="oc-41a">
         <name>.debug_info</name>
         <load_address>0xe1d9</load_address>
         <run_address>0xe1d9</run_address>
         <size>0x17c</size>
         <input_file_ref idref="fl-d8"/>
      </object_component>
      <object_component id="oc-51e">
         <name>.debug_info</name>
         <load_address>0xe355</load_address>
         <run_address>0xe355</run_address>
         <size>0xf9</size>
         <input_file_ref idref="fl-d9"/>
      </object_component>
      <object_component id="oc-49b">
         <name>.debug_info</name>
         <load_address>0xe44e</load_address>
         <run_address>0xe44e</run_address>
         <size>0x105</size>
         <input_file_ref idref="fl-d9"/>
      </object_component>
      <object_component id="oc-52c">
         <name>.debug_info</name>
         <load_address>0xe553</load_address>
         <run_address>0xe553</run_address>
         <size>0x29b</size>
         <input_file_ref idref="fl-da"/>
      </object_component>
      <object_component id="oc-4bb">
         <name>.debug_info</name>
         <load_address>0xe7ee</load_address>
         <run_address>0xe7ee</run_address>
         <size>0x1cd</size>
         <input_file_ref idref="fl-da"/>
      </object_component>
      <object_component id="oc-4f9">
         <name>.debug_info</name>
         <load_address>0xe9bb</load_address>
         <run_address>0xe9bb</run_address>
         <size>0x296</size>
         <input_file_ref idref="fl-db"/>
      </object_component>
      <object_component id="oc-440">
         <name>.debug_info</name>
         <load_address>0xec51</load_address>
         <run_address>0xec51</run_address>
         <size>0x1b6</size>
         <input_file_ref idref="fl-db"/>
      </object_component>
[...]
      </symbol>
      <symbol id="sm-178">
         <name>gADCErrors</name>
         <value>0x200090b0</value>
      </symbol>
      <symbol id="sm-179">
         <name>gADCBufferIndex</name>
         <value>0x20008060</value>
         <object_component_ref idref="oc-123"/>
      </symbol>
      <symbol id="sm-17a">
         <name>ADC_ISR</name>
         <value>0x2329</value>
         <object_component_ref idref="oc-30"/>
      </symbol>
      <symbol id="sm-17b">
         <name>timerTriggerADC</name>
         <value>0x22c1</value>
         <object_component_ref idref="oc-30"/>
      </symbol>
      <symbol id="sm-17c">
         <name>alwaysTriggerADC</name>
         <value>0x2311</value>
         <object_component_ref idref="oc-30"/>
      </symbol>
      <symbol id="sm-17d">
         <name>ADCInit</name>
         <value>0x2391</value>
         <object_component_ref idref="oc-30"/>
      </symbol>
      <symbol id="sm-19b">
         <name>sContext</name>
         <value>0x20009068</value>
      </symbol>
      <symbol id="sm-19c">
         <name>rectFullScreen</name>
         <value>0x200090a8</value>
      </symbol>
      <symbol id="sm-19d">
         <name>screenInit</name>
         <value>0x1769</value>
         <object_component_ref idref="oc-1f1"/>
      </symbol>
      <symbol id="sm-19e">
         <name>drawScreen</name>
         <value>0x17d1</value>
         <object_component_ref idref="oc-1f1"/>
      </symbol>
      <symbol id="sm-1a8">
         <name>SysCtlFrequencyGet</name>
         <value>0x3c01</value>
         <object_component_ref idref="oc-da"/>
      </symbol>
      <symbol id="sm-1c4">
         <name>ResetISR</name>
         <value>0x41d1</value>
         <object_component_ref idref="oc-24"/>
      </symbol>
      <symbol id="sm-1c5">
         <name>g_pfnVectors</name>
         <value>0x0</value>
         <object_component_ref idref="oc-f"/>
      </symbol>
      <symbol id="sm-1d4">
         <name>roundf</name>
         <value>0x36ff</value>
         <object_component_ref idref="oc-2a6"/>
      </symbol>
      <symbol id="sm-1df">
         <name>__aeabi_f2d</name>
         <value>0x3f61</value>
         <object_component_ref idref="oc-2b2"/>
      </symbol>
      <symbol id="sm-1f6">
         <name>__TI_zero_init</name>
         <value>0x43b1</value>
         <object_component_ref idref="oc-56"/>
      </symbol>
      <symbol id="sm-20d">
         <name>__TI_decompress_none</name>
         <value>0x438b</value>
         <object_component_ref idref="oc-18"/>
      </symbol>
      <symbol id="sm-230">
         <name>__TI_decompress_lzss</name>
         <value>0x383d</value>
         <object_component_ref idref="oc-12"/>
      </symbol>
      <symbol id="sm-243">
         <name>__stack</name>
         <value>0x200090d0</value>
         <object_component_ref idref="oc-21"/>
      </symbol>
      <symbol id="sm-244">
         <name>_c_int00_noargs</name>
         <value>0x3f29</value>
         <object_component_ref idref="oc-62"/>
      </symbol>
      <symbol id="sm-24f">
         <name>C$$EXIT</name>
         <value>0x41cd</value>
         <object_component_ref idref="oc-204"/>
      </symbol>
      <symbol id="sm-250">
         <name>abort</name>
         <value>0x41cd</value>
         <object_component_ref idref="oc-204"/>
      </symbol>
      <symbol id="sm-281">
         <name>snprintf</name>
         <value>0x3b65</value>
         <object_component_ref idref="oc-2ac"/>
      </symbol>
      <symbol id="sm-2a3">
         <name>floorf</name>
         <value>0x351d</value>
         <object_component_ref idref="oc-34a"/>
      </symbol>
      <symbol id="sm-2be">
         <name>memcpy</name>
         <value>0x31d3</value>
         <object_component_ref idref="oc-44"/>
      </symbol>
      <symbol id="sm-2bf">
         <name>__aeabi_memcpy</name>
         <value>0x31d3</value>
         <object_component_ref idref="oc-44"/>
      </symbol>
      <symbol id="sm-2c0">
         <name>__aeabi_memcpy8</name>
         <value>0x31d3</value>
         <object_component_ref idref="oc-44"/>
      </symbol>
      <symbol id="sm-2c1">
         <name>__aeabi_memcpy4</name>
         <value>0x31d3</value>
         <object_component_ref idref="oc-44"/>
      </symbol>
      <symbol id="sm-2d0">
         <name>__aeabi_memset</name>
         <value>0x3619</value>
         <object_component_ref idref="oc-150"/>
      </symbol>
      <symbol id="sm-2d1">
         <name>memset</name>
         <value>0x361f</value>
         <object_component_ref idref="oc-150"/>
      </symbol>
      <symbol id="sm-2d2">
         <name>__aeabi_memset8</name>
         <value>0x3619</value>
         <object_component_ref idref="oc-150"/>
      </symbol>
      <symbol id="sm-2d3">
         <name>__aeabi_memset4</name>
         <value>0x3619</value>
         <object_component_ref idref="oc-150"/>
      </symbol>
      <symbol id="sm-2d4">
         <name>__aeabi_memclr8</name>
         <value>0x3617</value>
         <object_component_ref idref="oc-150"/>
      </symbol>
      <symbol id="sm-2d5">
         <name>__aeabi_memclr4</name>
         <value>0x3617</value>
         <object_component_ref idref="oc-150"/>
      </symbol>
      <symbol id="sm-2d6">
         <name>__aeabi_memclr</name>
         <value>0x3617</value>
         <object_component_ref idref="oc-150"/>
      </symbol>
      <symbol id="sm-2fe">
         <name>__TI_auto_init_nobinit_nopinit</name>
         <value>0x3db1</value>
         <object_component_ref idref="oc-210"/>
      </symbol>
      <symbol id="sm-308">
         <name>_system_pre_init</name>
         <value>0x3ead</value>
         <object_component_ref idref="oc-156"/>
      </symbol>
      <symbol id="sm-46e">
         <name>__TI_printfi</name>
         <value>0x209</value>
         <object_component_ref idref="oc-352"/>
      </symbol>
      <symbol id="sm-484">
         <name>atoi</name>
         <value>0x3b19</value>
         <object_component_ref idref="oc-416"/>
      </symbol>
      <symbol id="sm-48f">
         <name>_ctypes_</name>
         <value>0x481c</value>
         <object_component_ref idref="oc-49a"/>
      </symbol>
      <symbol id="sm-49e">
         <name>ltoa</name>
         <value>0x3a73</value>
         <object_component_ref idref="oc-4ba"/>
      </symbol>
      <symbol id="sm-4ae">
         <name>memccpy</name>
         <value>0x41b1</value>
         <object_component_ref idref="oc-43f"/>
      </symbol>
      <symbol id="sm-4be">
         <name>strchr</name>
         <value>0x4261</value>
         <object_component_ref idref="oc-4f1"/>
      </symbol>
      <symbol id="sm-4cc">
         <name>strlen</name>
         <value>0x42a1</value>
         <object_component_ref idref="oc-410"/>
      </symbol>
      <symbol id="sm-4e5">
         <name>wcslen</name>
         <value>0x42fd</value>
         <object_component_ref idref="oc-445"/>
      </symbol>
      <symbol id="sm-505">
         <name>frexpl</name>
         <value>0x38a5</value>
         <object_component_ref idref="oc-4e5"/>
      </symbol>
      <symbol id="sm-506">
         <name>frexp</name>
         <value>0x38a5</value>
         <object_component_ref idref="oc-4e5"/>
      </symbol>
      <symbol id="sm-523">
         <name>scalbn</name>
         <value>0x2c89</value>
         <object_component_ref idref="oc-4eb"/>
      </symbol>
      <symbol id="sm-524">
         <name>scalbnl</name>
         <value>0x2c89</value>
         <object_component_ref idref="oc-4eb"/>
      </symbol>
      <symbol id="sm-525">
         <name>ldexpl</name>
         <value>0x2c89</value>
         <object_component_ref idref="oc-4eb"/>
      </symbol>
      <symbol id="sm-526">
         <name>ldexp</name>
         <value>0x2c89</value>
         <object_component_ref idref="oc-4eb"/>
      </symbol>
      <symbol id="sm-53d">
         <name>__aeabi_dsub</name>
         <value>0x2485</value>
         <object_component_ref idref="oc-4c5"/>
      </symbol>
      <symbol id="sm-53e">
         <name>__aeabi_dadd</name>
         <value>0x248f</value>
         <object_component_ref idref="oc-4c5"/>
      </symbol>
      <symbol id="sm-560">
         <name>__aeabi_cdcmpeq</name>
         <value>0x338b</value>
         <object_component_ref idref="oc-422"/>
      </symbol>
      <symbol id="sm-561">
         <name>__aeabi_cdcmple</name>
         <value>0x338b</value>
         <object_component_ref idref="oc-422"/>
      </symbol>
      <symbol id="sm-562">
         <name>__aeabi_cdrcmple</name>
         <value>0x3411</value>
         <object_component_ref idref="oc-4b0"/>
      </symbol>
      <symbol id="sm-576">
         <name>__aeabi_ddiv</name>
         <value>0x28fd</value>
         <object_component_ref idref="oc-4ab"/>
      </symbol>
      <symbol id="sm-581">
         <name>__aeabi_dmul</name>
         <value>0x2e9f</value>
         <object_component_ref idref="oc-4a6"/>
      </symbol>
      <symbol id="sm-58b">
         <name>__aeabi_d2iz</name>
         <value>0x3cdd</value>
         <object_component_ref idref="oc-4b5"/>
      </symbol>
      <symbol id="sm-595">
         <name>__aeabi_i2d</name>
         <value>0x4091</value>
         <object_component_ref idref="oc-4c0"/>
      </symbol>
      <symbol id="sm-5a2">
         <name>__aeabi_uldivmod</name>
         <value>0x326f</value>
         <object_component_ref idref="oc-49f"/>
      </symbol>
      <symbol id="sm-5b8">
         <name>__aeabi_errno_addr</name>
         <value>0x43fd</value>
         <object_component_ref idref="oc-44b"/>
      </symbol>
      <symbol id="sm-5b9">
         <name>errno</name>
         <value>0x2000805c</value>
         <object_component_ref idref="oc-501"/>
      </symbol>
      <symbol id="sm-5c3">
         <name>copysign</name>
         <value>0x428d</value>
         <object_component_ref idref="oc-53a"/>
      </symbol>
      <symbol id="sm-5c4">
         <name>copysignl</name>
         <value>0x428d</value>
         <object_component_ref idref="oc-53a"/>
      </symbol>
      <symbol id="sm-5ce">
         <name>__aeabi_idiv0</name>
         <value>0xc67</value>
         <object_component_ref idref="oc-521"/>
      </symbol>
      <symbol id="sm-5cf">
         <name>__aeabi_ldiv0</name>
         <value>0xc67</value>
         <object_component_ref idref="oc-521"/>
      </symbol>
      <symbol id="sm-5f4">
         <name>GrContextInit</name>
         <value>0x376d</value>
         <object_component_ref idref="oc-28a"/>
      </symbol>
      <symbol id="sm-5f5">
         <name>g_psDefaultCodePointMapTable</name>
         <value>0x4c48</value>
         <object_component_ref idref="oc-319"/>
      </symbol>
      <symbol id="sm-639">
         <name>GrLineDrawH</name>
         <value>0x3d25</value>
         <object_component_ref idref="oc-33c"/>
      </symbol>
      <symbol id="sm-63a">
         <name>GrLineDrawV</name>
         <value>0x3d6b</value>
         <object_component_ref idref="oc-342"/>
      </symbol>
      <symbol id="sm-63b">
         <name>GrLineDraw</name>
         <value>0x2d99</value>
         <object_component_ref idref="oc-2a0"/>
      </symbol>
      <symbol id="sm-649">
         <name>GrRectFill</name>
         <value>0x3305</value>
         <object_component_ref idref="oc-29a"/>
      </symbol>
      <symbol id="sm-6d8">
         <name>GrFontInfoGet</name>
         <value>0x40e9</value>
         <object_component_ref idref="oc-3ca"/>
      </symbol>
      <symbol id="sm-6d9">
         <name>GrDefaultStringRenderer</name>
         <value>0x2f9b</value>
         <object_component_ref idref="oc-313"/>
      </symbol>
      <symbol id="sm-6da">
         <name>GrFontGlyphRender</name>
         <value>0x1c91</value>
         <object_component_ref idref="oc-3dc"/>
      </symbol>
      <symbol id="sm-6db">
         <name>GrContextFontSet</name>
         <value>0x263b</value>
         <object_component_ref idref="oc-294"/>
      </symbol>
      <symbol id="sm-6dc">
         <name>GrFontGlyphDataGet</name>
         <value>0x4135</value>
         <object_component_ref idref="oc-3d6"/>
      </symbol>
      <symbol id="sm-6dd">
         <name>GrStringDraw</name>
         <value>0x424b</value>
         <object_component_ref idref="oc-2b7"/>
      </symbol>
      <symbol id="sm-6de">
         <name>GrFontCodepageGet</name>
         <value>0x4175</value>
         <object_component_ref idref="oc-3f1"/>
      </symbol>
      <symbol id="sm-6df">
         <name>GrStringNextCharGet</name>
         <value>0x4063</value>
         <object_component_ref idref="oc-3d0"/>
      </symbol>
      <symbol id="sm-6f1">
         <name>g_sFontFixed6x8</name>
         <value>0x4920</value>
         <object_component_ref idref="oc-291"/>
      </symbol>
      <symbol id="sm-6fe">
         <name>GrMapISO8859_1_Unicode</name>
         <value>0x43e5</value>
         <object_component_ref idref="oc-3e3"/>
      </symbol>
      <symbol id="sm-75b">
         <name>ADCProcessorTrigger</name>
         <value>0x4203</value>
         <object_component_ref idref="oc-77"/>
      </symbol>
      <symbol id="sm-75c">
         <name>ADCSequenceEnable</name>
         <value>0x436f</value>
         <object_component_ref idref="oc-fb"/>
      </symbol>
      <symbol id="sm-75d">
         <name>ADCSequenceConfigure</name>
         <value>0x3df5</value>
         <object_component_ref idref="oc-ef"/>
      </symbol>
      <symbol id="sm-75e">
         <name>ADCIntEnable</name>
         <value>0x430f</value>
         <object_component_ref idref="oc-12d"/>
      </symbol>
      <symbol id="sm-75f">
         <name>ADCSequenceStepConfigure</name>
         <value>0x359d</value>
         <object_component_ref idref="oc-f5"/>
      </symbol>
      <symbol id="sm-760">
         <name>ADCIntClear</name>
         <value>0x43bd</value>
         <object_component_ref idref="oc-8c"/>
      </symbol>
      <symbol id="sm-761">
         <name>ADCIntStatus</name>
         <value>0x4035</value>
         <object_component_ref idref="oc-7d"/>
      </symbol>
      <symbol id="sm-762">
         <name>ADCSequenceDisable</name>
         <value>0x4361</value>
         <object_component_ref idref="oc-e9"/>
      </symbol>
      <symbol id="sm-763">
         <name>ADCClockConfigSet</name>
         <value>0x41eb</value>
         <object_component_ref idref="oc-e3"/>
      </symbol>
      <symbol id="sm-764">
         <name>ADCSequenceDataGet</name>
         <value>0x4157</value>
         <object_component_ref idref="oc-86"/>
      </symbol>
      <symbol id="sm-77a">
         <name>FPULazyStackingEnable</name>
         <value>0x4331</value>
         <object_component_ref idref="oc-1e5"/>
      </symbol>
      <symbol id="sm-77b">
         <name>FPUEnable</name>
         <value>0x4321</value>
         <object_component_ref idref="oc-1df"/>
      </symbol>
      <symbol id="sm-7d5">
         <name>GPIOPinConfigure</name>
         <value>0x3c4d</value>
         <object_component_ref idref="oc-3c0"/>
      </symbol>
      <symbol id="sm-7d6">
         <name>GPIOPinTypeADC</name>
         <value>0x42b5</value>
         <object_component_ref idref="oc-d4"/>
      </symbol>
      <symbol id="sm-7d7">
         <name>GPIOPinTypeGPIOInput</name>
         <value>0x42c7</value>
         <object_component_ref idref="oc-c8"/>
      </symbol>
      <symbol id="sm-7d8">
         <name>GPIOPinTypeGPIOOutput</name>
         <value>0x421b</value>
         <object_component_ref idref="oc-2be"/>
      </symbol>
      <symbol id="sm-7d9">
         <name>GPIOPinRead</name>
         <value>0x1093</value>
         <object_component_ref idref="oc-108"/>
      </symbol>
      <symbol id="sm-7da">
         <name>GPIODirModeSet</name>
         <value>0x40bf</value>
         <object_component_ref idref="oc-195"/>
      </symbol>
      <symbol id="sm-7db">
         <name>GPIOPinWrite</name>
         <value>0x1763</value>
         <object_component_ref idref="oc-3a8"/>
      </symbol>
      <symbol id="sm-7dc">
         <name>GPIOPadConfigSet</name>
         <value>0x2a33</value>
         <object_component_ref idref="oc-ce"/>
      </symbol>
      <symbol id="sm-7dd">
         <name>GPIOPinTypeSSI</name>
         <value>0x42d9</value>
         <object_component_ref idref="oc-3ba"/>
      </symbol>
      <symbol id="sm-827">
         <name>IntPrioritySet</name>
         <value>0x4111</value>
         <object_component_ref idref="oc-bc"/>
      </symbol>
      <symbol id="sm-828">
         <name>IntEnable</name>
         <value>0x37d5</value>
         <object_component_ref idref="oc-c2"/>
      </symbol>
      <symbol id="sm-829">
         <name>IntMasterDisable</name>
         <value>0x4341</value>
         <object_component_ref idref="oc-1d9"/>
      </symbol>
      <symbol id="sm-82a">
         <name>IntMasterEnable</name>
         <value>0x4351</value>
         <object_component_ref idref="oc-1fd"/>
      </symbol>
      <symbol id="sm-851">
         <name>SSIDataPut</name>
         <value>0x43c7</value>
         <object_component_ref idref="oc-39c"/>
      </symbol>
      <symbol id="sm-852">
         <name>SSIConfigSetExpClk</name>
         <value>0x3e71</value>
         <object_component_ref idref="oc-3ae"/>
      </symbol>
      <symbol id="sm-853">
         <name>SSIEnable</name>
         <value>0x43d1</value>
         <object_component_ref idref="oc-3b4"/>
      </symbol>
      <symbol id="sm-854">
         <name>SSIBusy</name>
         <value>0x43ed</value>
         <object_component_ref idref="oc-3a2"/>
      </symbol>
      <symbol id="sm-8c4">
         <name>SysCtlDelay</name>
         <value>0x3bfb</value>
         <object_component_ref idref="oc-302"/>
      </symbol>
      <symbol id="sm-8c5">
         <name>SysCtlPeripheralEnable</name>
         <value>0x3fd1</value>
         <object_component_ref idref="oc-95"/>
      </symbol>
      <symbol id="sm-8c6">
         <name>SysCtlClockFreqSet</name>
         <value>0x1ee9</value>
         <object_component_ref idref="oc-1eb"/>
      </symbol>
      <symbol id="sm-91b">
         <name>TimerLoadSet</name>
         <value>0x42eb</value>
         <object_component_ref idref="oc-aa"/>
      </symbol>
      <symbol id="sm-91c">
         <name>TimerDisable</name>
         <value>0x4279</value>
         <object_component_ref idref="oc-9b"/>
      </symbol>
      <symbol id="sm-91d">
         <name>TimerEnable</name>
         <value>0x437d</value>
         <object_component_ref idref="oc-b6"/>
      </symbol>
      <symbol id="sm-91e">
         <name>TimerIntStatus</name>
         <value>0x43db</value>
         <object_component_ref idref="oc-1d3"/>
      </symbol>
      <symbol id="sm-91f">
         <name>TimerControlTrigger</name>
         <value>0x39c5</value>
         <object_component_ref idref="oc-127"/>
      </symbol>
      <symbol id="sm-920">
         <name>TimerIntEnable</name>
         <value>0x43f5</value>
         <object_component_ref idref="oc-b0"/>
      </symbol>
      <symbol id="sm-921">
         <name>TimerConfigure</name>
         <value>0x3909</value>
         <object_component_ref idref="oc-a1"/>
      </symbol>
      <symbol id="sm-922">
         <name>TimerIntClear</name>
         <value>0x22bd</value>
         <object_component_ref idref="oc-102"/>
      </symbol>
      <symbol id="sm-934">
         <name>CPUcpsie</name>
         <value>0x43a5</value>
         <object_component_ref idref="oc-2c5"/>
      </symbol>
      <symbol id="sm-935">
         <name>CPUcpsid</name>
         <value>0x4399</value>
         <object_component_ref idref="oc-25f"/>
      </symbol>
      <symbol id="sm-936">
         <name>__TI_static_base__</name>
         <value>0x0</value>
      </symbol>
      <symbol id="sm-939">
         <name>__mpu_init</name>
         <value>0x0</value>
      </symbol>
      <symbol id="sm-93a">
         <name>_system_post_cinit</name>
         <value>0x0</value>
      </symbol>
   </symbol_table>
   <title>Link successful</title>
</link_info>
