******************************************************************************
                  TI ARM Linker PC v18.1.4                     
******************************************************************************
>> Linked Thu Apr  4 15:59:07 2019

OUTPUT FILE NAME:   <ece3849_lab2_starter.out>
ENTRY POINT SYMBOL: "_c_int00"  address: 00003359


MEMORY CONFIGURATION

         name            origin    length      used     unused   attr    fill
----------------------  --------  ---------  --------  --------  ----  --------
  FLASH                 00000000   00100000  00006f18  000f90e8  R  X
  SRAM                  20000000   00040000  00002cc8  0003d338  RW X


SEGMENT ALLOCATION MAP

run origin  load origin   length   init length attrs members
----------  ----------- ---------- ----------- ----- -------
00000000    00000000    00006f20   00006f20    r-x
  00000000    00000000    0000003c   0000003c    r-- .resetVecs
  00000040    00000040    00004d0a   00004d0a    r-x .text
  00004d4c    00004d4c    00001fb2   00001fb2    r-- .const
  00006d00    00006d00    00000220   00000220    r-- .cinit
20000000    20000000    00002ccc   00000000    rw-
  20000000    20000000    00000360   00000000    rw- .vecs
  20000360    20000360    00001d0c   00000000    rw- .bss
  20002070    20002070    00000800   00000000    rw- .stack
  20002870    20002870    0000045c   00000000    rw- .data


SECTION ALLOCATION MAP

 output                                  attributes/
section   page    origin      length       input sections
--------  ----  ----------  ----------   ----------------
.text      0    00000040    00004d0a     
                  00000040    00000430     sysbios.aem4f : BIOS.obj (.text:ti_sysbios_family_arm_m3_Hwi_excDumpRegs__I)
                  00000470    0000034c     ti.targets.arm.rtsarm.aem4f : System.oem4f (.text:xdc_runtime_System_doPrint__I)
                  000007bc    00000004     rtsv7M4_T_le_v4SPD16_eabi.lib : exit.c.obj (.text:abort:abort)
                  000007c0    000002a4     sysbios.aem4f : BIOS.obj (.text:ti_sysbios_knl_Semaphore_pend__E)
                  00000a64    00000004                   : BIOS.obj (.text:ti_sysbios_family_arm_lm4_Timer_masterEnable__I)
                  00000a68    0000026c                   : BIOS.obj (.text:ti_sysbios_heaps_HeapMem_free__E)
                  00000cd4    00000004     ti.targets.arm.rtsarm.aem4f : Error.oem4f (.text:xdc_runtime_Error_getSite__E)
                  00000cd8    00000250     sysbios.aem4f : BIOS.obj (.text:ti_sysbios_heaps_HeapMem_alloc__E)
                  00000f28    00000204     Boot.aem4f : Boot_sysctl.oem4f (.text:ti_catalog_arm_cortexm4_tiva_ce_Boot_sysCtlClockFreqSetI__I)
                  0000112c    00000004     ti.targets.arm.rtsarm.aem4f : System.oem4f (.text:xdc_runtime_System_aprintf_va__F)
                  00001130    000001fc     sysbios.aem4f : BIOS.obj (.text:ti_sysbios_family_arm_m3_Hwi_excHandlerMax__I)
                  0000132c    00000004     ti.targets.arm.rtsarm.aem4f : System.oem4f (.text:xdc_runtime_System_printf_va__F)
                  00001330    00000174     sysbios.aem4f : BIOS.obj (.text:ti_sysbios_family_arm_m3_Hwi_excBusFault__I)
                  000014a4    00000002     rtsv7M4_T_le_v4SPD16_eabi.lib : _lock.c.obj (.text:_nop)
                  000014a6    00000002                                   : div0.asm.obj (.text)
                  000014a8    00000164     sysbios.aem4f : BIOS.obj (.text:ti_sysbios_family_arm_m3_Hwi_excUsageFault__I)
                  0000160c    00000004     --HOLE-- [fill = 0]
                  00001610    00000148                   : BIOS.obj (.text:ti_sysbios_family_arm_m3_Hwi_excMemFault__I)
                  00001758    0000013c                   : BIOS.obj (.text:ti_sysbios_heaps_HeapMem_Instance_init__E)
                  00001894    00000130     driverlib.lib : gpio.obj (.text:GPIOPadConfigSet)
                  000019c4    00000118     ti.targets.arm.rtsarm.aem4f : Error.oem4f (.text:xdc_runtime_Error_policyDefault__E)
                  00001adc    00000004     --HOLE-- [fill = 0]
                  00001ae0    00000108     sysbios.aem4f : BIOS.obj (.text:ti_sysbios_family_arm_lm4_Timer_start__E)
                  00001be8    00000100     ti.targets.arm.rtsarm.aem4f : Core-mem.oem4f (.text:xdc_runtime_Core_createObject__I)
                  00001ce8    000000fc     rtos_pem4f.oem4f (.text:xdc_runtime_System_printfExtend__I)
                  00001de4    000000f8     ti.targets.arm.rtsarm.aem4f : Startup.oem4f (.text:xdc_runtime_Startup_startMods__I)
                  00001edc    000000f4     sysbios.aem4f : m3_Hwi_asm.obj (.text:ti_sysbios_family_arm_m3_Hwi_dispatch__I)
                  00001fd0    000000ec                   : BIOS.obj (.text:ti_sysbios_knl_Semaphore_post__E)
                  000020bc    000000cc     ti.targets.arm.rtsarm.aem4f : Core-smem.oem4f (.text:xdc_runtime_Core_constructObject__I)
                  00002188    000000bc     sysbios.aem4f : BIOS.obj (.text:ti_sysbios_family_arm_m3_Hwi_excDebugMon__I)
                  00002244    00000004     --HOLE-- [fill = 0]
                  00002248    000000bc                   : BIOS.obj (.text:ti_sysbios_family_arm_m3_Hwi_excHardFault__I)
                  00002304    00000004     --HOLE-- [fill = 0]
                  00002308    000000b4                   : BIOS.obj (.text:ti_sysbios_gates_GateMutex_enter__E)
                  000023bc    00000004     --HOLE-- [fill = 0]
                  000023c0    000000b4                   : BIOS.obj (.text:ti_sysbios_knl_Task_checkStacks__E)
                  00002474    00000004     --HOLE-- [fill = 0]
                  00002478    000000ac                   : BIOS.obj (.text:ti_sysbios_family_arm_lm4_Timer_enableTiva__I)
                  00002524    000000a0     auto_init.aem4f : auto_init.oem4f (.text)
                  000025c4    000000a0     ti.targets.arm.rtsarm.aem4f : Text.oem4f (.text:xdc_runtime_Text_putMod__E)
                  00002664    0000009c     rtsv7M4_T_le_v4SPD16_eabi.lib : memcpy_t2.asm.obj (.text)
                  00002700    0000009c     sysbios.aem4f : BIOS.obj (.text:ti_sysbios_knl_Semaphore_Instance_init__E)
                  0000279c    0000009a     ti.targets.arm.rtsarm.aem4f : Text.oem4f (.text:xdc_runtime_Text_putSite__E)
                  00002836    00000002     --HOLE-- [fill = 0]
                  00002838    00000098     Boot.aem4f : Boot.oem4f (.text:ti_catalog_arm_cortexm4_tiva_ce_Boot_sysCtlClockFreqSet__E)
                  000028d0    00000094     sysbios.aem4f : BIOS.obj (.text:ti_sysbios_family_arm_m3_Hwi_initNVIC__E)
                  00002964    0000008c                   : m3_TaskSupport_asm.obj (.text:ti_sysbios_family_arm_m3_TaskSupport_buildTaskStack)
                  000029f0    0000008c                   : BIOS.obj (.text:ti_sysbios_knl_Task_postInit__I)
                  00002a7c    00000004     --HOLE-- [fill = 0]
                  00002a80    00000084     sampler.obj (.text:ADCInit)
                  00002b04    00000004     --HOLE-- [fill = 0]
                  00002b08    00000084     sysbios.aem4f : BIOS.obj (.text:ti_sysbios_family_arm_m3_Hwi_postInit__I)
                  00002b8c    0000007a     driverlib.lib : adc.obj (.text:ADCSequenceStepConfigure)
                  00002c06    0000007a     rtsv7M4_T_le_v4SPD16_eabi.lib : memset_t2.asm.obj (.text)
                  00002c80    00000070     sysbios.aem4f : BIOS.obj (.text:ti_sysbios_knl_Clock_workFunc__E)
                  00002cf0    00000070                   : BIOS.obj (.text:ti_sysbios_knl_Task_exit__E)
                  00002d60    0000006d     ti.targets.arm.rtsarm.aem4f : System.oem4f (.text:xdc_runtime_System_formatNum__I)
                  00002dcd    00000003     --HOLE-- [fill = 0]
                  00002dd0    0000006c     sysbios.aem4f : BIOS.obj (.text:ti_sysbios_knl_Swi_restoreHwi__E)
                  00002e3c    0000006c     ti.targets.arm.rtsarm.aem4f : Error.oem4f (.text:xdc_runtime_Error_print__E)
                  00002ea8    0000006c                                 : Memory.oem4f (.text:xdc_runtime_Memory_alloc__E)
                  00002f14    00000068     rtsv7M4_T_le_v4SPD16_eabi.lib : copy_decompress_lzss.c.obj (.text:decompress:lzss:__TI_decompress_lzss)
                  00002f7c    00000004     --HOLE-- [fill = 0]
                  00002f80    00000068     sysbios.aem4f : BIOS.obj (.text:ti_sysbios_family_arm_lm4_TimestampProvider_initTimerHandle__I)
                  00002fe8    00000066     ti.targets.arm.rtsarm.aem4f : Core-mem.oem4f (.text:xdc_runtime_Core_deleteObject__I)
                  0000304e    00000002     --HOLE-- [fill = 0]
                  00003050    00000064     sysbios.aem4f : BIOS.obj (.text:ti_sysbios_family_arm_lm4_Timer_Module_startup__E)
                  000030b4    00000004     --HOLE-- [fill = 0]
                  000030b8    00000064                   : BIOS.obj (.text:ti_sysbios_family_arm_m3_Hwi_dispatchC__I)
                  0000311c    00000004     --HOLE-- [fill = 0]
                  00003120    00000060                   : BIOS.obj (.text:ti_sysbios_knl_Task_schedule__I)
                  00003180    0000005c                   : BIOS.obj (.text:ti_sysbios_knl_Swi_run__I)
                  000031dc    00000004     --HOLE-- [fill = 0]
                  000031e0    0000005c                   : BIOS.obj (.text:ti_sysbios_knl_Swi_schedule__I)
                  0000323c    00000004     --HOLE-- [fill = 0]
                  00003240    0000005c                   : BIOS.obj (.text:ti_sysbios_knl_Task_Module_startup__E)
                  0000329c    00000004     --HOLE-- [fill = 0]
                  000032a0    0000005c                   : BIOS.obj (.text:ti_sysbios_knl_Task_startCore__E)
                  000032fc    0000005b     ti.targets.arm.rtsarm.aem4f : Text.oem4f (.text:xdc_runtime_Text_putLab__E)
                  00003357    00000001     --HOLE-- [fill = 0]
                  00003358    00000058     boot.aem4f : boot.oem4f (.text)
                  000033b0    00000058     rtsv7M4_T_le_v4SPD16_eabi.lib : hostwrite.c.obj (.text:HOSTwrite)
                  00003408    00000058     sysbios.aem4f : m3_Hwi_asm_switch.obj (.text:ti_sysbios_family_arm_m3_Hwi_initStacks__E)
                  00003460    00000054                   : BIOS.obj (.text:ti_sysbios_family_arm_lm4_Timer_initDevice__I)
                  000034b4    00000054     ti.targets.arm.rtsarm.aem4f : Assert.oem4f (.text:xdc_runtime_Assert_raise__I)
                  00003508    00000050     Boot.aem4f : Boot_sysctl.oem4f (.text:_SysCtlFrequencyGet)
                  00003558    00000050     sysbios.aem4f : BIOS.obj (.text:ti_sysbios_family_arm_m3_Hwi_Module_startup__E)
                  000035a8    00000050     ti.targets.arm.rtsarm.aem4f : Startup.oem4f (.text:xdc_runtime_Startup_exec__E)
                  000035f8    00000050                                 : Text.oem4f (.text:xdc_runtime_Text_visitRope2__I)
                  00003648    0000004c     sampler.obj (.text:ADC_ISR)
                  00003694    0000004c     rtsv7M4_T_le_v4SPD16_eabi.lib : cpy_tbl.c.obj (.text:copy_in)
                  000036e0    0000004c     sysbios.aem4f : BIOS.obj (.text:ti_sysbios_heaps_HeapMem_getStats__E)
                  0000372c    00000004     --HOLE-- [fill = 0]
                  00003730    0000004c                   : BIOS.obj (.text:ti_sysbios_knl_Swi_runLoop__I)
                  0000377c    00000004     --HOLE-- [fill = 0]
                  00003780    0000004c                   : BIOS.obj (.text:ti_sysbios_knl_Task_allBlockedFunction__I)
                  000037cc    00000004     --HOLE-- [fill = 0]
                  000037d0    00000048     sysctl_pll.obj (.text:SysCtlFrequencyGet)
                  00003818    00000048     sysbios.aem4f : BIOS.obj (.text:ti_sysbios_family_arm_lm4_Timer_enableTimers__I)
                  00003860    00000048                   : BIOS.obj (.text:ti_sysbios_family_arm_m3_Hwi_disableInterrupt__E)
                  000038a8    00000048                   : BIOS.obj (.text:ti_sysbios_family_arm_m3_Hwi_enableInterrupt__E)
                  000038f0    00000048                   : BIOS.obj (.text:ti_sysbios_family_arm_m3_Hwi_excReserved__I)
                  00003938    00000048                   : BIOS.obj (.text:ti_sysbios_knl_Mailbox_Module_startup__E)
                  00003980    00000046     ti.targets.arm.rtsarm.aem4f : Core-params.oem4f (.text:xdc_runtime_Core_assignParams__I)
                  000039c6    00000002     --HOLE-- [fill = 0]
                  000039c8    00000044     sysbios.aem4f : BIOS.obj (.text:ti_sysbios_family_arm_lm4_Timer_isrStub__E)
                  00003a0c    00000004     --HOLE-- [fill = 0]
                  00003a10    00000044                   : BIOS.obj (.text:ti_sysbios_family_arm_m3_Hwi_getStackInfo__E)
                  00003a54    00000004     --HOLE-- [fill = 0]
                  00003a58    00000044                   : BIOS.obj (.text:ti_sysbios_knl_Swi_post__E)
                  00003a9c    00000044     ti.targets.arm.rtsarm.aem4f : Error.oem4f (.text:xdc_runtime_Error_setX__E)
                  00003ae0    00000044                                 : SysMin.oem4f (.text:xdc_runtime_SysMin_flush__E)
                  00003b24    00000044                                 : Text.oem4f (.text:xdc_runtime_Text_xprintf__I)
                  00003b68    00000040     rtsv7M4_T_le_v4SPD16_eabi.lib : u_divt2.asm.obj (.text)
                  00003ba8    00000040     sysbios.aem4f : BIOS.obj (.text:ti_sysbios_family_arm_lm4_Timer_startup__E)
                  00003be8    0000003e     driverlib.lib : adc.obj (.text:ADCSequenceConfigure)
                  00003c26    00000002     --HOLE-- [fill = 0]
                  00003c28    0000003c     sysbios.aem4f : BIOS.obj (.text:ti_sysbios_family_arm_m3_Hwi_excSvCall__I)
                  00003c64    00000004     --HOLE-- [fill = 0]
                  00003c68    0000003c                   : BIOS.obj (.text:ti_sysbios_heaps_HeapMem_init__I)
                  00003ca4    00000004     --HOLE-- [fill = 0]
                  00003ca8    0000003c                   : BIOS.obj (.text:ti_sysbios_knl_Swi_restore__E)
                  00003ce4    00000038     rtsv7M4_T_le_v4SPD16_eabi.lib : trgmsg.c.obj (.text:__TI_writemsg)
                  00003d1c    00000004     --HOLE-- [fill = 0]
                  00003d20    00000038     sysbios.aem4f : BIOS.obj (.text:ti_sysbios_family_arm_m3_Hwi_excNoIsr__I)
                  00003d58    00000038                   : BIOS.obj (.text:ti_sysbios_knl_Task_processVitalTaskFlag__I)
                  00003d90    00000038     ti.targets.arm.rtsarm.aem4f : SysMin.oem4f (.text:xdc_runtime_SysMin_putch__E)
                  00003dc8    00000038                                 : System.oem4f (.text:xdc_runtime_System_atexit__E)
                  00003e00    00000034     driverlib.lib : sysctl.obj (.text:SysCtlPeripheralEnable)
                  00003e34    00000034     rtsv7M4_T_le_v4SPD16_eabi.lib : trgmsg.c.obj (.text:__TI_readmsg)
                  00003e68    00000034     sysbios.aem4f : BIOS.obj (.text:ti_sysbios_family_arm_m3_Hwi_excNmi__I)
                  00003e9c    00000004     --HOLE-- [fill = 0]
                  00003ea0    00000034                   : BIOS.obj (.text:ti_sysbios_hal_Hwi_checkStack)
                  00003ed4    00000034     ti.targets.arm.rtsarm.aem4f : Core-label.oem4f (.text:xdc_runtime_Core_assignLabel__I)
                  00003f08    00000033                                 : Text.oem4f (.text:xdc_runtime_Text_printVisFxn__I)
                  00003f3b    00000005     --HOLE-- [fill = 0]
                  00003f40    00000032     sysbios.aem4f : BIOS.obj (.text:ti_sysbios_hal_Hwi_initStack)
                  00003f72    00000006     ti.targets.arm.rtsarm.aem4f : System.oem4f (.text:xdc_runtime_System_Module_startup__E)
                  00003f78    00000030     rtos_pem4f.oem4f (.text:ti_sysbios_BIOS_atExitFunc__I)
                  00003fa8    00000030     sysbios.aem4f : BIOS.obj (.text:ti_sysbios_family_arm_lm4_Timer_stop__E)
                  00003fd8    00000030                   : BIOS.obj (.text:ti_sysbios_family_arm_m3_TaskSupport_start__E)
                  00004008    00000030     rtos_pem4f.oem4f (.text:ti_sysbios_gates_GateHwi_Object__create__S)
                  00004038    00000030     rtos_pem4f.oem4f (.text:ti_sysbios_gates_GateMutex_Object__create__S)
                  00004068    00000030     rtos_pem4f.oem4f (.text:ti_sysbios_heaps_HeapMem_Object__create__S)
                  00004098    00000030     sysbios.aem4f : BIOS.obj (.text:ti_sysbios_knl_Mailbox_postInit__I)
                  000040c8    00000030     rtos_pem4f.oem4f (.text:ti_sysbios_knl_Semaphore_construct)
                  000040f8    00000030     sysbios.aem4f : BIOS.obj (.text:ti_sysbios_knl_Semaphore_pendTimeout__I)
                  00004128    00000030                   : BIOS.obj (.text:ti_sysbios_knl_Task_unblockI__E)
                  00004158    00000030     ti.targets.arm.rtsarm.aem4f : SysMin.oem4f (.text:xdc_runtime_SysMin_abort__E)
                  00004188    00000030                                 : System.oem4f (.text:xdc_runtime_System_processAtExit__E)
                  000041b8    0000002c     rtos_pem4f.oem4f (.text:ti_sysbios_knl_Clock_doTick__I)
                  000041e4    00000004     --HOLE-- [fill = 0]
                  000041e8    0000002c     rtos_pem4f.oem4f (.text:ti_sysbios_knl_Queue_construct)
                  00004214    00000004     --HOLE-- [fill = 0]
                  00004218    0000002c     sysbios.aem4f : BIOS.obj (.text:ti_sysbios_knl_Task_restore__E)
                  00004244    0000002c     ti.targets.arm.rtsarm.aem4f : Text.oem4f (.text:xdc_runtime_Text_cordText__E)
                  00004270    0000002a     driverlib.lib : gpio.obj (.text:GPIODirModeSet)
                  0000429a    0000002a     ti.targets.arm.rtsarm.aem4f : System.oem4f (.text:xdc_runtime_System_putchar__I)
                  000042c4    00000004     --HOLE-- [fill = 0]
                  000042c8    00000028     sysbios.aem4f : BIOS.obj (.text:ti_sysbios_knl_Clock_addI__E)
                  000042f0    00000028                   : BIOS.obj (.text:ti_sysbios_knl_Swi_Module_startup__E)
                  00004318    00000026                   : m3_Hwi_asm.obj (.text:ti_sysbios_family_arm_m3_Hwi_pendSV__I)
                  0000433e    00000026     ti.targets.arm.rtsarm.aem4f : System.oem4f (.text:xdc_runtime_System_avprintf__E)
                  00004364    00000004     --HOLE-- [fill = 0]
                  00004368    00000024     rtos_pem4f.oem4f (.text:ti_sysbios_BIOS_errorRaiseHook__I)
                  0000438c    00000004     --HOLE-- [fill = 0]
                  00004390    00000024     rtos_pem4f.oem4f (.text:ti_sysbios_BIOS_registerRTSLock__I)
                  000043b4    00000004     --HOLE-- [fill = 0]
                  000043b8    00000024     rtos_pem4f.oem4f (.text:ti_sysbios_BIOS_removeRTSLock__I)
                  000043dc    00000004     --HOLE-- [fill = 0]
                  000043e0    00000024     rtos_pem4f.oem4f (.text:ti_sysbios_BIOS_startFunc__I)
                  00004404    00000004     --HOLE-- [fill = 0]
                  00004408    00000024     rtos_pem4f.oem4f (.text:ti_sysbios_gates_GateMutex_Object__delete__S)
                  0000442c    00000004     --HOLE-- [fill = 0]
                  00004430    00000024     sysbios.aem4f : BIOS.obj (.text:ti_sysbios_knl_Clock_Module_startup__E)
                  00004454    00000004     --HOLE-- [fill = 0]
                  00004458    00000024                   : BIOS.obj (.text:ti_sysbios_knl_Task_restoreHwi__E)
                  0000447c    00000024     ti.targets.arm.rtsarm.aem4f : System.oem4f (.text:xdc_runtime_System_vprintf__E)
                  000044a0    00000022     sysbios.aem4f : BIOS.obj (.text:ti_sysbios_family_arm_lm4_Timer_write__I)
                  000044c2    00000006     --HOLE-- [fill = 0]
                  000044c8    00000022     rtos_pem4f.oem4f (.text:xdc_runtime_SysMin_output__I)
                  000044ea    00000002     --HOLE-- [fill = 0]
                  000044ec    00000020     Boot.aem4f : Boot_sysctl.oem4f (.text:_SysCtlMemTimingGet)
                  0000450c    00000004     --HOLE-- [fill = 0]
                  00004510    00000020     rtos_pem4f.oem4f (.text:ti_sysbios_BIOS_rtsLock__I)
                  00004530    00000020     sysbios.aem4f : m3_Hwi_asm.obj (.text:ti_sysbios_family_arm_m3_Hwi_excHandlerAsm__I)
                  00004550    00000020                   : BIOS.obj (.text:ti_sysbios_family_arm_m3_Hwi_excHandler__I)
                  00004570    00000020     rtos_pem4f.oem4f (.text:ti_sysbios_gates_GateHwi_Object__delete__S)
                  00004590    00000020     rtos_pem4f.oem4f (.text:ti_sysbios_heaps_HeapMem_Object__delete__S)
                  000045b0    00000020     sysbios.aem4f : BIOS.obj (.text:ti_sysbios_knl_Idle_run__E)
                  000045d0    00000020     rtos_pem4f.oem4f (.text:ti_sysbios_knl_Semaphore_Object__destruct__S)
                  000045f0    00000020     ti.targets.arm.rtsarm.aem4f : Registry.oem4f (.text:xdc_runtime_Registry_findById__E)
                  00004610    00000020                                 : SysMin.oem4f (.text:xdc_runtime_SysMin_Module_startup__E)
                  00004630    0000001e     sysbios.aem4f : m3_Hwi_asm_switch.obj (.text:ti_sysbios_family_xxx_Hwi_switchAndRunFunc)
                  0000464e    00000002     --HOLE-- [fill = 0]
                  00004650    0000001c                   : BIOS.obj (.text:ti_sysbios_gates_GateMutex_Instance_init__E)
                  0000466c    00000004     --HOLE-- [fill = 0]
                  00004670    0000001c     rtos_pem4f.oem4f (.text:ti_sysbios_knl_Queue_Object__destruct__S)
                  0000468c    00000004     --HOLE-- [fill = 0]
                  00004690    0000001c     sysbios.aem4f : BIOS.obj (.text:ti_sysbios_knl_Queue_put__E)
                  000046ac    00000004     --HOLE-- [fill = 0]
                  000046b0    0000001c                   : BIOS.obj (.text:ti_sysbios_knl_Task_enter__I)
                  000046cc    0000001c     ti.targets.arm.rtsarm.aem4f : Error.oem4f (.text:xdc_runtime_Error_raiseX__E)
                  000046e8    0000001c                                 : Memory.oem4f (.text:xdc_runtime_Memory_valloc__E)
                  00004704    0000001c                                 : SysMin.oem4f (.text:xdc_runtime_SysMin_exit__E)
                  00004720    0000001c                                 : System.oem4f (.text:xdc_runtime_System_abort__E)
                  0000473c    00000004     --HOLE-- [fill = 0]
                  00004740    0000001a     rtos_pem4f.oem4f (.text:ti_sysbios_family_arm_m3_Hwi_Handle__label__S)
                  0000475a    00000006     --HOLE-- [fill = 0]
                  00004760    0000001a     rtos_pem4f.oem4f (.text:ti_sysbios_gates_GateHwi_Handle__label__S)
                  0000477a    00000006     --HOLE-- [fill = 0]
                  00004780    0000001a     rtos_pem4f.oem4f (.text:ti_sysbios_gates_GateMutex_Handle__label__S)
                  0000479a    00000006     --HOLE-- [fill = 0]
                  000047a0    0000001a     rtos_pem4f.oem4f (.text:ti_sysbios_heaps_HeapMem_Handle__label__S)
                  000047ba    00000006     --HOLE-- [fill = 0]
                  000047c0    0000001a     rtos_pem4f.oem4f (.text:ti_sysbios_knl_Swi_Handle__label__S)
                  000047da    00000006     --HOLE-- [fill = 0]
                  000047e0    0000001a     rtos_pem4f.oem4f (.text:ti_sysbios_knl_Task_Handle__label__S)
                  000047fa    00000006     --HOLE-- [fill = 0]
                  00004800    0000001a     rtos_pem4f.oem4f (.text:xdc_runtime_System_aprintf__E)
                  0000481a    00000006     --HOLE-- [fill = 0]
                  00004820    0000001a     rtos_pem4f.oem4f (.text:xdc_runtime_System_printf__E)
                  0000483a    00000018     driverlib.lib : adc.obj (.text:ADCClockConfigSet)
                  00004852    00000002     --HOLE-- [fill = 0]
                  00004854    00000018     rtsv7M4_T_le_v4SPD16_eabi.lib : args_main.c.obj (.text:_args_main)
                  0000486c    00000004     --HOLE-- [fill = 0]
                  00004870    00000018     rtos_pem4f.oem4f (.text:ti_sysbios_BIOS_rtsUnlock__I)
                  00004888    00000018     rtos_pem4f.oem4f (.text:ti_sysbios_family_arm_lm4_Timer_Module__startupDone__F)
                  000048a0    00000018     rtos_pem4f.oem4f (.text:ti_sysbios_family_arm_m3_Hwi_Module__startupDone__F)
                  000048b8    00000018     sysbios.aem4f : m3_TaskSupport_asm.obj (.text:ti_sysbios_family_arm_m3_TaskSupport_swap__E)
                  000048d0    00000018                   : BIOS.obj (.text:ti_sysbios_gates_GateMutex_leave__E)
                  000048e8    00000018     ti.targets.arm.rtsarm.aem4f : Error.oem4f (.text:xdc_runtime_Error_check__E)
                  00004900    00000018                                 : System.oem4f (.text:xdc_runtime_System_exit__E)
                  00004918    00000018                                 : Text.oem4f (.text:xdc_runtime_Text_ropeText__E)
                  00004930    00000016     rtos_pem4f.oem4f (.text:ti_sysbios_BIOS_exitFunc__I)
                  00004946    00000002     --HOLE-- [fill = 0]
                  00004948    00000016     sysbios.aem4f : BIOS.obj (.text:ti_sysbios_knl_Task_unblock__E)
                  0000495e    00000014     rtsv7M4_T_le_v4SPD16_eabi.lib : strlen.c.obj (.text:strlen)
                  00004972    00000006     --HOLE-- [fill = 0]
                  00004978    00000014     rtos_pem4f.oem4f (.text:ti_sysbios_family_arm_m3_Hwi_Object__get__S)
                  0000498c    00000004     --HOLE-- [fill = 0]
                  00004990    00000014     sysbios.aem4f : BIOS.obj (.text:ti_sysbios_family_arm_m3_Hwi_switchFromBootStack__E)
                  000049a4    00000004     --HOLE-- [fill = 0]
                  000049a8    00000014     rtos_pem4f.oem4f (.text:ti_sysbios_heaps_HeapMem_Object__get__S)
                  000049bc    00000004     --HOLE-- [fill = 0]
                  000049c0    00000014     rtos_pem4f.oem4f (.text:ti_sysbios_knl_Swi_Object__get__S)
                  000049d4    00000012     driverlib.lib : gpio.obj (.text:GPIOPinTypeADC)
                  000049e6    00000002     --HOLE-- [fill = 0]
                  000049e8    00000012     main.obj (.text:main)
                  000049fa    00000006     --HOLE-- [fill = 0]
                  00004a00    00000012     sysbios.aem4f : BIOS.obj (.text:ti_sysbios_hal_Hwi_Module_startup__E)
                  00004a12    00000006     --HOLE-- [fill = 0]
                  00004a18    00000012     rtos_pem4f.oem4f (.text:xdc_runtime_Startup_exec__I)
                  00004a2a    00000006     --HOLE-- [fill = 0]
                  00004a30    00000010     rtos_pem4f.oem4f (.text:.bootCodeSection:ti_catalog_arm_cortexm4_tiva_ce_Boot_init__I)
                  00004a40    00000010     driverlib.lib : adc.obj (.text:ADCIntEnable)
                  00004a50    00000010                   : interrupt.obj (.text:IntMasterDisable)
                  00004a60    00000010                   : interrupt.obj (.text:IntMasterEnable)
                  00004a70    00000010     sysbios.aem4f : BIOS.obj (.text:ti_sysbios_BIOS_setThreadType__E)
                  00004a80    00000010                   : BIOS.obj (.text:ti_sysbios_BIOS_start__E)
                  00004a90    00000010                   : m3_TaskSupport_asm.obj (.text:ti_sysbios_family_arm_m3_TaskSupport_glue)
                  00004aa0    00000010                   : BIOS.obj (.text:ti_sysbios_gates_GateMutex_Instance_finalize__E)
                  00004ab0    00000010     rtos_pem4f.oem4f (.text:ti_sysbios_knl_Mailbox_Object__get__S)
                  00004ac0    00000010     sysbios.aem4f : BIOS.obj (.text:ti_sysbios_knl_Semaphore_Instance_finalize__E)
                  00004ad0    00000010                   : BIOS.obj (.text:ti_sysbios_knl_Swi_disable__E)
                  00004ae0    00000010     rtos_pem4f.oem4f (.text:ti_sysbios_knl_Task_Object__get__S)
                  00004af0    00000010     sysbios.aem4f : BIOS.obj (.text:ti_sysbios_knl_Task_disable__E)
                  00004b00    00000010     ti.targets.arm.rtsarm.aem4f : Gate.oem4f (.text:xdc_runtime_Gate_leaveSystem__E)
                  00004b10    00000010                                 : Memory.oem4f (.text:xdc_runtime_Memory_free__E)
                  00004b20    00000010                                 : SysMin.oem4f (.text:xdc_runtime_SysMin_ready__E)
                  00004b30    00000010                                 : System.oem4f (.text:xdc_runtime_System_vsnprintf__E)
                  00004b40    00000010     rtos_pem4f.oem4f (.text:xdc_runtime_Text_visitRope__I)
                  00004b50    0000000e     driverlib.lib : adc.obj (.text:ADCSequenceDisable)
                  00004b5e    0000000e                   : adc.obj (.text:ADCSequenceEnable)
                  00004b6c    0000000e     rtsv7M4_T_le_v4SPD16_eabi.lib : copy_decompress_none.c.obj (.text:decompress:none:__TI_decompress_none)
                  00004b7a    00000006     --HOLE-- [fill = 0]
                  00004b80    0000000e     sysbios.aem4f : BIOS.obj (.text:ti_sysbios_knl_Idle_loop__E)
                  00004b8e    00000002     --HOLE-- [fill = 0]
                  00004b90    0000000e                   : BIOS.obj (.text:ti_sysbios_knl_Queue_empty__E)
                  00004b9e    0000000c     driverlib.lib : cpu.obj (.text:CPUcpsid)
                  00004baa    0000000c                   : cpu.obj (.text:CPUcpsie)
                  00004bb6    00000002     --HOLE-- [fill = 0]
                  00004bb8    0000000c     rtsv7M4_T_le_v4SPD16_eabi.lib : _lock.c.obj (.text:_register_lock)
                  00004bc4    0000000c                                   : _lock.c.obj (.text:_register_unlock)
                  00004bd0    0000000c                                   : copy_zero_init.c.obj (.text:decompress:ZI:__TI_zero_init)
                  00004bdc    00000004     --HOLE-- [fill = 0]
                  00004be0    0000000c     sysbios.aem4f : BIOS.obj (.text:ti_sysbios_family_arm_lm4_Timer_getMaxTicks__E)
                  00004bec    00000004     --HOLE-- [fill = 0]
                  00004bf0    0000000c                   : BIOS.obj (.text:ti_sysbios_family_arm_m3_TaskSupport_checkStack__E)
                  00004bfc    00000004     --HOLE-- [fill = 0]
                  00004c00    0000000c                   : BIOS.obj (.text:ti_sysbios_gates_GateHwi_enter__E)
                  00004c0c    00000004     --HOLE-- [fill = 0]
                  00004c10    0000000c     rtos_pem4f.oem4f (.text:ti_sysbios_knl_Queue_Object__get__S)
                  00004c1c    0000000c     ti.targets.arm.rtsarm.aem4f : Error.oem4f (.text:xdc_runtime_Error_init__E)
                  00004c28    0000000c                                 : Gate.oem4f (.text:xdc_runtime_Gate_enterSystem__E)
                  00004c34    0000000c                                 : Memory.oem4f (.text:xdc_runtime_Memory_calloc__E)
                  00004c40    0000000c                                 : Memory.oem4f (.text:xdc_runtime_Memory_getMaxDefaultTypeAlign__E)
                  00004c4c    00000004     --HOLE-- [fill = 0]
                  00004c50    0000000a     main.obj (.text:task0_func)
                  00004c5a    00000006     --HOLE-- [fill = 0]
                  00004c60    0000000a     rtos_pem4f.oem4f (.text:xdc_runtime_IHeap_alloc)
                  00004c6a    00000006     --HOLE-- [fill = 0]
                  00004c70    0000000a     rtos_pem4f.oem4f (.text:xdc_runtime_IHeap_free)
                  00004c7a    00000008     sysbios.aem4f : BIOS.obj (.text:ti_sysbios_family_arm_lm4_Timer_masterDisable__I)
                  00004c82    00000006     --HOLE-- [fill = 0]
                  00004c88    00000008                   : BIOS.obj (.text:ti_sysbios_family_arm_m3_Hwi_doSwiRestore__I)
                  00004c90    00000008                   : BIOS.obj (.text:ti_sysbios_family_arm_m3_Hwi_startup__E)
                  00004c98    00000006                   : BIOS.obj (.text:ti_sysbios_family_arm_lm4_TimestampProvider_Module_startup__E)
                  00004c9e    00000002     --HOLE-- [fill = 0]
                  00004ca0    00000006                   : BIOS.obj (.text:ti_sysbios_family_arm_m3_Hwi_doTaskRestore__I)
                  00004ca6    00000002     --HOLE-- [fill = 0]
                  00004ca8    00000006                   : BIOS.obj (.text:ti_sysbios_gates_GateHwi_leave__E)
                  00004cae    00000002     --HOLE-- [fill = 0]
                  00004cb0    00000006                   : BIOS.obj (.text:ti_sysbios_heaps_HeapMem_isBlocking__E)
                  00004cb6    00000002     --HOLE-- [fill = 0]
                  00004cb8    00000006                   : BIOS.obj (.text:ti_sysbios_knl_Queue_Instance_init__E)
                  00004cbe    00000002     --HOLE-- [fill = 0]
                  00004cc0    00000006                   : BIOS.obj (.text:ti_sysbios_knl_Swi_startup__E)
                  00004cc6    00000002     --HOLE-- [fill = 0]
                  00004cc8    00000004     rtos_pem4f.oem4f (.text:ti_sysbios_BIOS_RtsGateProxy_enter__E)
                  00004ccc    00000004     --HOLE-- [fill = 0]
                  00004cd0    00000004     rtos_pem4f.oem4f (.text:ti_sysbios_BIOS_RtsGateProxy_leave__E)
                  00004cd4    00000004     --HOLE-- [fill = 0]
                  00004cd8    00000004     rtos_pem4f.oem4f (.text:ti_sysbios_family_arm_m3_TaskSupport_Module__startupDone__S)
                  00004cdc    00000004     --HOLE-- [fill = 0]
                  00004ce0    00000004     sysbios.aem4f : BIOS.obj (.text:ti_sysbios_gates_GateHwi_query__E)
                  00004ce4    00000004     --HOLE-- [fill = 0]
                  00004ce8    00000004                   : BIOS.obj (.text:ti_sysbios_gates_GateMutex_query__E)
                  00004cec    00000004     --HOLE-- [fill = 0]
                  00004cf0    00000004     rtos_pem4f.oem4f (.text:ti_sysbios_heaps_HeapMem_Module_GateProxy_enter__E)
                  00004cf4    00000004     --HOLE-- [fill = 0]
                  00004cf8    00000004     rtos_pem4f.oem4f (.text:ti_sysbios_heaps_HeapMem_Module_GateProxy_leave__E)
                  00004cfc    00000004     --HOLE-- [fill = 0]
                  00004d00    00000004     rtos_pem4f.oem4f (.text:ti_sysbios_knl_Clock_TimerProxy_getMaxTicks__E)
                  00004d04    00000004     --HOLE-- [fill = 0]
                  00004d08    00000004     rtos_pem4f.oem4f (.text:ti_sysbios_knl_Queue_destruct)
                  00004d0c    00000004     --HOLE-- [fill = 0]
                  00004d10    00000004     rtos_pem4f.oem4f (.text:ti_sysbios_knl_Semaphore_destruct)
                  00004d14    00000004     --HOLE-- [fill = 0]
                  00004d18    00000004     sysbios.aem4f : BIOS.obj (.text:ti_sysbios_knl_Task_startup__E)
                  00004d1c    00000004     --HOLE-- [fill = 0]
                  00004d20    00000004     rtos_pem4f.oem4f (.text:xdc_runtime_System_Module_GateProxy_enter__E)
                  00004d24    00000004     --HOLE-- [fill = 0]
                  00004d28    00000004     rtos_pem4f.oem4f (.text:xdc_runtime_System_Module_GateProxy_leave__E)
                  00004d2c    00000004     --HOLE-- [fill = 0]
                  00004d30    00000002     rtos_pem4f.oem4f (.text:ti_sysbios_BIOS_nullFunc__I)
                  00004d32    00000006     --HOLE-- [fill = 0]
                  00004d38    00000002     sysbios.aem4f : BIOS.obj (.text:ti_sysbios_gates_GateHwi_Instance_init__E)
                  00004d3a    00000006     --HOLE-- [fill = 0]
                  00004d40    00000002                   : BIOS.obj (.text:ti_sysbios_knl_Clock_logTick__E)
                  00004d42    00000006     --HOLE-- [fill = 0]
                  00004d48    00000002     rtos_pem4f.oem4f (.text:xdc_runtime_Startup_reset__I)

.const     0    00004d4c    00001fb2     
                  00004d4c    0000191d     rtos_pem4f.oem4f (.const:xdc_runtime_Text_charTab__A)
                  00006669    00000001     rtos_pem4f.oem4f (.const:xdc_runtime_Error_policy__C)
                  0000666a    00000002     rtos_pem4f.oem4f (.const:ti_catalog_arm_cortexm4_tiva_ce_Boot_Module__id__C)
                  0000666c    00000120     Boot.aem4f : Boot_sysctl.oem4f (.const:g_pppui32XTALtoVCO)
                  0000678c    000000c8     rtos_pem4f.oem4f (.const:xdc_runtime_Text_nodeTab__A)
                  00006854    0000006c     Boot.aem4f : Boot_sysctl.oem4f (.const:g_pui32Xtals)
                  000068c0    00000048     rtos_pem4f.oem4f (.const:.string)
                  00006908    00000030     Boot.aem4f : Boot_sysctl.oem4f (.const:g_sXTALtoMEMTIM)
                  00006938    00000028     rtos_pem4f.oem4f (.const:ti_sysbios_heaps_HeapMem_Module__FXNS__C)
                  00006960    00000028     rtos_pem4f.oem4f (.const:xdc_runtime_Startup_sfxnTab__A)
                  00006988    00000024     rtos_pem4f.oem4f (.const:ti_sysbios_gates_GateHwi_Module__FXNS__C)
                  000069ac    00000024     rtos_pem4f.oem4f (.const:ti_sysbios_gates_GateMutex_Module__FXNS__C)
                  000069d0    00000024     rtos_pem4f.oem4f (.const:ti_sysbios_heaps_HeapMem_Object__PARAMS__C)
                  000069f4    00000024     rtos_pem4f.oem4f (.const:ti_sysbios_knl_Semaphore_Object__PARAMS__C)
                  00006a18    00000020     rtos_pem4f.oem4f (.const:ti_sysbios_gates_GateHwi_Object__DESC__C)
                  00006a38    00000020     rtos_pem4f.oem4f (.const:ti_sysbios_gates_GateMutex_Object__DESC__C)
                  00006a58    00000020     rtos_pem4f.oem4f (.const:ti_sysbios_heaps_HeapMem_Object__DESC__C)
                  00006a78    00000020     rtos_pem4f.oem4f (.const:ti_sysbios_knl_Queue_Object__DESC__C)
                  00006a98    00000020     rtos_pem4f.oem4f (.const:ti_sysbios_knl_Semaphore_Object__DESC__C)
                  00006ab8    00000018     rtos_pem4f.oem4f (.const:ti_sysbios_gates_GateHwi_Object__PARAMS__C)
                  00006ad0    00000018     rtos_pem4f.oem4f (.const:ti_sysbios_gates_GateMutex_Object__PARAMS__C)
                  00006ae8    00000018     rtos_pem4f.oem4f (.const:ti_sysbios_knl_Queue_Object__PARAMS__C)
                  00006b00    00000018     rtos_pem4f.oem4f (.const:xdc_runtime_Startup_firstFxns__A)
                  00006b18    00000014     rtos_pem4f.oem4f (.const:xdc_runtime_Startup_sfxnRts__A)
                  00006b2c    00000008     Boot.aem4f : Boot_sysctl.oem4f (.const)
                  00006b34    00000008     rtos_pem4f.oem4f (.const:ti_sysbios_family_arm_m3_Hwi_excHookFuncs__A)
                  00006b3c    00000008     rtos_pem4f.oem4f (.const:ti_sysbios_knl_Idle_funcList__C)
                  00006b44    00000008     rtos_pem4f.oem4f (.const:xdc_runtime_Startup_firstFxns__C)
                  00006b4c    00000008     rtos_pem4f.oem4f (.const:xdc_runtime_Startup_lastFxns__C)
                  00006b54    00000004     rtos_pem4f.oem4f (.const:ti_catalog_arm_cortexm4_tiva_ce_Boot_A_mustNotUseEnhancedClockMode__C)
                  00006b58    00000004     rtos_pem4f.oem4f (.const:ti_catalog_arm_cortexm4_tiva_ce_Boot_Module__diagsEnabled__C)
                  00006b5c    00000004     rtos_pem4f.oem4f (.const:ti_catalog_arm_cortexm4_tiva_ce_Boot_Module__diagsIncluded__C)
                  00006b60    00000004     rtos_pem4f.oem4f (.const:ti_catalog_arm_cortexm4_tiva_ce_Boot_Module__diagsMask__C)
                  00006b64    00000004     rtos_pem4f.oem4f (.const:ti_sysbios_family_arm_lm4_Timer_enableFunc__C)
                  00006b68    00000004     rtos_pem4f.oem4f (.const:ti_sysbios_family_arm_lm4_Timer_numTimerDevices__C)
                  00006b6c    00000004     rtos_pem4f.oem4f (.const:ti_sysbios_family_arm_lm4_Timer_startupNeeded__C)
                  00006b70    00000004     rtos_pem4f.oem4f (.const:ti_sysbios_family_arm_lm4_TimestampProvider_Module__diagsEnabled__C)
                  00006b74    00000004     rtos_pem4f.oem4f (.const:ti_sysbios_family_arm_lm4_TimestampProvider_Module__diagsIncluded__C)
                  00006b78    00000004     rtos_pem4f.oem4f (.const:ti_sysbios_family_arm_lm4_TimestampProvider_Module__diagsMask__C)
                  00006b7c    00000004     rtos_pem4f.oem4f (.const:ti_sysbios_family_arm_m3_Hwi_E_NMI__C)
                  00006b80    00000004     rtos_pem4f.oem4f (.const:ti_sysbios_family_arm_m3_Hwi_E_busFault__C)
                  00006b84    00000004     rtos_pem4f.oem4f (.const:ti_sysbios_family_arm_m3_Hwi_E_debugMon__C)
                  00006b88    00000004     rtos_pem4f.oem4f (.const:ti_sysbios_family_arm_m3_Hwi_E_hardFault__C)
                  00006b8c    00000004     rtos_pem4f.oem4f (.const:ti_sysbios_family_arm_m3_Hwi_E_memFault__C)
                  00006b90    00000004     rtos_pem4f.oem4f (.const:ti_sysbios_family_arm_m3_Hwi_E_noIsr__C)
                  00006b94    00000004     rtos_pem4f.oem4f (.const:ti_sysbios_family_arm_m3_Hwi_E_reserved__C)
                  00006b98    00000004     rtos_pem4f.oem4f (.const:ti_sysbios_family_arm_m3_Hwi_E_svCall__C)
                  00006b9c    00000004     rtos_pem4f.oem4f (.const:ti_sysbios_family_arm_m3_Hwi_E_usageFault__C)
                  00006ba0    00000004     rtos_pem4f.oem4f (.const:ti_sysbios_family_arm_m3_Hwi_NUM_INTERRUPTS__C)
                  00006ba4    00000004     rtos_pem4f.oem4f (.const:ti_sysbios_family_arm_m3_Hwi_Object__count__C)
                  00006ba8    00000004     rtos_pem4f.oem4f (.const:ti_sysbios_family_arm_m3_Hwi_ccr__C)
                  00006bac    00000004     rtos_pem4f.oem4f (.const:ti_sysbios_family_arm_m3_Hwi_excHandlerFunc__C)
                  00006bb0    00000004     rtos_pem4f.oem4f (.const:ti_sysbios_family_arm_m3_Hwi_excHookFuncs__C)
                  00006bb4    00000004     rtos_pem4f.oem4f (.const:ti_sysbios_family_arm_m3_Hwi_nullIsrFunc__C)
                  00006bb8    00000004     rtos_pem4f.oem4f (.const:ti_sysbios_family_arm_m3_Hwi_priGroup__C)
                  00006bbc    00000004     rtos_pem4f.oem4f (.const:ti_sysbios_gates_GateMutex_A_badContext__C)
                  00006bc0    00000004     rtos_pem4f.oem4f (.const:ti_sysbios_gates_GateMutex_Instance_State_sem__O)
                  00006bc4    00000004     rtos_pem4f.oem4f (.const:ti_sysbios_gates_GateMutex_Module__diagsEnabled__C)
                  00006bc8    00000004     rtos_pem4f.oem4f (.const:ti_sysbios_gates_GateMutex_Module__diagsIncluded__C)
                  00006bcc    00000004     rtos_pem4f.oem4f (.const:ti_sysbios_gates_GateMutex_Module__diagsMask__C)
                  00006bd0    00000004     rtos_pem4f.oem4f (.const:ti_sysbios_hal_Hwi_E_stackOverflow__C)
                  00006bd4    00000004     rtos_pem4f.oem4f (.const:ti_sysbios_heaps_HeapMem_A_align__C)
                  00006bd8    00000004     rtos_pem4f.oem4f (.const:ti_sysbios_heaps_HeapMem_A_heapSize__C)
                  00006bdc    00000004     rtos_pem4f.oem4f (.const:ti_sysbios_heaps_HeapMem_A_invalidFree__C)
                  00006be0    00000004     rtos_pem4f.oem4f (.const:ti_sysbios_heaps_HeapMem_A_zeroBlock__C)
                  00006be4    00000004     rtos_pem4f.oem4f (.const:ti_sysbios_heaps_HeapMem_E_memory__C)
                  00006be8    00000004     rtos_pem4f.oem4f (.const:ti_sysbios_heaps_HeapMem_Module__diagsEnabled__C)
                  00006bec    00000004     rtos_pem4f.oem4f (.const:ti_sysbios_heaps_HeapMem_Module__diagsIncluded__C)
                  00006bf0    00000004     rtos_pem4f.oem4f (.const:ti_sysbios_heaps_HeapMem_Module__diagsMask__C)
                  00006bf4    00000004     rtos_pem4f.oem4f (.const:ti_sysbios_heaps_HeapMem_Module__gateObj__C)
                  00006bf8    00000004     rtos_pem4f.oem4f (.const:ti_sysbios_heaps_HeapMem_Object__count__C)
                  00006bfc    00000004     rtos_pem4f.oem4f (.const:ti_sysbios_heaps_HeapMem_reqAlign__C)
                  00006c00    00000004     rtos_pem4f.oem4f (.const:ti_sysbios_knl_Clock_Module_State_clockQ__O)
                  00006c04    00000004     rtos_pem4f.oem4f (.const:ti_sysbios_knl_Idle_funcList__A)
                  00006c08    00000004     rtos_pem4f.oem4f (.const:ti_sysbios_knl_Mailbox_Instance_State_freeQue__O)
                  00006c0c    00000004     rtos_pem4f.oem4f (.const:ti_sysbios_knl_Mailbox_Object__count__C)
                  00006c10    00000004     rtos_pem4f.oem4f (.const:ti_sysbios_knl_Mailbox_maxTypeAlign__C)
                  00006c14    00000004     rtos_pem4f.oem4f (.const:ti_sysbios_knl_Semaphore_A_badContext__C)
                  00006c18    00000004     rtos_pem4f.oem4f (.const:ti_sysbios_knl_Semaphore_A_noEvents__C)
                  00006c1c    00000004     rtos_pem4f.oem4f (.const:ti_sysbios_knl_Semaphore_A_overflow__C)
                  00006c20    00000004     rtos_pem4f.oem4f (.const:ti_sysbios_knl_Semaphore_A_pendTaskDisabled__C)
                  00006c24    00000004     rtos_pem4f.oem4f (.const:ti_sysbios_knl_Semaphore_Instance_State_pendQ__O)
                  00006c28    00000004     rtos_pem4f.oem4f (.const:ti_sysbios_knl_Semaphore_Module__diagsEnabled__C)
                  00006c2c    00000004     rtos_pem4f.oem4f (.const:ti_sysbios_knl_Semaphore_Module__diagsIncluded__C)
                  00006c30    00000004     rtos_pem4f.oem4f (.const:ti_sysbios_knl_Semaphore_Module__diagsMask__C)
                  00006c34    00000004     rtos_pem4f.oem4f (.const:ti_sysbios_knl_Swi_Object__count__C)
                  00006c38    00000004     rtos_pem4f.oem4f (.const:ti_sysbios_knl_Task_E_spOutOfBounds__C)
                  00006c3c    00000004     rtos_pem4f.oem4f (.const:ti_sysbios_knl_Task_E_stackOverflow__C)
                  00006c40    00000004     rtos_pem4f.oem4f (.const:ti_sysbios_knl_Task_Module_State_inactiveQ__O)
                  00006c44    00000004     rtos_pem4f.oem4f (.const:ti_sysbios_knl_Task_Object__count__C)
                  00006c48    00000004     rtos_pem4f.oem4f (.const:ti_sysbios_knl_Task_allBlockedFunc__C)
                  00006c4c    00000004     rtos_pem4f.oem4f (.const:ti_sysbios_knl_Task_numConstructedTasks__C)
                  00006c50    00000004     rtos_pem4f.oem4f (.const:xdc_runtime_Assert_E_assertFailed__C)
                  00006c54    00000004     rtos_pem4f.oem4f (.const:xdc_runtime_Core_A_initializedParams__C)
                  00006c58    00000004     rtos_pem4f.oem4f (.const:xdc_runtime_Core_Module__diagsEnabled__C)
                  00006c5c    00000004     rtos_pem4f.oem4f (.const:xdc_runtime_Core_Module__diagsIncluded__C)
                  00006c60    00000004     rtos_pem4f.oem4f (.const:xdc_runtime_Core_Module__diagsMask__C)
                  00006c64    00000004     rtos_pem4f.oem4f (.const:xdc_runtime_Error_E_memory__C)
                  00006c68    00000004     rtos_pem4f.oem4f (.const:xdc_runtime_Error_Module__diagsEnabled__C)
                  00006c6c    00000004     rtos_pem4f.oem4f (.const:xdc_runtime_Error_Module__diagsIncluded__C)
                  00006c70    00000004     rtos_pem4f.oem4f (.const:xdc_runtime_Error_Module__diagsMask__C)
                  00006c74    00000004     rtos_pem4f.oem4f (.const:xdc_runtime_Error_Module__loggerFxn8__C)
                  00006c78    00000004     rtos_pem4f.oem4f (.const:xdc_runtime_Error_Module__loggerObj__C)
                  00006c7c    00000004     rtos_pem4f.oem4f (.const:xdc_runtime_Error_policyFxn__C)
                  00006c80    00000004     rtos_pem4f.oem4f (.const:xdc_runtime_Error_raiseHook__C)
                  00006c84    00000004     rtos_pem4f.oem4f (.const:xdc_runtime_IGateProvider_Interface__BASE__C)
                  00006c88    00000004     rtos_pem4f.oem4f (.const:xdc_runtime_IHeap_Interface__BASE__C)
                  00006c8c    00000004     rtos_pem4f.oem4f (.const:xdc_runtime_IModule_Interface__BASE__C)
                  00006c90    00000004     rtos_pem4f.oem4f (.const:xdc_runtime_Log_L_error__C)
                  00006c94    00000004     rtos_pem4f.oem4f (.const:xdc_runtime_Memory_defaultHeapInstance__C)
                  00006c98    00000004     rtos_pem4f.oem4f (.const:xdc_runtime_Startup_execImpl__C)
                  00006c9c    00000004     rtos_pem4f.oem4f (.const:xdc_runtime_Startup_maxPasses__C)
                  00006ca0    00000004     rtos_pem4f.oem4f (.const:xdc_runtime_Startup_sfxnRts__C)
                  00006ca4    00000004     rtos_pem4f.oem4f (.const:xdc_runtime_Startup_sfxnTab__C)
                  00006ca8    00000004     rtos_pem4f.oem4f (.const:xdc_runtime_SysMin_bufSize__C)
                  00006cac    00000004     rtos_pem4f.oem4f (.const:xdc_runtime_SysMin_outputFunc__C)
                  00006cb0    00000004     rtos_pem4f.oem4f (.const:xdc_runtime_System_Module__gateObj__C)
                  00006cb4    00000004     rtos_pem4f.oem4f (.const:xdc_runtime_System_abortFxn__C)
                  00006cb8    00000004     rtos_pem4f.oem4f (.const:xdc_runtime_System_exitFxn__C)
                  00006cbc    00000004     rtos_pem4f.oem4f (.const:xdc_runtime_System_extendFxn__C)
                  00006cc0    00000004     rtos_pem4f.oem4f (.const:xdc_runtime_System_maxAtexitHandlers__C)
                  00006cc4    00000004     rtos_pem4f.oem4f (.const:xdc_runtime_Text_charTab__C)
                  00006cc8    00000004     rtos_pem4f.oem4f (.const:xdc_runtime_Text_nameEmpty__C)
                  00006ccc    00000004     rtos_pem4f.oem4f (.const:xdc_runtime_Text_nameStatic__C)
                  00006cd0    00000004     rtos_pem4f.oem4f (.const:xdc_runtime_Text_nameUnknown__C)
                  00006cd4    00000004     rtos_pem4f.oem4f (.const:xdc_runtime_Text_nodeTab__C)
                  00006cd8    00000004     rtos_pem4f.oem4f (.const:xdc_runtime_Text_visitRopeFxn__C)
                  00006cdc    00000002     rtos_pem4f.oem4f (.const:ti_sysbios_family_arm_lm4_TimestampProvider_Module__id__C)
                  00006cde    00000002     rtos_pem4f.oem4f (.const:ti_sysbios_family_arm_lm4_TimestampProvider_useClockTimer__C)
                  00006ce0    00000002     rtos_pem4f.oem4f (.const:ti_sysbios_family_arm_m3_Hwi_Module__id__C)
                  00006ce2    00000002     rtos_pem4f.oem4f (.const:ti_sysbios_gates_GateMutex_Module__id__C)
                  00006ce4    00000002     rtos_pem4f.oem4f (.const:ti_sysbios_hal_Hwi_Module__id__C)
                  00006ce6    00000002     rtos_pem4f.oem4f (.const:ti_sysbios_heaps_HeapMem_Module__id__C)
                  00006ce8    00000002     rtos_pem4f.oem4f (.const:ti_sysbios_knl_Semaphore_Module__id__C)
                  00006cea    00000002     rtos_pem4f.oem4f (.const:ti_sysbios_knl_Task_Module__id__C)
                  00006cec    00000002     rtos_pem4f.oem4f (.const:xdc_runtime_Core_Module__id__C)
                  00006cee    00000002     rtos_pem4f.oem4f (.const:xdc_runtime_Error_Module__loggerDefined__C)
                  00006cf0    00000002     rtos_pem4f.oem4f (.const:xdc_runtime_Error_maxDepth__C)
                  00006cf2    00000002     rtos_pem4f.oem4f (.const:xdc_runtime_Memory_Module__id__C)
                  00006cf4    00000002     rtos_pem4f.oem4f (.const:xdc_runtime_SysMin_flushAtExit__C)
                  00006cf6    00000002     rtos_pem4f.oem4f (.const:xdc_runtime_Text_charCnt__C)
                  00006cf8    00000002     rtos_pem4f.oem4f (.const:xdc_runtime_Text_isLoaded__C)
                  00006cfa    00000002     rtos_pem4f.oem4f (.const:xdc_runtime_Text_registryModsLastId__C)
                  00006cfc    00000002     rtos_pem4f.oem4f (.const:xdc_runtime_Text_unnamedModsLastId__C)

.cinit     0    00006d00    00000220     
                  00006d00    000001e7     (.cinit..data.load) [load image, compression = lzss]
                  00006ee7    00000001     --HOLE-- [fill = 0]
                  00006ee8    0000000c     (__TI_handler_table)
                  00006ef4    00000004     --HOLE-- [fill = 0]
                  00006ef8    00000008     (.cinit..bss.load) [load image, compression = zero_init]
                  00006f00    00000008     (.cinit..vecs.load) [load image, compression = zero_init]
                  00006f08    00000018     (__TI_cinit_table)

.init_array 
*          0    00000000    00000000     UNINITIALIZED

.resetVecs 
*          0    00000000    0000003c     
                  00000000    0000003c     rtos_pem4f.oem4f (.resetVecs)

.bss       0    20000360    00001d0c     UNINITIALIZED
                  20000360    00001000     (.common:gADCBuffer)
                  20001360    00000400     rtos_pem4f.oem4f (.bss:taskStackSection)
                  20001760    00000400     (.common:ti_sysbios_heaps_HeapMem_Instance_State_0_buf__A)
                  20001b60    00000360     (.common:ti_sysbios_family_arm_m3_Hwi_dispatchTable)
                  20001ec0    00000120     rtsv7M4_T_le_v4SPD16_eabi.lib : trgmsg.c.obj (.bss:_CIOBUF_)
                  20001fe0    00000080     (.common:xdc_runtime_SysMin_Module_State_0_outbuf__A)
                  20002060    00000008     (.common:parmbuf)
                  20002068    00000004     (.common:gADCErrors)

.data      0    20002870    0000045c     UNINITIALIZED
                  20002870    00000098     rtos_pem4f.oem4f (.data:ti_sysbios_knl_Task_Object__table__V)
                  20002908    00000080     rtos_pem4f.oem4f (.data:ti_sysbios_knl_Swi_Module_State_0_readyQ__A)
                  20002988    00000080     rtos_pem4f.oem4f (.data:ti_sysbios_knl_Task_Module_State_0_readyQ__A)
                  20002a08    00000044     rtos_pem4f.oem4f (.data:ti_sysbios_knl_Task_Module__state__V)
                  20002a4c    00000040     rtos_pem4f.oem4f (.data:ti_sysbios_family_arm_lm4_Timer_Module_State_0_device__A)
                  20002a8c    00000040     rtos_pem4f.oem4f (.data:ti_sysbios_family_arm_lm4_Timer_Object__table__V)
                  20002acc    00000038     rtos_pem4f.oem4f (.data:ti_sysbios_gates_GateMutex_Object__table__V)
                  20002b04    00000034     rtos_pem4f.oem4f (.data:ti_sysbios_family_arm_m3_Hwi_Module__state__V)
                  20002b38    00000030     rtos_pem4f.oem4f (.data:ti_sysbios_family_arm_m3_Hwi_Object__table__V)
                  20002b68    00000030     rtos_pem4f.oem4f (.data:ti_sysbios_knl_Swi_Object__table__V)
                  20002b98    0000002c     rtos_pem4f.oem4f (.data:ti_sysbios_knl_Clock_Module__state__V)
                  20002bc4    00000024     rtos_pem4f.oem4f (.data:ti_sysbios_BIOS_Module__state__V)
                  20002be8    00000020     rtos_pem4f.oem4f (.data:ti_sysbios_family_arm_lm4_Timer_Module_State_0_handles__A)
                  20002c08    0000001c     rtos_pem4f.oem4f (.data:ti_sysbios_knl_Swi_Module__state__V)
                  20002c24    00000018     rtos_pem4f.oem4f (.data:ti_sysbios_heaps_HeapMem_Object__table__V)
                  20002c3c    0000000c     rtos_pem4f.oem4f (.data:ti_sysbios_family_arm_lm4_Timer_Module__state__V)
                  20002c48    0000000c     rtos_pem4f.oem4f (.data:xdc_runtime_SysMin_Module__state__V)
                  20002c54    00000008     rtsv7M4_T_le_v4SPD16_eabi.lib : _lock.c.obj (.data:$O1$$)
                  20002c5c    00000008     rtos_pem4f.oem4f (.data:ti_sysbios_family_arm_lm4_TimestampProvider_Module__state__V)
                  20002c64    00000008     rtos_pem4f.oem4f (.data:ti_sysbios_gates_GateHwi_Module__root__V)
                  20002c6c    00000008     rtos_pem4f.oem4f (.data:ti_sysbios_gates_GateMutex_Module__root__V)
                  20002c74    00000008     rtos_pem4f.oem4f (.data:ti_sysbios_heaps_HeapMem_Module__root__V)
                  20002c7c    00000008     rtos_pem4f.oem4f (.data:ti_sysbios_knl_Queue_Module__root__V)
                  20002c84    00000008     rtos_pem4f.oem4f (.data:ti_sysbios_knl_Semaphore_Module__root__V)
                  20002c8c    00000008     rtos_pem4f.oem4f (.data:xdc_runtime_Registry_Module__state__V)
                  20002c94    00000008     rtos_pem4f.oem4f (.data:xdc_runtime_Startup_Module__state__V)
                  20002c9c    00000008     rtos_pem4f.oem4f (.data:xdc_runtime_System_Module_State_0_atexitHandlers__A)
                  20002ca4    00000008     rtos_pem4f.oem4f (.data:xdc_runtime_System_Module__state__V)
                  20002cac    00000004     rtsv7M4_T_le_v4SPD16_eabi.lib : stkdepth_vars.c.obj (.data)
                  20002cb0    00000004     sampler.obj (.data)
                  20002cb4    00000004     rtos_pem4f.oem4f (.data:ti_sysbios_family_arm_m3_Hwi_Module_State_0_excContext__A)
                  20002cb8    00000004     rtos_pem4f.oem4f (.data:ti_sysbios_family_arm_m3_Hwi_Module_State_0_excStack__A)
                  20002cbc    00000004     rtos_pem4f.oem4f (.data:ti_sysbios_gates_GateHwi_Object__table__V)
                  20002cc0    00000004     rtos_pem4f.oem4f (.data:ti_sysbios_knl_Task_Module_State_0_idleTask__A)
                  20002cc4    00000004     rtos_pem4f.oem4f (.data:xdc_runtime_Memory_Module__state__V)
                  20002cc8    00000002     rtos_pem4f.oem4f (.data:ti_sysbios_family_arm_m3_Hwi_Module_State_0_excActive__A)
                  20002cca    00000002     rtos_pem4f.oem4f (.data:xdc_runtime_Error_Module__state__V)

.stack     0    20002070    00000800     UNINITIALIZED
                  20002070    00000800     --HOLE--

.bootVecs 
*          0    00000000    00000008     DSECT
                  00000000    00000008     boot.aem4f : boot.oem4f (.bootVecs)

.vecs      0    20000000    00000360     UNINITIALIZED
                  20000000    00000360     rtos_pem4f.oem4f (.vecs)

xdc.meta   0    00000000    00000113     COPY SECTION
                  00000000    00000113     rtos_pem4f.oem4f (xdc.meta)

MODULE SUMMARY

       Module                       code    ro data   rw data
       ------                       ----    -------   -------
    .\
       sampler.obj                  208     0         4104   
       sysctl_pll.obj               72      0         0      
       main.obj                     28      0         0      
    +--+----------------------------+-------+---------+---------+
       Total:                       308     0         4104   
                                                             
    C:\Users\Edward\Documents\WPI\Junior\D_Term\ECE_3849\Labs\ECE3849-Labs\ece3849_lab2_starter\Debug\configPkg\package\cfg\
       rtos_pem4f.oem4f             1470    7722      5004   
    +--+----------------------------+-------+---------+---------+
       Total:                       1470    7722      5004   
                                                             
    C:/ti/tirtos_tivac_2_16_00_08/products/TivaWare_C_Series-2.1.1.71b/driverlib/ccs/Debug/driverlib.lib
       gpio.obj                     364     0         0      
       adc.obj                      252     0         0      
       sysctl.obj                   52      0         0      
       interrupt.obj                32      0         0      
       cpu.obj                      24      0         0      
    +--+----------------------------+-------+---------+---------+
       Total:                       724     0         0      
                                                             
    C:\Users\Edward\Documents\WPI\Junior\D_Term\ECE_3849\Labs\ECE3849-Labs\ece3849_lab2_starter\src\sysbios\sysbios.aem4f
       BIOS.obj                     10332   0         0      
       m3_Hwi_asm.obj               314     0         0      
       m3_TaskSupport_asm.obj       180     0         0      
       m3_Hwi_asm_switch.obj        118     0         0      
    +--+----------------------------+-------+---------+---------+
       Total:                       10944   0         0      
                                                             
    C:\ti\ccsv8\tools\compiler\ti-cgt-arm_18.1.4.LTS\lib\rtsv7M4_T_le_v4SPD16_eabi.lib
       trgmsg.c.obj                 108     0         288    
       memcpy_t2.asm.obj            156     0         0      
       memset_t2.asm.obj            122     0         0      
       copy_decompress_lzss.c.obj   104     0         0      
       hostwrite.c.obj              88      0         0      
       cpy_tbl.c.obj                76      0         0      
       u_divt2.asm.obj              64      0         0      
       _lock.c.obj                  26      0         8      
       args_main.c.obj              24      0         0      
       strlen.c.obj                 20      0         0      
       copy_decompress_none.c.obj   14      0         0      
       copy_zero_init.c.obj         12      0         0      
       hostopen.c.obj               0       0         8      
       exit.c.obj                   4       0         0      
       stkdepth_vars.c.obj          0       0         4      
       div0.asm.obj                 2       0         0      
    +--+----------------------------+-------+---------+---------+
       Total:                       820     0         308    
                                                             
    C:\ti\tirtos_tivac_2_16_00_08\products\bios_6_45_01_29\packages\ti\catalog\arm\cortexm4\tiva\ce\lib\Boot.aem4f
       Boot_sysctl.oem4f            628     452       0      
       Boot.oem4f                   152     0         0      
    +--+----------------------------+-------+---------+---------+
       Total:                       780     452       0      
                                                             
    C:\ti\tirtos_tivac_2_16_00_08\products\bios_6_45_01_29\packages\ti\targets\arm\rtsarm\lib\auto_init.aem4f
       auto_init.oem4f              160     0         0      
    +--+----------------------------+-------+---------+---------+
       Total:                       160     0         0      
                                                             
    C:\ti\tirtos_tivac_2_16_00_08\products\bios_6_45_01_29\packages\ti\targets\arm\rtsarm\lib\boot.aem4f
       boot.oem4f                   88      0         0      
    +--+----------------------------+-------+---------+---------+
       Total:                       88      0         0      
                                                             
    C:\ti\tirtos_tivac_2_16_00_08\products\bios_6_45_01_29\packages\ti\targets\arm\rtsarm\lib\ti.targets.arm.rtsarm.aem4f
       System.oem4f                 1255    0         0      
       Text.oem4f                   672     0         0      
       Error.oem4f                  524     0         0      
       Core-mem.oem4f               358     0         0      
       Startup.oem4f                328     0         0      
       SysMin.oem4f                 248     0         0      
       Core-smem.oem4f              204     0         0      
       Memory.oem4f                 176     0         0      
       Assert.oem4f                 84      0         0      
       Core-params.oem4f            70      0         0      
       Core-label.oem4f             52      0         0      
       Registry.oem4f               32      0         0      
       Gate.oem4f                   28      0         0      
    +--+----------------------------+-------+---------+---------+
       Total:                       4031    0         0      
                                                             
       Stack:                       0       0         2048   
       Linker Generated:            0       539       0      
    +--+----------------------------+-------+---------+---------+
       Grand Total:                 19325   8713      11464  


LINKER GENERATED COPY TABLES

__TI_cinit_table @ 00006f08 records: 3, size/record: 8, table size: 24
	.data: load addr=00006d00, load size=000001e7 bytes, run addr=20002870, run size=0000045c bytes, compression=lzss
	.bss: load addr=00006ef8, load size=00000008 bytes, run addr=20000360, run size=00001d0c bytes, compression=zero_init
	.vecs: load addr=00006f00, load size=00000008 bytes, run addr=20000000, run size=00000360 bytes, compression=zero_init


LINKER GENERATED HANDLER TABLE

__TI_handler_table @ 00006ee8 records: 3, size/record: 4, table size: 12
	index: 0, handler: __TI_decompress_lzss
	index: 1, handler: __TI_decompress_none
	index: 2, handler: __TI_zero_init


GLOBAL SYMBOLS: SORTED ALPHABETICALLY BY Name 

address   name                                                                 
-------   ----                                                                 
0000483b  ADCClockConfigSet                                                    
00002a81  ADCInit                                                              
00004a41  ADCIntEnable                                                         
00003be9  ADCSequenceConfigure                                                 
00004b51  ADCSequenceDisable                                                   
00004b5f  ADCSequenceEnable                                                    
00002b8d  ADCSequenceStepConfigure                                             
00003649  ADC_ISR                                                              
000007bd  C$$EXIT                                                              
00003d13  C$$IO$$                                                              
00004b9f  CPUcpsid                                                             
00004bab  CPUcpsie                                                             
00004271  GPIODirModeSet                                                       
00001895  GPIOPadConfigSet                                                     
000049d5  GPIOPinTypeADC                                                       
000033b1  HOSTwrite                                                            
00004a51  IntMasterDisable                                                     
00004a61  IntMasterEnable                                                      
UNDEFED   SHT$$INIT_ARRAY$$Base                                                
UNDEFED   SHT$$INIT_ARRAY$$Limit                                               
000037d1  SysCtlFrequencyGet                                                   
00003e01  SysCtlPeripheralEnable                                               
00000000  __ASM__                                                              
20001ec0  __CIOBUF_                                                            
00000091  __ISA__                                                              
000000a4  __PLAT__                                                             
20002870  __STACK_END                                                          
00000800  __STACK_SIZE                                                         
000000c5  __TARG__                                                             
00006f08  __TI_CINIT_Base                                                      
00006f20  __TI_CINIT_Limit                                                     
00006ee8  __TI_Handler_Table_Base                                              
00006ef4  __TI_Handler_Table_Limit                                             
00002525  __TI_auto_init                                                       
00002f15  __TI_decompress_lzss                                                 
00004b6d  __TI_decompress_none                                                 
ffffffff  __TI_pprof_out_hndl                                                  
ffffffff  __TI_prof_data_size                                                  
ffffffff  __TI_prof_data_start                                                 
00003e35  __TI_readmsg                                                         
00006d00  __TI_static_base__                                                   
00003ce5  __TI_writemsg                                                        
00004bd1  __TI_zero_init                                                       
000000eb  __TRDR__                                                             
000014a7  __aeabi_idiv0                                                        
000014a7  __aeabi_ldiv0                                                        
00002c07  __aeabi_memclr                                                       
00002c07  __aeabi_memclr4                                                      
00002c07  __aeabi_memclr8                                                      
00002665  __aeabi_memcpy                                                       
00002665  __aeabi_memcpy4                                                      
00002665  __aeabi_memcpy8                                                      
00002c09  __aeabi_memset                                                       
00002c09  __aeabi_memset4                                                      
00002c09  __aeabi_memset8                                                      
00003b69  __aeabi_uidiv                                                        
00003b69  __aeabi_uidivmod                                                     
ffffffff  __binit__                                                            
ffffffff  __c_args__                                                           
20002070  __stack                                                              
00004855  _args_main                                                           
00003359  _c_int00                                                             
20002c54  _lock                                                                
000014a5  _nop                                                                 
00004bb9  _register_lock                                                       
00004bc5  _register_unlock                                                     
20002c58  _unlock                                                              
000007bd  abort                                                                
ffffffff  binit                                                                
00003695  copy_in                                                              
20000360  gADCBuffer                                                           
20002cb0  gADCBufferIndex                                                      
20002068  gADCErrors                                                           
000049e9  main                                                                 
20002cac  main_func_sp                                                         
00002665  memcpy                                                               
00002c0f  memset                                                               
20002060  parmbuf                                                              
0000495f  strlen                                                               
00004c51  task0_func                                                           
00006b54  ti_catalog_arm_cortexm4_tiva_ce_Boot_A_mustNotUseEnhancedClockMode__C
00006b58  ti_catalog_arm_cortexm4_tiva_ce_Boot_Module__diagsEnabled__C         
00006b5c  ti_catalog_arm_cortexm4_tiva_ce_Boot_Module__diagsIncluded__C        
00006b60  ti_catalog_arm_cortexm4_tiva_ce_Boot_Module__diagsMask__C            
0000666a  ti_catalog_arm_cortexm4_tiva_ce_Boot_Module__id__C                   
00004a31  ti_catalog_arm_cortexm4_tiva_ce_Boot_init__I                         
00000f29  ti_catalog_arm_cortexm4_tiva_ce_Boot_sysCtlClockFreqSetI__I          
00002839  ti_catalog_arm_cortexm4_tiva_ce_Boot_sysCtlClockFreqSet__E           
20002bc4  ti_sysbios_BIOS_Module__state__V                                     
00004781  ti_sysbios_BIOS_RtsGateProxy_Handle__label__S                        
00004409  ti_sysbios_BIOS_RtsGateProxy_Object__delete__S                       
00004cc9  ti_sysbios_BIOS_RtsGateProxy_enter__E                                
00004cd1  ti_sysbios_BIOS_RtsGateProxy_leave__E                                
00004ce9  ti_sysbios_BIOS_RtsGateProxy_query__E                                
00003f79  ti_sysbios_BIOS_atExitFunc__I                                        
00004369  ti_sysbios_BIOS_errorRaiseHook__I                                    
00004931  ti_sysbios_BIOS_exitFunc__I                                          
00004d31  ti_sysbios_BIOS_nullFunc__I                                          
00004391  ti_sysbios_BIOS_registerRTSLock__I                                   
000043b9  ti_sysbios_BIOS_removeRTSLock__I                                     
00004511  ti_sysbios_BIOS_rtsLock__I                                           
00004871  ti_sysbios_BIOS_rtsUnlock__I                                         
00004a71  ti_sysbios_BIOS_setThreadType__E                                     
000043e1  ti_sysbios_BIOS_startFunc__I                                         
00004a81  ti_sysbios_BIOS_start__E                                             
20002a4c  ti_sysbios_family_arm_lm4_Timer_Module_State_0_device__A             
20002be8  ti_sysbios_family_arm_lm4_Timer_Module_State_0_handles__A            
00004889  ti_sysbios_family_arm_lm4_Timer_Module__startupDone__F               
00004889  ti_sysbios_family_arm_lm4_Timer_Module__startupDone__S               
20002c3c  ti_sysbios_family_arm_lm4_Timer_Module__state__V                     
00003051  ti_sysbios_family_arm_lm4_Timer_Module_startup__E                    
20002a8c  ti_sysbios_family_arm_lm4_Timer_Object__table__V                     
00006b64  ti_sysbios_family_arm_lm4_Timer_enableFunc__C                        
00003819  ti_sysbios_family_arm_lm4_Timer_enableTimers__I                      
00002479  ti_sysbios_family_arm_lm4_Timer_enableTiva__I                        
00004be1  ti_sysbios_family_arm_lm4_Timer_getMaxTicks__E                       
00003461  ti_sysbios_family_arm_lm4_Timer_initDevice__I                        
000039c9  ti_sysbios_family_arm_lm4_Timer_isrStub__E                           
00004c7b  ti_sysbios_family_arm_lm4_Timer_masterDisable__I                     
00000a65  ti_sysbios_family_arm_lm4_Timer_masterEnable__I                      
00006b68  ti_sysbios_family_arm_lm4_Timer_numTimerDevices__C                   
00001ae1  ti_sysbios_family_arm_lm4_Timer_start__E                             
00006b6c  ti_sysbios_family_arm_lm4_Timer_startupNeeded__C                     
00003ba9  ti_sysbios_family_arm_lm4_Timer_startup__E                           
00003fa9  ti_sysbios_family_arm_lm4_Timer_stop__E                              
000044a1  ti_sysbios_family_arm_lm4_Timer_write__I                             
00006b70  ti_sysbios_family_arm_lm4_TimestampProvider_Module__diagsEnabled__C  
00006b74  ti_sysbios_family_arm_lm4_TimestampProvider_Module__diagsIncluded__C 
00006b78  ti_sysbios_family_arm_lm4_TimestampProvider_Module__diagsMask__C     
00006cdc  ti_sysbios_family_arm_lm4_TimestampProvider_Module__id__C            
20002c5c  ti_sysbios_family_arm_lm4_TimestampProvider_Module__state__V         
00004c99  ti_sysbios_family_arm_lm4_TimestampProvider_Module_startup__E        
00002f81  ti_sysbios_family_arm_lm4_TimestampProvider_initTimerHandle__I       
00006cde  ti_sysbios_family_arm_lm4_TimestampProvider_useClockTimer__C         
00006b7c  ti_sysbios_family_arm_m3_Hwi_E_NMI__C                                
00006b80  ti_sysbios_family_arm_m3_Hwi_E_busFault__C                           
00006b84  ti_sysbios_family_arm_m3_Hwi_E_debugMon__C                           
00006b88  ti_sysbios_family_arm_m3_Hwi_E_hardFault__C                          
00006b8c  ti_sysbios_family_arm_m3_Hwi_E_memFault__C                           
00006b90  ti_sysbios_family_arm_m3_Hwi_E_noIsr__C                              
00006b94  ti_sysbios_family_arm_m3_Hwi_E_reserved__C                           
00006b98  ti_sysbios_family_arm_m3_Hwi_E_svCall__C                             
00006b9c  ti_sysbios_family_arm_m3_Hwi_E_usageFault__C                         
00004741  ti_sysbios_family_arm_m3_Hwi_Handle__label__S                        
20002cc8  ti_sysbios_family_arm_m3_Hwi_Module_State_0_excActive__A             
20002cb4  ti_sysbios_family_arm_m3_Hwi_Module_State_0_excContext__A            
20002cb8  ti_sysbios_family_arm_m3_Hwi_Module_State_0_excStack__A              
00006ce0  ti_sysbios_family_arm_m3_Hwi_Module__id__C                           
000048a1  ti_sysbios_family_arm_m3_Hwi_Module__startupDone__F                  
000048a1  ti_sysbios_family_arm_m3_Hwi_Module__startupDone__S                  
20002b04  ti_sysbios_family_arm_m3_Hwi_Module__state__V                        
00003559  ti_sysbios_family_arm_m3_Hwi_Module_startup__E                       
00006ba0  ti_sysbios_family_arm_m3_Hwi_NUM_INTERRUPTS__C                       
00006ba4  ti_sysbios_family_arm_m3_Hwi_Object__count__C                        
00004979  ti_sysbios_family_arm_m3_Hwi_Object__get__S                          
20002b38  ti_sysbios_family_arm_m3_Hwi_Object__table__V                        
00006ba8  ti_sysbios_family_arm_m3_Hwi_ccr__C                                  
00003861  ti_sysbios_family_arm_m3_Hwi_disableInterrupt__E                     
000030b9  ti_sysbios_family_arm_m3_Hwi_dispatchC__I                            
20001b60  ti_sysbios_family_arm_m3_Hwi_dispatchTable                           
00001edd  ti_sysbios_family_arm_m3_Hwi_dispatch__I                             
00004c89  ti_sysbios_family_arm_m3_Hwi_doSwiRestore__I                         
00004ca1  ti_sysbios_family_arm_m3_Hwi_doTaskRestore__I                        
000038a9  ti_sysbios_family_arm_m3_Hwi_enableInterrupt__E                      
00001331  ti_sysbios_family_arm_m3_Hwi_excBusFault__I                          
00002189  ti_sysbios_family_arm_m3_Hwi_excDebugMon__I                          
00000041  ti_sysbios_family_arm_m3_Hwi_excDumpRegs__I                          
00004531  ti_sysbios_family_arm_m3_Hwi_excHandlerAsm__I                        
00006bac  ti_sysbios_family_arm_m3_Hwi_excHandlerFunc__C                       
00001131  ti_sysbios_family_arm_m3_Hwi_excHandlerMax__I                        
00004551  ti_sysbios_family_arm_m3_Hwi_excHandler__I                           
00002249  ti_sysbios_family_arm_m3_Hwi_excHardFault__I                         
00006b34  ti_sysbios_family_arm_m3_Hwi_excHookFuncs__A                         
00006bb0  ti_sysbios_family_arm_m3_Hwi_excHookFuncs__C                         
00001611  ti_sysbios_family_arm_m3_Hwi_excMemFault__I                          
00003e69  ti_sysbios_family_arm_m3_Hwi_excNmi__I                               
00003d21  ti_sysbios_family_arm_m3_Hwi_excNoIsr__I                             
000038f1  ti_sysbios_family_arm_m3_Hwi_excReserved__I                          
00003c29  ti_sysbios_family_arm_m3_Hwi_excSvCall__I                            
000014a9  ti_sysbios_family_arm_m3_Hwi_excUsageFault__I                        
00003a11  ti_sysbios_family_arm_m3_Hwi_getStackInfo__E                         
000028d1  ti_sysbios_family_arm_m3_Hwi_initNVIC__E                             
00003409  ti_sysbios_family_arm_m3_Hwi_initStacks__E                           
00006bb4  ti_sysbios_family_arm_m3_Hwi_nullIsrFunc__C                          
e000e000  ti_sysbios_family_arm_m3_Hwi_nvic                                    
00004319  ti_sysbios_family_arm_m3_Hwi_pendSV__I                               
[...]
00004bd1  __TI_zero_init                                                       
00004be1  ti_sysbios_family_arm_lm4_Timer_getMaxTicks__E                       
00004bf1  ti_sysbios_family_arm_m3_TaskSupport_checkStack__E                   
00004bf1  ti_sysbios_knl_Task_SupportProxy_checkStack__E                       
00004c01  ti_sysbios_gates_GateHwi_enter__E                                    
00004c11  ti_sysbios_knl_Queue_Object__get__S                                  
00004c1d  xdc_runtime_Error_init__E                                            
00004c29  xdc_runtime_Gate_enterSystem__E                                      
00004c35  xdc_runtime_Memory_calloc__E                                         
00004c41  xdc_runtime_Memory_getMaxDefaultTypeAlign__E                         
00004c51  task0_func                                                           
00004c61  xdc_runtime_Memory_HeapProxy_alloc__E                                
00004c71  xdc_runtime_Memory_HeapProxy_free__E                                 
00004c7b  ti_sysbios_family_arm_lm4_Timer_masterDisable__I                     
00004c89  ti_sysbios_family_arm_m3_Hwi_doSwiRestore__I                         
00004c91  ti_sysbios_family_arm_m3_Hwi_startup__E                              
00004c91  ti_sysbios_hal_Hwi_HwiProxy_startup__E                               
00004c91  ti_sysbios_hal_Hwi_startup__E                                        
00004c99  ti_sysbios_family_arm_lm4_TimestampProvider_Module_startup__E        
00004ca1  ti_sysbios_family_arm_m3_Hwi_doTaskRestore__I                        
00004ca9  ti_sysbios_gates_GateHwi_leave__E                                    
00004cb1  ti_sysbios_heaps_HeapMem_isBlocking__E                               
00004cb9  ti_sysbios_knl_Queue_Instance_init__E                                
00004cc1  ti_sysbios_knl_Swi_startup__E                                        
00004cc9  ti_sysbios_BIOS_RtsGateProxy_enter__E                                
00004cd1  ti_sysbios_BIOS_RtsGateProxy_leave__E                                
00004cd9  ti_sysbios_family_arm_m3_TaskSupport_Module__startupDone__S          
00004cd9  ti_sysbios_knl_Task_SupportProxy_Module__startupDone__S              
00004ce1  ti_sysbios_gates_GateHwi_query__E                                    
00004ce1  xdc_runtime_Main_Module_GateProxy_query__E                           
00004ce1  xdc_runtime_System_Module_GateProxy_query__E                         
00004ce9  ti_sysbios_BIOS_RtsGateProxy_query__E                                
00004ce9  ti_sysbios_gates_GateMutex_query__E                                  
00004ce9  ti_sysbios_heaps_HeapMem_Module_GateProxy_query__E                   
00004cf1  ti_sysbios_heaps_HeapMem_Module_GateProxy_enter__E                   
00004cf9  ti_sysbios_heaps_HeapMem_Module_GateProxy_leave__E                   
00004d01  ti_sysbios_knl_Clock_TimerProxy_getMaxTicks__E                       
00004d09  ti_sysbios_knl_Queue_destruct                                        
00004d11  ti_sysbios_knl_Semaphore_destruct                                    
00004d19  ti_sysbios_knl_Task_startup__E                                       
00004d21  xdc_runtime_System_Module_GateProxy_enter__E                         
00004d29  xdc_runtime_System_Module_GateProxy_leave__E                         
00004d31  ti_sysbios_BIOS_nullFunc__I                                          
00004d39  ti_sysbios_gates_GateHwi_Instance_init__E                            
00004d41  ti_sysbios_knl_Clock_logTick__E                                      
00004d49  xdc_runtime_Startup_reset__I                                         
00004d4c  xdc_runtime_Text_charTab__A                                          
00006669  xdc_runtime_Error_policy__C                                          
0000666a  ti_catalog_arm_cortexm4_tiva_ce_Boot_Module__id__C                   
0000678c  xdc_runtime_Text_nodeTab__A                                          
00006938  ti_sysbios_heaps_HeapMem_Module__FXNS__C                             
00006960  xdc_runtime_Startup_sfxnTab__A                                       
00006988  ti_sysbios_gates_GateHwi_Module__FXNS__C                             
000069ac  ti_sysbios_gates_GateMutex_Module__FXNS__C                           
000069d0  ti_sysbios_heaps_HeapMem_Object__PARAMS__C                           
000069f4  ti_sysbios_knl_Semaphore_Object__PARAMS__C                           
00006a18  ti_sysbios_gates_GateHwi_Object__DESC__C                             
00006a38  ti_sysbios_gates_GateMutex_Object__DESC__C                           
00006a58  ti_sysbios_heaps_HeapMem_Object__DESC__C                             
00006a78  ti_sysbios_knl_Queue_Object__DESC__C                                 
00006a98  ti_sysbios_knl_Semaphore_Object__DESC__C                             
00006ab8  ti_sysbios_gates_GateHwi_Object__PARAMS__C                           
00006ad0  ti_sysbios_gates_GateMutex_Object__PARAMS__C                         
00006ae8  ti_sysbios_knl_Queue_Object__PARAMS__C                               
00006b00  xdc_runtime_Startup_firstFxns__A                                     
00006b18  xdc_runtime_Startup_sfxnRts__A                                       
00006b34  ti_sysbios_family_arm_m3_Hwi_excHookFuncs__A                         
00006b3c  ti_sysbios_knl_Idle_funcList__C                                      
00006b44  xdc_runtime_Startup_firstFxns__C                                     
00006b4c  xdc_runtime_Startup_lastFxns__C                                      
00006b54  ti_catalog_arm_cortexm4_tiva_ce_Boot_A_mustNotUseEnhancedClockMode__C
00006b58  ti_catalog_arm_cortexm4_tiva_ce_Boot_Module__diagsEnabled__C         
00006b5c  ti_catalog_arm_cortexm4_tiva_ce_Boot_Module__diagsIncluded__C        
00006b60  ti_catalog_arm_cortexm4_tiva_ce_Boot_Module__diagsMask__C            
00006b64  ti_sysbios_family_arm_lm4_Timer_enableFunc__C                        
00006b68  ti_sysbios_family_arm_lm4_Timer_numTimerDevices__C                   
00006b6c  ti_sysbios_family_arm_lm4_Timer_startupNeeded__C                     
00006b70  ti_sysbios_family_arm_lm4_TimestampProvider_Module__diagsEnabled__C  
00006b74  ti_sysbios_family_arm_lm4_TimestampProvider_Module__diagsIncluded__C 
00006b78  ti_sysbios_family_arm_lm4_TimestampProvider_Module__diagsMask__C     
00006b7c  ti_sysbios_family_arm_m3_Hwi_E_NMI__C                                
00006b80  ti_sysbios_family_arm_m3_Hwi_E_busFault__C                           
00006b84  ti_sysbios_family_arm_m3_Hwi_E_debugMon__C                           
00006b88  ti_sysbios_family_arm_m3_Hwi_E_hardFault__C                          
00006b8c  ti_sysbios_family_arm_m3_Hwi_E_memFault__C                           
00006b90  ti_sysbios_family_arm_m3_Hwi_E_noIsr__C                              
00006b94  ti_sysbios_family_arm_m3_Hwi_E_reserved__C                           
00006b98  ti_sysbios_family_arm_m3_Hwi_E_svCall__C                             
00006b9c  ti_sysbios_family_arm_m3_Hwi_E_usageFault__C                         
00006ba0  ti_sysbios_family_arm_m3_Hwi_NUM_INTERRUPTS__C                       
00006ba4  ti_sysbios_family_arm_m3_Hwi_Object__count__C                        
00006ba8  ti_sysbios_family_arm_m3_Hwi_ccr__C                                  
00006bac  ti_sysbios_family_arm_m3_Hwi_excHandlerFunc__C                       
00006bb0  ti_sysbios_family_arm_m3_Hwi_excHookFuncs__C                         
00006bb4  ti_sysbios_family_arm_m3_Hwi_nullIsrFunc__C                          
00006bb8  ti_sysbios_family_arm_m3_Hwi_priGroup__C                             
00006bbc  ti_sysbios_gates_GateMutex_A_badContext__C                           
00006bc0  ti_sysbios_gates_GateMutex_Instance_State_sem__O                     
00006bc4  ti_sysbios_gates_GateMutex_Module__diagsEnabled__C                   
00006bc8  ti_sysbios_gates_GateMutex_Module__diagsIncluded__C                  
00006bcc  ti_sysbios_gates_GateMutex_Module__diagsMask__C                      
00006bd0  ti_sysbios_hal_Hwi_E_stackOverflow__C                                
00006bd4  ti_sysbios_heaps_HeapMem_A_align__C                                  
00006bd8  ti_sysbios_heaps_HeapMem_A_heapSize__C                               
00006bdc  ti_sysbios_heaps_HeapMem_A_invalidFree__C                            
00006be0  ti_sysbios_heaps_HeapMem_A_zeroBlock__C                              
00006be4  ti_sysbios_heaps_HeapMem_E_memory__C                                 
00006be8  ti_sysbios_heaps_HeapMem_Module__diagsEnabled__C                     
00006bec  ti_sysbios_heaps_HeapMem_Module__diagsIncluded__C                    
00006bf0  ti_sysbios_heaps_HeapMem_Module__diagsMask__C                        
00006bf4  ti_sysbios_heaps_HeapMem_Module__gateObj__C                          
00006bf8  ti_sysbios_heaps_HeapMem_Object__count__C                            
00006bfc  ti_sysbios_heaps_HeapMem_reqAlign__C                                 
00006c00  ti_sysbios_knl_Clock_Module_State_clockQ__O                          
00006c04  ti_sysbios_knl_Idle_funcList__A                                      
00006c08  ti_sysbios_knl_Mailbox_Instance_State_freeQue__O                     
00006c0c  ti_sysbios_knl_Mailbox_Object__count__C                              
00006c10  ti_sysbios_knl_Mailbox_maxTypeAlign__C                               
00006c14  ti_sysbios_knl_Semaphore_A_badContext__C                             
00006c18  ti_sysbios_knl_Semaphore_A_noEvents__C                               
00006c1c  ti_sysbios_knl_Semaphore_A_overflow__C                               
00006c20  ti_sysbios_knl_Semaphore_A_pendTaskDisabled__C                       
00006c24  ti_sysbios_knl_Semaphore_Instance_State_pendQ__O                     
00006c28  ti_sysbios_knl_Semaphore_Module__diagsEnabled__C                     
00006c2c  ti_sysbios_knl_Semaphore_Module__diagsIncluded__C                    
00006c30  ti_sysbios_knl_Semaphore_Module__diagsMask__C                        
00006c34  ti_sysbios_knl_Swi_Object__count__C                                  
00006c38  ti_sysbios_knl_Task_E_spOutOfBounds__C                               
00006c3c  ti_sysbios_knl_Task_E_stackOverflow__C                               
00006c40  ti_sysbios_knl_Task_Module_State_inactiveQ__O                        
00006c44  ti_sysbios_knl_Task_Object__count__C                                 
00006c48  ti_sysbios_knl_Task_allBlockedFunc__C                                
00006c4c  ti_sysbios_knl_Task_numConstructedTasks__C                           
00006c50  xdc_runtime_Assert_E_assertFailed__C                                 
00006c54  xdc_runtime_Core_A_initializedParams__C                              
00006c58  xdc_runtime_Core_Module__diagsEnabled__C                             
00006c5c  xdc_runtime_Core_Module__diagsIncluded__C                            
00006c60  xdc_runtime_Core_Module__diagsMask__C                                
00006c64  xdc_runtime_Error_E_memory__C                                        
00006c68  xdc_runtime_Error_Module__diagsEnabled__C                            
00006c6c  xdc_runtime_Error_Module__diagsIncluded__C                           
00006c70  xdc_runtime_Error_Module__diagsMask__C                               
00006c74  xdc_runtime_Error_Module__loggerFxn8__C                              
00006c78  xdc_runtime_Error_Module__loggerObj__C                               
00006c7c  xdc_runtime_Error_policyFxn__C                                       
00006c80  xdc_runtime_Error_raiseHook__C                                       
00006c84  xdc_runtime_IGateProvider_Interface__BASE__C                         
00006c88  xdc_runtime_IHeap_Interface__BASE__C                                 
00006c8c  xdc_runtime_IModule_Interface__BASE__C                               
00006c90  xdc_runtime_Log_L_error__C                                           
00006c94  xdc_runtime_Memory_defaultHeapInstance__C                            
00006c98  xdc_runtime_Startup_execImpl__C                                      
00006c9c  xdc_runtime_Startup_maxPasses__C                                     
00006ca0  xdc_runtime_Startup_sfxnRts__C                                       
00006ca4  xdc_runtime_Startup_sfxnTab__C                                       
00006ca8  xdc_runtime_SysMin_bufSize__C                                        
00006cac  xdc_runtime_SysMin_outputFunc__C                                     
00006cb0  xdc_runtime_System_Module__gateObj__C                                
00006cb4  xdc_runtime_System_abortFxn__C                                       
00006cb8  xdc_runtime_System_exitFxn__C                                        
00006cbc  xdc_runtime_System_extendFxn__C                                      
00006cc0  xdc_runtime_System_maxAtexitHandlers__C                              
00006cc4  xdc_runtime_Text_charTab__C                                          
00006cc8  xdc_runtime_Text_nameEmpty__C                                        
00006ccc  xdc_runtime_Text_nameStatic__C                                       
00006cd0  xdc_runtime_Text_nameUnknown__C                                      
00006cd4  xdc_runtime_Text_nodeTab__C                                          
00006cd8  xdc_runtime_Text_visitRopeFxn__C                                     
00006cdc  ti_sysbios_family_arm_lm4_TimestampProvider_Module__id__C            
00006cde  ti_sysbios_family_arm_lm4_TimestampProvider_useClockTimer__C         
00006ce0  ti_sysbios_family_arm_m3_Hwi_Module__id__C                           
00006ce2  ti_sysbios_gates_GateMutex_Module__id__C                             
00006ce4  ti_sysbios_hal_Hwi_Module__id__C                                     
00006ce6  ti_sysbios_heaps_HeapMem_Module__id__C                               
00006ce8  ti_sysbios_knl_Semaphore_Module__id__C                               
00006cea  ti_sysbios_knl_Task_Module__id__C                                    
00006cec  xdc_runtime_Core_Module__id__C                                       
00006cee  xdc_runtime_Error_Module__loggerDefined__C                           
00006cf0  xdc_runtime_Error_maxDepth__C                                        
00006cf2  xdc_runtime_Memory_Module__id__C                                     
00006cf4  xdc_runtime_SysMin_flushAtExit__C                                    
00006cf6  xdc_runtime_Text_charCnt__C                                          
00006cf8  xdc_runtime_Text_isLoaded__C                                         
00006cfa  xdc_runtime_Text_registryModsLastId__C                               
00006cfc  xdc_runtime_Text_unnamedModsLastId__C                                
00006d00  __TI_static_base__                                                   
00006ee8  __TI_Handler_Table_Base                                              
00006ef4  __TI_Handler_Table_Limit                                             
00006f08  __TI_CINIT_Base                                                      
00006f20  __TI_CINIT_Limit                                                     
20000000  ti_sysbios_family_arm_m3_Hwi_ramVectors                              
20000360  gADCBuffer                                                           
20001360  ti_sysbios_knl_Task_Instance_State_0_stack__A                        
20001560  ti_sysbios_knl_Task_Instance_State_1_stack__A                        
20001760  ti_sysbios_heaps_HeapMem_Instance_State_0_buf__A                     
20001b60  ti_sysbios_family_arm_m3_Hwi_dispatchTable                           
20001ec0  __CIOBUF_                                                            
20001fe0  xdc_runtime_SysMin_Module_State_0_outbuf__A                          
20002060  parmbuf                                                              
20002068  gADCErrors                                                           
20002070  __stack                                                              
20002870  __STACK_END                                                          
20002870  ti_sysbios_knl_Task_Object__table__V                                 
20002908  ti_sysbios_knl_Swi_Module_State_0_readyQ__A                          
20002988  ti_sysbios_knl_Task_Module_State_0_readyQ__A                         
20002a08  ti_sysbios_knl_Task_Module__state__V                                 
20002a4c  ti_sysbios_family_arm_lm4_Timer_Module_State_0_device__A             
20002a8c  ti_sysbios_family_arm_lm4_Timer_Object__table__V                     
20002acc  ti_sysbios_gates_GateMutex_Object__table__V                          
20002b04  ti_sysbios_family_arm_m3_Hwi_Module__state__V                        
20002b38  ti_sysbios_family_arm_m3_Hwi_Object__table__V                        
20002b68  ti_sysbios_knl_Swi_Object__table__V                                  
20002b98  ti_sysbios_knl_Clock_Module__state__V                                
20002bc4  ti_sysbios_BIOS_Module__state__V                                     
20002be8  ti_sysbios_family_arm_lm4_Timer_Module_State_0_handles__A            
20002c08  ti_sysbios_knl_Swi_Module__state__V                                  
20002c24  ti_sysbios_heaps_HeapMem_Object__table__V                            
20002c3c  ti_sysbios_family_arm_lm4_Timer_Module__state__V                     
20002c48  xdc_runtime_SysMin_Module__state__V                                  
20002c54  _lock                                                                
20002c58  _unlock                                                              
20002c5c  ti_sysbios_family_arm_lm4_TimestampProvider_Module__state__V         
20002c64  ti_sysbios_gates_GateHwi_Module__root__V                             
20002c6c  ti_sysbios_gates_GateMutex_Module__root__V                           
20002c74  ti_sysbios_heaps_HeapMem_Module__root__V                             
20002c7c  ti_sysbios_knl_Queue_Module__root__V                                 
20002c84  ti_sysbios_knl_Semaphore_Module__root__V                             
20002c8c  xdc_runtime_Registry_Module__state__V                                
20002c94  xdc_runtime_Startup_Module__state__V                                 
20002c9c  xdc_runtime_System_Module_State_0_atexitHandlers__A                  
20002ca4  xdc_runtime_System_Module__state__V                                  
20002cac  main_func_sp                                                         
20002cb0  gADCBufferIndex                                                      
20002cb4  ti_sysbios_family_arm_m3_Hwi_Module_State_0_excContext__A            
20002cb8  ti_sysbios_family_arm_m3_Hwi_Module_State_0_excStack__A              
20002cbc  ti_sysbios_gates_GateHwi_Object__table__V                            
20002cc0  ti_sysbios_knl_Task_Module_State_0_idleTask__A                       
20002cc4  xdc_runtime_Memory_Module__state__V                                  
20002cc8  ti_sysbios_family_arm_m3_Hwi_Module_State_0_excActive__A             
20002cca  xdc_runtime_Error_Module__state__V                                   
e000e000  ti_sysbios_family_arm_m3_Hwi_nvic                                    
ffffffff  __TI_pprof_out_hndl                                                  
ffffffff  __TI_prof_data_size                                                  
ffffffff  __TI_prof_data_start                                                 
ffffffff  __binit__                                                            
ffffffff  __c_args__                                                           
ffffffff  binit                                                                
UNDEFED   SHT$$INIT_ARRAY$$Base                                                
UNDEFED   SHT$$INIT_ARRAY$$Limit                                               

[520 symbols]
